###############################################################################
#                                                                             #
# IAR ELF Linker V6.10.1.52143/W32 for ARM              19/Jan/2012  11:09:17 #
# Copyright 2007-2010 IAR Systems AB.                                         #
#                                                                             #
#    Output file  =  F:\Work\S&G2000\Firmware\DTG_EMS_SYSTEM\Project\EWARM\ST #
#                    M3220F_EVAL\Exe\Project.out                              #
#    Map file     =  F:\Work\S&G2000\Firmware\DTG_EMS_SYSTEM\Project\EWARM\ST #
#                    M3220F_EVAL\List\Project.map                             #
#    Command line =  F:\Work\S&G2000\Firmware\DTG_EMS_SYSTEM\Project\EWARM\ST #
#                    M3220F_EVAL\Obj\Adc_Process.o                            #
#                    F:\Work\S&G2000\Firmware\DTG_EMS_SYSTEM\Project\EWARM\ST #
#                    M3220F_EVAL\Obj\DAC_Control.o                            #
#                    F:\Work\S&G2000\Firmware\DTG_EMS_SYSTEM\Project\EWARM\ST #
#                    M3220F_EVAL\Obj\Display.o F:\Work\S&G2000\Firmware\DTG_E #
#                    MS_SYSTEM\Project\EWARM\STM3220F_EVAL\Obj\Drive_Process. #
#                    o F:\Work\S&G2000\Firmware\DTG_EMS_SYSTEM\Project\EWARM\ #
#                    STM3220F_EVAL\Obj\Eeprom.o F:\Work\S&G2000\Firmware\DTG_ #
#                    EMS_SYSTEM\Project\EWARM\STM3220F_EVAL\Obj\Ems_System.o  #
#                    F:\Work\S&G2000\Firmware\DTG_EMS_SYSTEM\Project\EWARM\ST #
#                    M3220F_EVAL\Obj\GPSLIB.o F:\Work\S&G2000\Firmware\DTG_EM #
#                    S_SYSTEM\Project\EWARM\STM3220F_EVAL\Obj\GraphicLcd.o    #
#                    F:\Work\S&G2000\Firmware\DTG_EMS_SYSTEM\Project\EWARM\ST #
#                    M3220F_EVAL\Obj\Key_Process.o                            #
#                    F:\Work\S&G2000\Firmware\DTG_EMS_SYSTEM\Project\EWARM\ST #
#                    M3220F_EVAL\Obj\Log.o F:\Work\S&G2000\Firmware\DTG_EMS_S #
#                    YSTEM\Project\EWARM\STM3220F_EVAL\Obj\Memory.o           #
#                    F:\Work\S&G2000\Firmware\DTG_EMS_SYSTEM\Project\EWARM\ST #
#                    M3220F_EVAL\Obj\PC_COM.o F:\Work\S&G2000\Firmware\DTG_EM #
#                    S_SYSTEM\Project\EWARM\STM3220F_EVAL\Obj\RTC.o           #
#                    F:\Work\S&G2000\Firmware\DTG_EMS_SYSTEM\Project\EWARM\ST #
#                    M3220F_EVAL\Obj\Serial.o F:\Work\S&G2000\Firmware\DTG_EM #
#                    S_SYSTEM\Project\EWARM\STM3220F_EVAL\Obj\TestMode.o      #
#                    F:\Work\S&G2000\Firmware\DTG_EMS_SYSTEM\Project\EWARM\ST #
#                    M3220F_EVAL\Obj\Tilt.o F:\Work\S&G2000\Firmware\DTG_EMS_ #
#                    SYSTEM\Project\EWARM\STM3220F_EVAL\Obj\Voice.o           #
#                    F:\Work\S&G2000\Firmware\DTG_EMS_SYSTEM\Project\EWARM\ST #
#                    M3220F_EVAL\Obj\Wifi.o F:\Work\S&G2000\Firmware\DTG_EMS_ #
#                    SYSTEM\Project\EWARM\STM3220F_EVAL\Obj\ccsbcs.o          #
#                    F:\Work\S&G2000\Firmware\DTG_EMS_SYSTEM\Project\EWARM\ST #
#                    M3220F_EVAL\Obj\fattime.o F:\Work\S&G2000\Firmware\DTG_E #
#                    MS_SYSTEM\Project\EWARM\STM3220F_EVAL\Obj\ff.o           #
#                    F:\Work\S&G2000\Firmware\DTG_EMS_SYSTEM\Project\EWARM\ST #
#                    M3220F_EVAL\Obj\flash_if.o F:\Work\S&G2000\Firmware\DTG_ #
#                    EMS_SYSTEM\Project\EWARM\STM3220F_EVAL\Obj\fsmc_nand.o   #
#                    F:\Work\S&G2000\Firmware\DTG_EMS_SYSTEM\Project\EWARM\ST #
#                    M3220F_EVAL\Obj\i2c_ee.o F:\Work\S&G2000\Firmware\DTG_EM #
#                    S_SYSTEM\Project\EWARM\STM3220F_EVAL\Obj\main.o          #
#                    F:\Work\S&G2000\Firmware\DTG_EMS_SYSTEM\Project\EWARM\ST #
#                    M3220F_EVAL\Obj\misc.o F:\Work\S&G2000\Firmware\DTG_EMS_ #
#                    SYSTEM\Project\EWARM\STM3220F_EVAL\Obj\nand_if.o         #
#                    F:\Work\S&G2000\Firmware\DTG_EMS_SYSTEM\Project\EWARM\ST #
#                    M3220F_EVAL\Obj\spi_flash.o                              #
#                    F:\Work\S&G2000\Firmware\DTG_EMS_SYSTEM\Project\EWARM\ST #
#                    M3220F_EVAL\Obj\startup_stm32f2xx.o                      #
#                    F:\Work\S&G2000\Firmware\DTG_EMS_SYSTEM\Project\EWARM\ST #
#                    M3220F_EVAL\Obj\stm32f2xx_adc.o                          #
#                    F:\Work\S&G2000\Firmware\DTG_EMS_SYSTEM\Project\EWARM\ST #
#                    M3220F_EVAL\Obj\stm32f2xx_can.o                          #
#                    F:\Work\S&G2000\Firmware\DTG_EMS_SYSTEM\Project\EWARM\ST #
#                    M3220F_EVAL\Obj\stm32f2xx_crc.o                          #
#                    F:\Work\S&G2000\Firmware\DTG_EMS_SYSTEM\Project\EWARM\ST #
#                    M3220F_EVAL\Obj\stm32f2xx_cryp.o                         #
#                    F:\Work\S&G2000\Firmware\DTG_EMS_SYSTEM\Project\EWARM\ST #
#                    M3220F_EVAL\Obj\stm32f2xx_dac.o                          #
#                    F:\Work\S&G2000\Firmware\DTG_EMS_SYSTEM\Project\EWARM\ST #
#                    M3220F_EVAL\Obj\stm32f2xx_dbgmcu.o                       #
#                    F:\Work\S&G2000\Firmware\DTG_EMS_SYSTEM\Project\EWARM\ST #
#                    M3220F_EVAL\Obj\stm32f2xx_dcmi.o                         #
#                    F:\Work\S&G2000\Firmware\DTG_EMS_SYSTEM\Project\EWARM\ST #
#                    M3220F_EVAL\Obj\stm32f2xx_dma.o                          #
#                    F:\Work\S&G2000\Firmware\DTG_EMS_SYSTEM\Project\EWARM\ST #
#                    M3220F_EVAL\Obj\stm32f2xx_exti.o                         #
#                    F:\Work\S&G2000\Firmware\DTG_EMS_SYSTEM\Project\EWARM\ST #
#                    M3220F_EVAL\Obj\stm32f2xx_flash.o                        #
#                    F:\Work\S&G2000\Firmware\DTG_EMS_SYSTEM\Project\EWARM\ST #
#                    M3220F_EVAL\Obj\stm32f2xx_fsmc.o                         #
#                    F:\Work\S&G2000\Firmware\DTG_EMS_SYSTEM\Project\EWARM\ST #
#                    M3220F_EVAL\Obj\stm32f2xx_gpio.o                         #
#                    F:\Work\S&G2000\Firmware\DTG_EMS_SYSTEM\Project\EWARM\ST #
#                    M3220F_EVAL\Obj\stm32f2xx_hash.o                         #
#                    F:\Work\S&G2000\Firmware\DTG_EMS_SYSTEM\Project\EWARM\ST #
#                    M3220F_EVAL\Obj\stm32f2xx_i2c.o                          #
#                    F:\Work\S&G2000\Firmware\DTG_EMS_SYSTEM\Project\EWARM\ST #
#                    M3220F_EVAL\Obj\stm32f2xx_it.o                           #
#                    F:\Work\S&G2000\Firmware\DTG_EMS_SYSTEM\Project\EWARM\ST #
#                    M3220F_EVAL\Obj\stm32f2xx_iwdg.o                         #
#                    F:\Work\S&G2000\Firmware\DTG_EMS_SYSTEM\Project\EWARM\ST #
#                    M3220F_EVAL\Obj\stm32f2xx_pwr.o                          #
#                    F:\Work\S&G2000\Firmware\DTG_EMS_SYSTEM\Project\EWARM\ST #
#                    M3220F_EVAL\Obj\stm32f2xx_rcc.o                          #
#                    F:\Work\S&G2000\Firmware\DTG_EMS_SYSTEM\Project\EWARM\ST #
#                    M3220F_EVAL\Obj\stm32f2xx_rng.o                          #
#                    F:\Work\S&G2000\Firmware\DTG_EMS_SYSTEM\Project\EWARM\ST #
#                    M3220F_EVAL\Obj\stm32f2xx_rtc.o                          #
#                    F:\Work\S&G2000\Firmware\DTG_EMS_SYSTEM\Project\EWARM\ST #
#                    M3220F_EVAL\Obj\stm32f2xx_sdio.o                         #
#                    F:\Work\S&G2000\Firmware\DTG_EMS_SYSTEM\Project\EWARM\ST #
#                    M3220F_EVAL\Obj\stm32f2xx_spi.o                          #
#                    F:\Work\S&G2000\Firmware\DTG_EMS_SYSTEM\Project\EWARM\ST #
#                    M3220F_EVAL\Obj\stm32f2xx_syscfg.o                       #
#                    F:\Work\S&G2000\Firmware\DTG_EMS_SYSTEM\Project\EWARM\ST #
#                    M3220F_EVAL\Obj\stm32f2xx_tim.o                          #
#                    F:\Work\S&G2000\Firmware\DTG_EMS_SYSTEM\Project\EWARM\ST #
#                    M3220F_EVAL\Obj\stm32f2xx_usart.o                        #
#                    F:\Work\S&G2000\Firmware\DTG_EMS_SYSTEM\Project\EWARM\ST #
#                    M3220F_EVAL\Obj\stm32f2xx_wwdg.o                         #
#                    F:\Work\S&G2000\Firmware\DTG_EMS_SYSTEM\Project\EWARM\ST #
#                    M3220F_EVAL\Obj\system_stm32f2xx.o                       #
#                    F:\Work\S&G2000\Firmware\DTG_EMS_SYSTEM\Project\EWARM\ST #
#                    M3220F_EVAL\Obj\usb_bsp.o F:\Work\S&G2000\Firmware\DTG_E #
#                    MS_SYSTEM\Project\EWARM\STM3220F_EVAL\Obj\usb_core.o     #
#                    F:\Work\S&G2000\Firmware\DTG_EMS_SYSTEM\Project\EWARM\ST #
#                    M3220F_EVAL\Obj\usb_dcd.o F:\Work\S&G2000\Firmware\DTG_E #
#                    MS_SYSTEM\Project\EWARM\STM3220F_EVAL\Obj\usb_dcd_int.o  #
#                    F:\Work\S&G2000\Firmware\DTG_EMS_SYSTEM\Project\EWARM\ST #
#                    M3220F_EVAL\Obj\usb_hcd.o F:\Work\S&G2000\Firmware\DTG_E #
#                    MS_SYSTEM\Project\EWARM\STM3220F_EVAL\Obj\usb_hcd_int.o  #
#                    F:\Work\S&G2000\Firmware\DTG_EMS_SYSTEM\Project\EWARM\ST #
#                    M3220F_EVAL\Obj\usbd_cdc_core.o                          #
#                    F:\Work\S&G2000\Firmware\DTG_EMS_SYSTEM\Project\EWARM\ST #
#                    M3220F_EVAL\Obj\usbd_cdc_vcp.o                           #
#                    F:\Work\S&G2000\Firmware\DTG_EMS_SYSTEM\Project\EWARM\ST #
#                    M3220F_EVAL\Obj\usbd_core.o                              #
#                    F:\Work\S&G2000\Firmware\DTG_EMS_SYSTEM\Project\EWARM\ST #
#                    M3220F_EVAL\Obj\usbd_desc.o                              #
#                    F:\Work\S&G2000\Firmware\DTG_EMS_SYSTEM\Project\EWARM\ST #
#                    M3220F_EVAL\Obj\usbd_ioreq.o                             #
#                    F:\Work\S&G2000\Firmware\DTG_EMS_SYSTEM\Project\EWARM\ST #
#                    M3220F_EVAL\Obj\usbd_req.o F:\Work\S&G2000\Firmware\DTG_ #
#                    EMS_SYSTEM\Project\EWARM\STM3220F_EVAL\Obj\usbd_usr.o    #
#                    F:\Work\S&G2000\Firmware\DTG_EMS_SYSTEM\Project\EWARM\ST #
#                    M3220F_EVAL\Obj\usbh_core.o                              #
#                    F:\Work\S&G2000\Firmware\DTG_EMS_SYSTEM\Project\EWARM\ST #
#                    M3220F_EVAL\Obj\usbh_hcs.o F:\Work\S&G2000\Firmware\DTG_ #
#                    EMS_SYSTEM\Project\EWARM\STM3220F_EVAL\Obj\usbh_ioreq.o  #
#                    F:\Work\S&G2000\Firmware\DTG_EMS_SYSTEM\Project\EWARM\ST #
#                    M3220F_EVAL\Obj\usbh_msc_bot.o                           #
#                    F:\Work\S&G2000\Firmware\DTG_EMS_SYSTEM\Project\EWARM\ST #
#                    M3220F_EVAL\Obj\usbh_msc_core.o                          #
#                    F:\Work\S&G2000\Firmware\DTG_EMS_SYSTEM\Project\EWARM\ST #
#                    M3220F_EVAL\Obj\usbh_msc_fatfs.o                         #
#                    F:\Work\S&G2000\Firmware\DTG_EMS_SYSTEM\Project\EWARM\ST #
#                    M3220F_EVAL\Obj\usbh_msc_scsi.o                          #
#                    F:\Work\S&G2000\Firmware\DTG_EMS_SYSTEM\Project\EWARM\ST #
#                    M3220F_EVAL\Obj\usbh_stdreq.o                            #
#                    F:\Work\S&G2000\Firmware\DTG_EMS_SYSTEM\Project\EWARM\ST #
#                    M3220F_EVAL\Obj\usbh_usr.o --redirect                    #
#                    _Scanf=_ScanfSmall -o F:\Work\S&G2000\Firmware\DTG_EMS_S #
#                    YSTEM\Project\EWARM\STM3220F_EVAL\Exe\Project.out --map  #
#                    F:\Work\S&G2000\Firmware\DTG_EMS_SYSTEM\Project\EWARM\ST #
#                    M3220F_EVAL\List\Project.map --log                       #
#                    libraries,initialization,modules,redirects,sections,     #
#                    veneers,unused_fragments --log_file                      #
#                    F:\Work\S&G2000\Firmware\DTG_EMS_SYSTEM\Project\EWARM\ST #
#                    M3220F_EVAL\List\Project.log --config                    #
#                    F:\Work\S&G2000\Firmware\DTG_EMS_SYSTEM\Project\EWARM\st #
#                    m32f2xx_flash.icf --semihosting --entry                  #
#                    __iar_program_start                                      #
#                                                                             #
#                                                                             #
###############################################################################

*******************************************************************************
*** RUNTIME MODEL ATTRIBUTES
***

CppFlavor       = *
__SystemLibrary = DLib


*******************************************************************************
*** PLACEMENT SUMMARY
***

"A1":  place at 0x08010000 { ro section .intvec };
"P1":  place in [from 0x08010000 to 0x080fffff] { ro };
"P2":  place in [from 0x20000000 to 0x20020000] { rw, block CSTACK, block HEAP };

  Section             Kind        Address     Size  Object
  -------             ----        -------     ----  ------
"A1":                                        0x184
  .intvec             ro code  0x08010000    0x184  startup_stm32f2xx.o [1]
                             - 0x08010184    0x184

"P1":                                      0x25b50
  .text               ro code  0x08010184   0x5acc  GraphicLcd.o [1]
  .text               ro code  0x08015c50    0x116  stm32f2xx_gpio.o [1]
  .text               ro code  0x08015d66     0x22  zero_init3.o [5]
  .text               ro code  0x08015d88    0x2dc  stm32f2xx_rcc.o [1]
  .text               ro code  0x08016064    0x1fc  stm32f2xx_tim.o [1]
  .text               ro code  0x08016260   0x19e4  main.o [1]
  .text               ro code  0x08017c44     0x14  usbh_usr.o [1]
  .text               ro code  0x08017c58     0x24  printf.o [3]
  .text               ro code  0x08017c7c     0x38  stm32f2xx_iwdg.o [1]
  .text               ro code  0x08017cb4     0x54  stm32f2xx_syscfg.o [1]
  .text               ro code  0x08017d08     0xc8  stm32f2xx_exti.o [1]
  .text               ro code  0x08017dd0     0x98  misc.o [1]
  .text               ro code  0x08017e68     0x30  I32ToFlt.o [4]
  .text               ro code  0x08017e98     0xfc  FltDiv.o [4]
  .text               ro code  0x08017f94     0x24  FltCmpGe.o [4]
  .text               ro code  0x08017fb8     0x24  FltCmpLe.o [4]
  .text               ro code  0x08017fdc     0x2e  I32ToDbl.o [4]
  .text               ro code  0x0801800a      0xa  usbd_usr.o [1]
  .text               ro code  0x08018014    0x246  DblDiv.o [4]
  .text               ro code  0x0801825a      0xa  xsprout.o [3]
  .text               ro code  0x08018264     0x56  DblToI32.o [4]
  .text               ro code  0x080182ba      0xe  usbh_usr.o [1]
  .text               ro code  0x080182c8     0xd8  FltMul.o [4]
  .text               ro code  0x080183a0     0x24  FltToU32.o [4]
  .text               ro code  0x080183c4     0x82  FltAdd.o [4]
  .text               ro code  0x08018448    0x530  Voice.o [1]
  .text               ro code  0x08018978    0x738  usbh_core.o [1]
  .text               ro code  0x080190b0    0x280  usbd_core.o [1]
  .text               ro code  0x08019330    0x124  system_stm32f2xx.o [1]
  .text               ro code  0x08019454   0x1e44  Ems_System.o [1]
  .text               ro code  0x0801b298    0x638  i2c_ee.o [1]
  .text               ro code  0x0801b8d0    0x598  fsmc_nand.o [1]
  .text               ro code  0x0801be68   0x2b20  Key_Process.o [1]
  .text               ro code  0x0801e988    0x598  Serial.o [1]
  .text               ro code  0x0801ef20    0x340  Adc_Process.o [1]
  .text               ro code  0x0801f260    0x440  spi_flash.o [1]
  .text               ro code  0x0801f6a0    0x734  Tilt.o [1]
  .text               ro code  0x0801fdd4    0x1b8  DAC_Control.o [1]
  .text               ro code  0x0801ff8c     0xac  stm32f2xx_dac.o [1]
  .text               ro code  0x08020038     0xa0  Log.o [1]
  .text               ro code  0x080200d8    0x4f4  Eeprom.o [1]
  .text               ro code  0x080205cc    0x4bc  RTC.o [1]
  .text               ro code  0x08020a88    0xc60  Memory.o [1]
  .text               ro code  0x080216e8    0x4f4  Drive_Process.o [1]
  .text               ro code  0x08021bdc   0x14c0  Wifi.o [1]
  .text               ro code  0x0802309c     0x34  sprintf.o [3]
  .text               ro code  0x080230d0    0xb68  TestMode.o [1]
  .text               ro code  0x08023c38    0xa30  GPSLIB.o [1]
  .text               ro code  0x08024668   0x1474  PC_COM.o [1]
  .text               ro code  0x08025adc   0x2c58  Display.o [1]
  .text               ro code  0x08028734    0x1e4  stm32f2xx_usart.o [1]
  .text               ro code  0x08028918     0x66  ABImemset.o [5]
  .text               ro code  0x08028980   0x1076  xprintffull.o [3]
  .text               ro code  0x080299f8     0x70  ABImemcpy.o [5]
  .text               ro code  0x08029a68     0xe2  FltSub.o [4]
  .text               ro code  0x08029b4c    0x210  usb_bsp.o [1]
  .text               ro code  0x08029d5c     0xc8  usb_hcd.o [1]
  .text               ro code  0x08029e24    0x18a  usbh_hcs.o [1]
  .text               ro code  0x08029fae    0x360  usbh_stdreq.o [1]
  .text               ro code  0x0802a30e    0x20a  usbh_ioreq.o [1]
  .text               ro code  0x0802a518    0x25c  usb_dcd.o [1]
  .text               ro code  0x0802a774    0x608  usbd_req.o [1]
  .text               ro code  0x0802ad7c     0xc4  usbd_ioreq.o [1]
  .text               ro code  0x0802ae40    0x22a  stm32f2xx_i2c.o [1]
  .text               ro code  0x0802b06c     0xf8  stm32f2xx_fsmc.o [1]
  .text               ro code  0x0802b164     0x62  memcmp.o [5]
  .text               ro code  0x0802b1c8     0x44  strcpy.o [5]
  .text               ro code  0x0802b20c      0x8  atoi.o [3]
  .text               ro code  0x0802b214    0x23c  stm32f2xx_dma.o [1]
  .text               ro code  0x0802b450    0x1c0  stm32f2xx_adc.o [1]
  .text               ro code  0x0802b610     0x44  FltToS32.o [4]
  .text               ro code  0x0802b654     0x78  stm32f2xx_spi.o [1]
  .text               ro code  0x0802b6cc     0x4e  FltToDbl.o [4]
  .text               ro code  0x0802b71c     0x8c  atan.o [4]
  .text               ro code  0x0802b7a8    0x1a2  DblMul.o [4]
  .text               ro code  0x0802b94c     0x90  DblToFlt.o [4]
  .text               ro code  0x0802b9dc     0x1c  FltCmpEq.o [4]
  .text               ro code  0x0802b9f8      0x8  abs.o [3]
  .text               ro code  0x0802ba00    0x21c  nand_if.o [1]
  .text               ro code  0x0802bc1c      0xc  stm32f2xx_pwr.o [1]
  .text               ro code  0x0802bc28    0x428  stm32f2xx_rtc.o [1]
  .text               ro code  0x0802c050      0x8  Wifi.o [1]
  .text               ro code  0x0802c058      0x8  atof.o [4]
  .text               ro code  0x0802c060     0x36  strlen.o [5]
  .text               ro code  0x0802c096     0x20  xmbtowc.o [3]
  .text               ro code  0x0802c0b8     0x16  strchr.o [5]
  .text               ro code  0x0802c0d0     0x58  memchr.o [5]
  .text               ro code  0x0802c128      0xa  xmbcurmax.o [3]
  .text               ro code  0x0802c134   0x12ec  dlmalloc.o [3]
  .text               ro code  0x0802d420     0x1a  xwctomb.o [3]
  .text               ro code  0x0802d43c    0x12e  I64DivMod.o [5]
  .text               ro code  0x0802d56c     0x44  xdnorm.o [4]
  .text               ro code  0x0802d5b0     0x2e  DblCmpLe.o [4]
  .text               ro code  0x0802d5e0     0x2e  DblCmpGe.o [4]
  .text               ro code  0x0802d610    0x118  xdscale.o [4]
  .text               ro code  0x0802d728    0x17e  DblSub.o [4]
  .text               ro code  0x0802d8a8     0x6c  localeconv.o [3]
  .text               ro code  0x0802d914      0xe  div.o [3]
  .text               ro code  0x0802d924   0x104c  usb_core.o [1]
  .text               ro code  0x0802e970     0x5a  usbd_desc.o [1]
  .text               ro code  0x0802e9cc    0x174  xstoul.o [3]
  .text               ro code  0x0802eb40     0x38  xdtest.o [4]
  .text               ro code  0x0802eb78    0x1f8  xatan.o [4]
  .text               ro code  0x0802ed70     0x30  strstr.o [3]
  .text               ro code  0x0802eda0    0x144  xstod.o [4]
  .text               ro code  0x0802eee4     0x24  setlocale.o [3]
  .text               ro code  0x0802ef08     0x5c  xencoding_sb.o [3]
  .text               ro code  0x0802ef64      0xa  abort.o [3]
  .text               ro code  0x0802ef70     0x28  xgetmemchunk.o [3]
  .text               ro code  0x0802ef98     0xb4  xsyslock.o [3]
  .text               ro code  0x0802f04c      0x2  I64DivZer.o [5]
  .text               ro code  0x0802f050     0xe6  DblAdd.o [4]
  .text               ro code  0x0802f136      0x2  xtls.o [3]
  .text               ro code  0x0802f138     0x28  isxxx.o [3]
  .text               ro code  0x0802f160     0x14  tolower.o [3]
  .text               ro code  0x0802f174      0xc  errno.o [3]
  .text               ro code  0x0802f180    0x134  xstopfx.o [3]
  .text               ro code  0x0802f2b4    0x1b8  xstoflt.o [3]
  .text               ro code  0x0802f470    0x1e0  xdtento.o [4]
  .text               ro code  0x0802f650    0x20c  xstoxflt.o [3]
  .text               ro code  0x0802f85c     0x14  exit.o [6]
  .text               ro code  0x0802f870      0x4  xmtx2.o [3]
  .text               ro code  0x0802f874      0x8  xmtx.o [3]
  .text               ro code  0x0802f87c     0x16  xlocale_c.o [3]
  .text               ro code  0x0802f892     0x14  xlocale_c.o [3]
  .text               ro code  0x0802f8a6      0xc  xlocale_c.o [3]
  .text               ro code  0x0802f8b4     0x20  DblCmpEq.o [4]
  .text               ro code  0x0802f8d4   0x1ca0  ff.o [1]
  .text               ro code  0x08031574    0x14c  usbh_msc_fatfs.o [1]
  .text               ro code  0x080316c0    0x550  ccsbcs.o [1]
  .text               ro code  0x08031c10      0x4  fattime.o [1]
  .text               ro code  0x08031c14    0x5c4  usbh_msc_scsi.o [1]
  .text               ro code  0x080321d8    0x46c  usbh_msc_bot.o [1]
  .text               ro code  0x08032644   0x12f0  usbh_usr.o [1]
  .text               ro code  0x08033934      0x6  ABImemclr4.o [5]
  .text               ro code  0x0803393c    0x164  flash_if.o [1]
  .text               ro code  0x08033aa0     0x38  ABImemset48.o [5]
  .text               ro code  0x08033ad8    0x19a  stm32f2xx_flash.o [1]
  .text               ro code  0x08033c72    0xb46  usb_hcd_int.o [1]
  .text               ro code  0x080347b8    0x5ca  usb_dcd_int.o [1]
  .text               ro code  0x08034d84    0x3bc  usbh_msc_core.o [1]
  .text               ro code  0x08035140    0x38c  usbd_cdc_core.o [1]
  .text               ro code  0x080354cc    0x264  stm32f2xx_it.o [1]
  .text               ro code  0x08035730     0x20  stm32f2xx_wwdg.o [1]
  .text               ro code  0x08035750     0xa8  packbits_init3.o [5]
  .text               ro code  0x080357f8     0x2c  usbd_cdc_vcp.o [1]
  .text               ro code  0x08035824     0x2c  data_init3.o [5]
  .iar.init_table     const    0x08035850     0x2c  - Linker created -
  .text               ro code  0x0803587c     0x16  cmain.o [5]
  .text               ro code  0x08035892      0x4  low_level_init.o [3]
  .text               ro code  0x08035896      0x8  exit.o [3]
  .text               ro code  0x080358a0      0xe  cexit.o [5]
  .text               ro code  0x080358ae     0x16  xprout.o [3]
  .text               ro code  0x080358c4      0xc  putchar.o [3]
  .text               ro code  0x080358d0     0x10  startup_stm32f2xx.o [1]
  .text               ro code  0x080358e0      0xc  cstartup_M.o [5]
  .text               ro code  0x080358ec      0x4  startup_stm32f2xx.o [1]
  .text               ro code  0x080358f0      0x4  startup_stm32f2xx.o [1]
  .text               ro code  0x080358f4      0x4  startup_stm32f2xx.o [1]
  .text               ro code  0x080358f8      0x4  startup_stm32f2xx.o [1]
  .text               ro code  0x080358fc      0x4  startup_stm32f2xx.o [1]
  .text               ro code  0x08035900      0x4  startup_stm32f2xx.o [1]
  .text               ro code  0x08035904      0x4  startup_stm32f2xx.o [1]
  .text               ro code  0x08035908      0x4  startup_stm32f2xx.o [1]
  .text               ro code  0x0803590c      0x4  startup_stm32f2xx.o [1]
  .text               ro code  0x08035910      0x4  startup_stm32f2xx.o [1]
  .text               ro code  0x08035914      0x4  startup_stm32f2xx.o [1]
  .text               ro code  0x08035918      0x4  startup_stm32f2xx.o [1]
  .text               ro code  0x0803591c      0x4  startup_stm32f2xx.o [1]
  .text               ro code  0x08035920      0x4  startup_stm32f2xx.o [1]
  .text               ro code  0x08035924      0x4  startup_stm32f2xx.o [1]
  .text               ro code  0x08035928      0x4  startup_stm32f2xx.o [1]
  .text               ro code  0x0803592c      0x4  startup_stm32f2xx.o [1]
  .text               ro code  0x08035930      0x4  startup_stm32f2xx.o [1]
  .text               ro code  0x08035934      0x4  startup_stm32f2xx.o [1]
  .text               ro code  0x08035938      0x4  startup_stm32f2xx.o [1]
  .text               ro code  0x0803593c      0x4  startup_stm32f2xx.o [1]
  .text               ro code  0x08035940      0x4  startup_stm32f2xx.o [1]
  .text               ro code  0x08035944      0x4  startup_stm32f2xx.o [1]
  .text               ro code  0x08035948      0x4  startup_stm32f2xx.o [1]
  .text               ro code  0x0803594c      0x4  startup_stm32f2xx.o [1]
  .text               ro code  0x08035950      0x4  startup_stm32f2xx.o [1]
  .text               ro code  0x08035954      0x4  startup_stm32f2xx.o [1]
  .text               ro code  0x08035958      0x4  startup_stm32f2xx.o [1]
  .text               ro code  0x0803595c      0x4  startup_stm32f2xx.o [1]
  .text               ro code  0x08035960      0x4  startup_stm32f2xx.o [1]
  .text               ro code  0x08035964      0x4  startup_stm32f2xx.o [1]
  .text               ro code  0x08035968      0x4  startup_stm32f2xx.o [1]
  .text               ro code  0x0803596c      0x4  startup_stm32f2xx.o [1]
  .text               ro code  0x08035970      0x4  startup_stm32f2xx.o [1]
  .text               ro code  0x08035974      0x4  startup_stm32f2xx.o [1]
  .text               ro code  0x08035978      0x4  startup_stm32f2xx.o [1]
  .text               ro code  0x0803597c      0x4  startup_stm32f2xx.o [1]
  .text               ro code  0x08035980      0x4  startup_stm32f2xx.o [1]
  .text               ro code  0x08035984      0x4  startup_stm32f2xx.o [1]
  .text               ro code  0x08035988      0x4  startup_stm32f2xx.o [1]
  .text               ro code  0x0803598c      0x4  startup_stm32f2xx.o [1]
  .text               ro code  0x08035990      0x4  startup_stm32f2xx.o [1]
  .text               ro code  0x08035994      0x4  startup_stm32f2xx.o [1]
  .text               ro code  0x08035998      0x4  startup_stm32f2xx.o [1]
  .text               ro code  0x0803599c      0x4  startup_stm32f2xx.o [1]
  .text               ro code  0x080359a0      0x4  startup_stm32f2xx.o [1]
  .text               ro code  0x080359a4      0x4  startup_stm32f2xx.o [1]
  .text               ro code  0x080359a8      0x4  startup_stm32f2xx.o [1]
  .text               ro code  0x080359ac      0x4  startup_stm32f2xx.o [1]
  .text               ro code  0x080359b0      0x4  startup_stm32f2xx.o [1]
  .text               ro code  0x080359b4      0x4  startup_stm32f2xx.o [1]
  .text               ro code  0x080359b8      0x4  startup_stm32f2xx.o [1]
  .text               ro code  0x080359bc      0x4  startup_stm32f2xx.o [1]
  .text               ro code  0x080359c0      0x4  startup_stm32f2xx.o [1]
  .text               ro code  0x080359c4      0x4  startup_stm32f2xx.o [1]
  .text               ro code  0x080359c8      0x4  startup_stm32f2xx.o [1]
  .text               ro code  0x080359cc      0x4  startup_stm32f2xx.o [1]
  .text               ro code  0x080359d0      0x4  startup_stm32f2xx.o [1]
  .text               ro code  0x080359d4      0x4  startup_stm32f2xx.o [1]
  .text               ro code  0x080359d8      0x4  startup_stm32f2xx.o [1]
  .text               ro code  0x080359dc      0x4  startup_stm32f2xx.o [1]
  .text               ro code  0x080359e0      0x4  startup_stm32f2xx.o [1]
  .text               ro code  0x080359e4      0x4  startup_stm32f2xx.o [1]
  .text               ro code  0x080359e8      0x4  startup_stm32f2xx.o [1]
  .text               ro code  0x080359ec      0x4  startup_stm32f2xx.o [1]
  .text               ro code  0x080359f0      0x4  startup_stm32f2xx.o [1]
  .text               ro code  0x080359f4      0x4  startup_stm32f2xx.o [1]
  .text               ro code  0x080359f8      0x4  startup_stm32f2xx.o [1]
  .text               ro code  0x080359fc      0x4  startup_stm32f2xx.o [1]
  .text               ro code  0x08035a00      0x4  startup_stm32f2xx.o [1]
  .text               ro code  0x08035a04      0x4  startup_stm32f2xx.o [1]
  .text               ro code  0x08035a08      0x4  startup_stm32f2xx.o [1]
  .text               ro code  0x08035a0c      0x4  startup_stm32f2xx.o [1]
  .text               ro code  0x08035a10      0x4  startup_stm32f2xx.o [1]
  .text               ro code  0x08035a14      0x4  startup_stm32f2xx.o [1]
  .text               ro code  0x08035a18      0x4  startup_stm32f2xx.o [1]
  .text               ro code  0x08035a1c      0x4  startup_stm32f2xx.o [1]
  .text               ro code  0x08035a20      0x4  startup_stm32f2xx.o [1]
  .text               ro code  0x08035a24      0x4  startup_stm32f2xx.o [1]
  .text               ro code  0x08035a28      0x4  startup_stm32f2xx.o [1]
  .text               ro code  0x08035a2c      0x4  startup_stm32f2xx.o [1]
  .text               ro code  0x08035a30      0x4  startup_stm32f2xx.o [1]
  .text               ro code  0x08035a34      0x4  startup_stm32f2xx.o [1]
  .text               ro code  0x08035a38      0x4  startup_stm32f2xx.o [1]
  .text               ro code  0x08035a3c      0x4  startup_stm32f2xx.o [1]
  .text               ro code  0x08035a40      0x4  startup_stm32f2xx.o [1]
  .text               ro code  0x08035a44      0x4  startup_stm32f2xx.o [1]
  .text               ro code  0x08035a48      0x4  startup_stm32f2xx.o [1]
  .text               ro code  0x08035a4c      0x4  startup_stm32f2xx.o [1]
  .text               ro code  0x08035a50      0x4  startup_stm32f2xx.o [1]
  .text               ro code  0x08035a54      0x0  cstart_clearlocks.o [5]
  Initializer bytes   ro data  0x08035a54    0x27e  <for P2 s0>
                             - 0x08035cd2  0x25b4e

"P2", part 1 of 3:                           0x318
  P2 s0                        0x20000000    0x317  <Init block>
    .data             inited   0x20000000     0x50  Wifi.o [1]
    __DLIB_PERTHREAD  inited   0x20000050     0x50  localeconv.o [3]
    .data             inited   0x200000a0     0x48  Display.o [1]
    .data             inited   0x200000e8     0x48  usbh_usr.o [1]
    .data             inited   0x20000130     0x44  usbd_cdc_core.o [1]
    .data             inited   0x20000174     0x40  xfiles.o [3]
    .data             inited   0x200001b4     0x34  Display.o [1]
    .data             inited   0x200001e8     0x34  RTC.o [1]
    .data             inited   0x2000021c     0x28  Display.o [1]
    .data             inited   0x20000244     0x24  usbd_cdc_core.o [1]
    .data             inited   0x20000268     0x1c  usbd_core.o [1]
    .data             inited   0x20000284     0x14  Display.o [1]
    .data             inited   0x20000298     0x14  usbd_cdc_vcp.o [1]
    .data             inited   0x200002ac     0x14  usbd_desc.o [1]
    .data             inited   0x200002c0     0x14  usbd_usr.o [1]
    .data             inited   0x200002d4     0x10  usbh_msc_core.o [1]
    .data             inited   0x200002e4      0xc  Display.o [1]
    .data             inited   0x200002f0      0xc  usbh_core.o [1]
    .data             inited   0x200002fc      0x4  TestMode.o [1]
    .data             inited   0x20000300      0x4  Wifi.o [1]
    .data             inited   0x20000304      0x4  Wifi.o [1]
    .data             inited   0x20000308      0x4  i2c_ee.o [1]
    .data             inited   0x2000030c      0x4  usbd_cdc_core.o [1]
    .data             inited   0x20000310      0x4  usbd_core.o [1]
    .data             inited   0x20000314      0x1  usbh_msc_fatfs.o [1]
    .data             inited   0x20000315      0x1  usbh_msc_scsi.o [1]
    .data             inited   0x20000316      0x1  usbh_usr.o [1]
                             - 0x20000317    0x317

"P2", part 2 of 3:                         0x15058
  .bss                zero     0x20000318   0x2004  fsmc_nand.o [1]
  .bss                zero     0x2000231c   0x1f40  main.o [1]
  .bss                zero     0x2000425c   0x1f40  main.o [1]
  .bss                zero     0x2000619c   0x1de4  Wifi.o [1]
  .bss                zero     0x20007f80   0x1b58  Wifi.o [1]
  .bss                zero     0x20009ad8   0x1950  Wifi.o [1]
  .bss                zero     0x2000b428   0x18f8  Memory.o [1]
  .bss                zero     0x2000cd20   0x103c  nand_if.o [1]
  .bss                zero     0x2000dd5c   0x1038  nand_if.o [1]
  .bss                zero     0x2000ed94    0x98c  main.o [1]
  .bss                zero     0x2000f720    0x98c  main.o [1]
  .bss                zero     0x200100ac    0x814  Serial.o [1]
  .bss                zero     0x200108c0    0x814  Serial.o [1]
  .bss                zero     0x200110d4    0x814  Serial.o [1]
  .bss                zero     0x200118e8    0x7d0  GraphicLcd.o [1]
  .bss                zero     0x200120b8    0x7d0  GraphicLcd.o [1]
  .bss                zero     0x20012888    0x3e8  Adc_Process.o [1]
  .bss                zero     0x20012c70    0x230  usbh_usr.o [1]
  .bss                zero     0x20012ea0    0x224  usbh_usr.o [1]
  .bss                zero     0x200130c4    0x200  ff.o [1]
  .bss                zero     0x200132c4    0x200  main.o [1]
  .bss                zero     0x200134c4    0x200  usbd_cdc_core.o [1]
  .bss                zero     0x200136c4    0x200  usbd_cdc_core.o [1]
  .bss                zero     0x200138c4    0x200  usbh_msc_scsi.o [1]
  .bss                zero     0x20013ac4    0x1f4  PC_COM.o [1]
  .bss                zero     0x20013cb8    0x1f4  PC_COM.o [1]
  .bss                zero     0x20013eac    0x1f4  Wifi.o [1]
  .bss                zero     0x200140a0    0x1d4  dlmalloc.o [3]
  .bss                zero     0x20014274    0x100  usbh_usr.o [1]
  .bss                zero     0x20014374    0x100  usbh_usr.o [1]
  .bss                zero     0x20014474     0xf8  GPSLIB.o [1]
  .bss                zero     0x2001456c     0xf8  GPSLIB.o [1]
  .bss                zero     0x20014664     0xc8  Tilt.o [1]
  .bss                zero     0x2001472c     0xc8  Tilt.o [1]
  .bss                zero     0x200147f4     0xb4  main.o [1]
  .bss                zero     0x200148a8     0xac  main.o [1]
  .bss                zero     0x20014954     0xac  main.o [1]
  .bss                zero     0x20014a00     0x84  main.o [1]
  __DLIB_PERTHREAD    zero     0x20014a84     0x74  setlocale.o [3]
  .bss                zero     0x20014af8     0x68  Wifi.o [1]
  .bss                zero     0x20014b60     0x64  Display.o [1]
  .bss                zero     0x20014bc4     0x64  usbh_usr.o [1]
  .bss                zero     0x20014c28     0x60  main.o [1]
  .bss                zero     0x20014c88     0x60  main.o [1]
  .bss                zero     0x20014ce8     0x58  Wifi.o [1]
  .bss                zero     0x20014d40     0x54  Wifi.o [1]
  .bss                zero     0x20014d94     0x50  stm32f2xx_it.o [1]
  .bss                zero     0x20014de4     0x50  xfiles.o [3]
  .bss                zero     0x20014e34     0x4c  main.o [1]
  .bss                zero     0x20014e80     0x4c  usbh_msc_core.o [1]
  .bss                zero     0x20014ecc     0x44  main.o [1]
  .bss                zero     0x20014f10     0x38  xsyslock.o [3]
  .bss                zero     0x20014f48     0x34  Display.o [1]
  .bss                zero     0x20014f7c     0x34  usbd_desc.o [1]
  .bss                zero     0x20014fb0     0x28  main.o [1]
  .bss                zero     0x20014fd8     0x28  stm32f2xx_it.o [1]
  .bss                zero     0x20015000     0x28  stm32f2xx_it.o [1]
  .bss                zero     0x20015028     0x24  RTC.o [1]
  .bss                zero     0x2001504c     0x20  usbh_msc_bot.o [1]
  .bss                zero     0x2001506c     0x18  Memory.o [1]
  .bss                zero     0x20015084     0x18  Tilt.o [1]
  .bss                zero     0x2001509c     0x18  main.o [1]
  .bss                zero     0x200150b4     0x18  dlmalloc.o [3]
  .bss                zero     0x200150cc     0x14  Key_Process.o [1]
  .bss                zero     0x200150e0     0x10  DAC_Control.o [1]
  .bss                zero     0x200150f0     0x10  Memory.o [1]
  .bss                zero     0x20015100     0x10  main.o [1]
  .bss                zero     0x20015110     0x10  main.o [1]
  .bss                zero     0x20015120     0x10  main.o [1]
  .bss                zero     0x20015130     0x10  usbh_msc_bot.o [1]
  .bss                zero     0x20015140     0x10  usbh_msc_bot.o [1]
  .bss                zero     0x20015150     0x10  usbh_msc_scsi.o [1]
  .bss                zero     0x20015160      0xc  Adc_Process.o [1]
  .bss                zero     0x2001516c      0xc  Ems_System.o [1]
  .bss                zero     0x20015178      0xc  Ems_System.o [1]
  .bss                zero     0x20015184      0xc  Ems_System.o [1]
  .bss                zero     0x20015190      0xc  Memory.o [1]
  .bss                zero     0x2001519c      0xc  Memory.o [1]
  .bss                zero     0x200151a8      0xc  RTC.o [1]
  .bss                zero     0x200151b4      0xc  Wifi.o [1]
  .bss                zero     0x200151c0      0xc  main.o [1]
  .bss                zero     0x200151cc      0xc  main.o [1]
  .bss                zero     0x200151d8      0x8  Display.o [1]
  .bss                zero     0x200151e0      0x8  Memory.o [1]
  .bss                zero     0x200151e8      0x8  usbd_cdc_core.o [1]
  .bss                zero     0x200151f0      0x4  DAC_Control.o [1]
  .bss                zero     0x200151f4      0x4  DAC_Control.o [1]
  .bss                zero     0x200151f8      0x4  Key_Process.o [1]
  .bss                zero     0x200151fc      0x4  Log.o [1]
  .bss                zero     0x20015200      0x4  RTC.o [1]
  .bss                zero     0x20015204      0x4  RTC.o [1]
  .bss                zero     0x20015208      0x4  RTC.o [1]
  .bss                zero     0x2001520c      0x4  RTC.o [1]
  .bss                zero     0x20015210      0x4  RTC.o [1]
  .bss                zero     0x20015214      0x4  Serial.o [1]
  .bss                zero     0x20015218      0x4  Voice.o [1]
  .bss                zero     0x2001521c      0x4  Voice.o [1]
  .bss                zero     0x20015220      0x4  Voice.o [1]
  .bss                zero     0x20015224      0x4  Voice.o [1]
  .bss                zero     0x20015228      0x4  Voice.o [1]
  .bss                zero     0x2001522c      0x4  Wifi.o [1]
  .bss                zero     0x20015230      0x4  ff.o [1]
  .bss                zero     0x20015234      0x4  fsmc_nand.o [1]
  .bss                zero     0x20015238      0x4  main.o [1]
  .bss                zero     0x2001523c      0x4  stm32f2xx_it.o [1]
  .bss                zero     0x20015240      0x4  stm32f2xx_it.o [1]
  .bss                zero     0x20015244      0x4  stm32f2xx_it.o [1]
  .bss                zero     0x20015248      0x4  stm32f2xx_it.o [1]
  .bss                zero     0x2001524c      0x4  usb_bsp.o [1]
  .bss                zero     0x20015250      0x4  usbd_cdc_core.o [1]
  .bss                zero     0x20015254      0x4  usbd_cdc_core.o [1]
  .bss                zero     0x20015258      0x4  usbd_cdc_core.o [1]
  .bss                zero     0x2001525c      0x4  usbd_cdc_core.o [1]
  .bss                zero     0x20015260      0x4  usbd_cdc_core.o [1]
  .bss                zero     0x20015264      0x4  usbd_cdc_core.o [1]
  .bss                zero     0x20015268      0x4  usbd_req.o [1]
  .bss                zero     0x2001526c      0x4  usbd_req.o [1]
  .bss                zero     0x20015270      0x4  usbd_req.o [1]
  .bss                zero     0x20015274      0x4  usbh_msc_bot.o [1]
  .bss                zero     0x20015278      0x4  usbh_msc_bot.o [1]
  .bss                zero     0x2001527c      0x4  usbh_msc_bot.o [1]
  .bss                zero     0x20015280      0x4  xgetmemchunk.o [3]
  __DLIB_PERTHREAD    zero     0x20015284      0x4  errno.o [3]
  .bss                zero     0x20015288      0x2  Adc_Process.o [1]
  .bss                zero     0x2001528a      0x2  Display.o [1]
  .bss                zero     0x2001528c      0x2  Drive_Process.o [1]
  .bss                zero     0x2001528e      0x2  Ems_System.o [1]
  .bss                zero     0x20015290      0x2  Ems_System.o [1]
  .bss                zero     0x20015292      0x2  Ems_System.o [1]
  .bss                zero     0x20015294      0x2  Ems_System.o [1]
  .bss                zero     0x20015296      0x2  Ems_System.o [1]
  .bss                zero     0x20015298      0x2  Ems_System.o [1]
  .bss                zero     0x2001529a      0x2  Ems_System.o [1]
  .bss                zero     0x2001529c      0x2  Ems_System.o [1]
  .bss                zero     0x2001529e      0x2  Ems_System.o [1]
  .bss                zero     0x200152a0      0x2  Ems_System.o [1]
  .bss                zero     0x200152a2      0x2  Ems_System.o [1]
  .bss                zero     0x200152a4      0x2  Ems_System.o [1]
  .bss                zero     0x200152a6      0x2  Ems_System.o [1]
  .bss                zero     0x200152a8      0x2  Ems_System.o [1]
  .bss                zero     0x200152aa      0x2  Ems_System.o [1]
  .bss                zero     0x200152ac      0x2  Ems_System.o [1]
  .bss                zero     0x200152ae      0x2  Ems_System.o [1]
  .bss                zero     0x200152b0      0x2  Ems_System.o [1]
  .bss                zero     0x200152b2      0x2  Ems_System.o [1]
  .bss                zero     0x200152b4      0x2  Ems_System.o [1]
  .bss                zero     0x200152b6      0x2  Ems_System.o [1]
  .bss                zero     0x200152b8      0x2  Ems_System.o [1]
  .bss                zero     0x200152ba      0x2  GPSLIB.o [1]
  .bss                zero     0x200152bc      0x2  GPSLIB.o [1]
  .bss                zero     0x200152be      0x2  GraphicLcd.o [1]
  .bss                zero     0x200152c0      0x2  GraphicLcd.o [1]
  .bss                zero     0x200152c2      0x2  Key_Process.o [1]
  .bss                zero     0x200152c4      0x2  Key_Process.o [1]
  .bss                zero     0x200152c6      0x2  Key_Process.o [1]
  .bss                zero     0x200152c8      0x2  PC_COM.o [1]
  .bss                zero     0x200152ca      0x2  PC_COM.o [1]
  .bss                zero     0x200152cc      0x2  PC_COM.o [1]
  .bss                zero     0x200152ce      0x2  RTC.o [1]
  .bss                zero     0x200152d0      0x2  TestMode.o [1]
  .bss                zero     0x200152d2      0x2  TestMode.o [1]
  .bss                zero     0x200152d4      0x2  TestMode.o [1]
  .bss                zero     0x200152d6      0x2  TestMode.o [1]
  .bss                zero     0x200152d8      0x2  TestMode.o [1]
  .bss                zero     0x200152da      0x2  TestMode.o [1]
  .bss                zero     0x200152dc      0x2  Tilt.o [1]
  .bss                zero     0x200152de      0x2  Tilt.o [1]
  .bss                zero     0x200152e0      0x2  Voice.o [1]
  .bss                zero     0x200152e2      0x2  Wifi.o [1]
  .bss                zero     0x200152e4      0x2  Wifi.o [1]
  .bss                zero     0x200152e6      0x2  Wifi.o [1]
  .bss                zero     0x200152e8      0x2  Wifi.o [1]
  .bss                zero     0x200152ea      0x2  Wifi.o [1]
  .bss                zero     0x200152ec      0x2  Wifi.o [1]
  .bss                zero     0x200152ee      0x2  Wifi.o [1]
  .bss                zero     0x200152f0      0x2  ff.o [1]
  .bss                zero     0x200152f2      0x2  i2c_ee.o [1]
  .bss                zero     0x200152f4      0x2  main.o [1]
  .bss                zero     0x200152f6      0x2  main.o [1]
  .bss                zero     0x200152f8      0x2  main.o [1]
  .bss                zero     0x200152fa      0x2  main.o [1]
  .bss                zero     0x200152fc      0x2  main.o [1]
  .bss                zero     0x200152fe      0x2  main.o [1]
  .bss                zero     0x20015300      0x2  main.o [1]
  .bss                zero     0x20015302      0x2  main.o [1]
  .bss                zero     0x20015304      0x2  main.o [1]
  .bss                zero     0x20015306      0x2  main.o [1]
  .bss                zero     0x20015308      0x2  main.o [1]
  .bss                zero     0x2001530a      0x2  main.o [1]
  .bss                zero     0x2001530c      0x2  stm32f2xx_it.o [1]
  .bss                zero     0x2001530e      0x2  stm32f2xx_it.o [1]
  .bss                zero     0x20015310      0x2  stm32f2xx_it.o [1]
  .bss                zero     0x20015312      0x2  usbh_core.o [1]
  .bss                zero     0x20015314      0x1  Adc_Process.o [1]
  .bss                zero     0x20015315      0x1  Display.o [1]
  .bss                zero     0x20015316      0x1  Display.o [1]
  .bss                zero     0x20015317      0x1  Display.o [1]
  .bss                zero     0x20015318      0x1  Display.o [1]
  .bss                zero     0x20015319      0x1  Display.o [1]
  .bss                zero     0x2001531a      0x1  Display.o [1]
  .bss                zero     0x2001531b      0x1  Drive_Process.o [1]
  .bss                zero     0x2001531c      0x1  Drive_Process.o [1]
  .bss                zero     0x2001531d      0x1  Drive_Process.o [1]
  .bss                zero     0x2001531e      0x1  Ems_System.o [1]
  .bss                zero     0x2001531f      0x1  Ems_System.o [1]
  .bss                zero     0x20015320      0x1  Ems_System.o [1]
  .bss                zero     0x20015321      0x1  Ems_System.o [1]
  .bss                zero     0x20015322      0x1  Ems_System.o [1]
  .bss                zero     0x20015323      0x1  Ems_System.o [1]
  .bss                zero     0x20015324      0x1  Ems_System.o [1]
  .bss                zero     0x20015325      0x1  Ems_System.o [1]
  .bss                zero     0x20015326      0x1  Ems_System.o [1]
  .bss                zero     0x20015327      0x1  Ems_System.o [1]
  .bss                zero     0x20015328      0x1  Ems_System.o [1]
  .bss                zero     0x20015329      0x1  Ems_System.o [1]
  .bss                zero     0x2001532a      0x1  Ems_System.o [1]
  .bss                zero     0x2001532b      0x1  Ems_System.o [1]
  .bss                zero     0x2001532c      0x1  Ems_System.o [1]
  .bss                zero     0x2001532d      0x1  Ems_System.o [1]
  .bss                zero     0x2001532e      0x1  Ems_System.o [1]
  .bss                zero     0x2001532f      0x1  Ems_System.o [1]
  .bss                zero     0x20015330      0x1  Ems_System.o [1]
  .bss                zero     0x20015331      0x1  Ems_System.o [1]
  .bss                zero     0x20015332      0x1  Ems_System.o [1]
  .bss                zero     0x20015333      0x1  Ems_System.o [1]
  .bss                zero     0x20015334      0x1  GPSLIB.o [1]
  .bss                zero     0x20015335      0x1  GPSLIB.o [1]
  .bss                zero     0x20015336      0x1  GraphicLcd.o [1]
  .bss                zero     0x20015337      0x1  GraphicLcd.o [1]
  .bss                zero     0x20015338      0x1  GraphicLcd.o [1]
  .bss                zero     0x20015339      0x1  GraphicLcd.o [1]
  .bss                zero     0x2001533a      0x1  Key_Process.o [1]
  .bss                zero     0x2001533b      0x1  Key_Process.o [1]
  .bss                zero     0x2001533c      0x1  Key_Process.o [1]
  .bss                zero     0x2001533d      0x1  Key_Process.o [1]
  .bss                zero     0x2001533e      0x1  Key_Process.o [1]
  .bss                zero     0x2001533f      0x1  Key_Process.o [1]
  .bss                zero     0x20015340      0x1  Key_Process.o [1]
  .bss                zero     0x20015341      0x1  Log.o [1]
  .bss                zero     0x20015342      0x1  Memory.o [1]
  .bss                zero     0x20015343      0x1  PC_COM.o [1]
  .bss                zero     0x20015344      0x1  PC_COM.o [1]
  .bss                zero     0x20015345      0x1  PC_COM.o [1]
  .bss                zero     0x20015346      0x1  PC_COM.o [1]
  .bss                zero     0x20015347      0x1  RTC.o [1]
  .bss                zero     0x20015348      0x1  Serial.o [1]
  .bss                zero     0x20015349      0x1  Serial.o [1]
  .bss                zero     0x2001534a      0x1  Serial.o [1]
  .bss                zero     0x2001534b      0x1  TestMode.o [1]
  .bss                zero     0x2001534c      0x1  TestMode.o [1]
  .bss                zero     0x2001534d      0x1  TestMode.o [1]
  .bss                zero     0x2001534e      0x1  TestMode.o [1]
  .bss                zero     0x2001534f      0x1  TestMode.o [1]
  .bss                zero     0x20015350      0x1  Voice.o [1]
  .bss                zero     0x20015351      0x1  Voice.o [1]
  .bss                zero     0x20015352      0x1  Wifi.o [1]
  .bss                zero     0x20015353      0x1  Wifi.o [1]
  .bss                zero     0x20015354      0x1  Wifi.o [1]
  .bss                zero     0x20015355      0x1  Wifi.o [1]
  .bss                zero     0x20015356      0x1  Wifi.o [1]
  .bss                zero     0x20015357      0x1  Wifi.o [1]
  .bss                zero     0x20015358      0x1  Wifi.o [1]
  .bss                zero     0x20015359      0x1  Wifi.o [1]
  .bss                zero     0x2001535a      0x1  Wifi.o [1]
  .bss                zero     0x2001535b      0x1  Wifi.o [1]
  .bss                zero     0x2001535c      0x1  Wifi.o [1]
  .bss                zero     0x2001535d      0x1  main.o [1]
  .bss                zero     0x2001535e      0x1  main.o [1]
  .bss                zero     0x2001535f      0x1  main.o [1]
  .bss                zero     0x20015360      0x1  main.o [1]
  .bss                zero     0x20015361      0x1  main.o [1]
  .bss                zero     0x20015362      0x1  stm32f2xx_it.o [1]
  .bss                zero     0x20015363      0x1  stm32f2xx_it.o [1]
  .bss                zero     0x20015364      0x1  stm32f2xx_it.o [1]
  .bss                zero     0x20015365      0x1  stm32f2xx_it.o [1]
  .bss                zero     0x20015366      0x1  stm32f2xx_it.o [1]
  .bss                zero     0x20015367      0x1  usbd_cdc_core.o [1]
  .bss                zero     0x20015368      0x1  usbd_req.o [1]
  .bss                zero     0x20015369      0x1  usbh_msc_bot.o [1]
  .bss                zero     0x2001536a      0x1  usbh_msc_core.o [1]
  .bss                zero     0x2001536b      0x1  usbh_msc_core.o [1]
  .bss                zero     0x2001536c      0x1  usbh_usr.o [1]
                             - 0x2001536d  0x15055

"P2", part 3 of 3:                          0x6000
  CSTACK                       0x20015370   0x5000  <Block>
    CSTACK            uninit   0x20015370   0x5000  <Block tail>
  HEAP                         0x2001a370   0x1000  <Block>
    HEAP              uninit   0x2001a370   0x1000  <Block tail>
                             - 0x2001b370   0x6000


*******************************************************************************
*** INIT TABLE
***

          Address     Size
          -------     ----
Zero (__iar_zero_init3)
    1 destination range, total size 0x15055:
          0x20000318  0x15055

Copy/packbits (__iar_packbits_init3)
    1 source range, total size 0x27e (80% of destination):
          0x08035a54    0x27e
    1 destination range, total size 0x317:
          0x20000000    0x317


*******************************************************************************
*** MODULE SUMMARY
***

    Module               ro code  ro data  rw data
    ------               -------  -------  -------
F:\Work\S&G2000\Firmware\DTG_EMS_SYSTEM\Project\EWARM\STM3220F_EVAL\Obj: [1]
    Adc_Process.o            832             1 015
    DAC_Control.o            440                24
    Display.o             11 352      158      364
    Drive_Process.o        1 268                 5
    Eeprom.o               1 268
    Ems_System.o           7 748               102
    GPSLIB.o               2 608               502
    GraphicLcd.o          23 244             4 008
    Key_Process.o         11 040                37
    Log.o                    160                 5
    Memory.o               3 168             6 465
    PC_COM.o               5 236             1 010
    RTC.o                  1 212       42      123
    Serial.o               1 432             6 211
    TestMode.o             2 920        3       21
    Tilt.o                 1 844               428
    Voice.o                1 328                24
    Wifi.o                 5 320       70   22 037
    ccsbcs.o               1 360
    fattime.o                  4
    ff.o                   7 328               518
    flash_if.o               356
    fsmc_nand.o            1 432             8 200
    i2c_ee.o               1 592        4        6
    main.o                 6 628            22 561
    misc.o                   152
    nand_if.o                540             8 308
    spi_flash.o            1 088
    startup_stm32f2xx.o      764
    stm32f2xx_adc.o          448
    stm32f2xx_dac.o          172
    stm32f2xx_dma.o          572
    stm32f2xx_exti.o         200
    stm32f2xx_flash.o        410
    stm32f2xx_fsmc.o         248
    stm32f2xx_gpio.o         278
    stm32f2xx_i2c.o          554
    stm32f2xx_it.o           612               187
    stm32f2xx_iwdg.o          56
    stm32f2xx_pwr.o           12
    stm32f2xx_rcc.o          732
    stm32f2xx_rtc.o        1 064
    stm32f2xx_spi.o          120
    stm32f2xx_syscfg.o        84
    stm32f2xx_tim.o          508
    stm32f2xx_usart.o        484
    stm32f2xx_wwdg.o          32
    system_stm32f2xx.o       292
    usb_bsp.o                528                 4
    usb_core.o             4 172
    usb_dcd.o                604
    usb_dcd_int.o          1 482
    usb_hcd.o                200
    usb_hcd_int.o          2 886
    usbd_cdc_core.o          908       87    1 165
    usbd_cdc_vcp.o            44       16       20
    usbd_core.o              640       26       32
    usbd_desc.o               90       16       72
    usbd_ioreq.o             196
    usbd_req.o             1 544                13
    usbd_usr.o                10       16       20
    usbh_core.o            1 848       10       14
    usbh_hcs.o               394
    usbh_ioreq.o             522
    usbh_msc_bot.o         1 132                77
    usbh_msc_core.o          956       13       94
    usbh_msc_fatfs.o         332        1        1
    usbh_msc_scsi.o        1 476        1      529
    usbh_stdreq.o            864
    usbh_usr.o             4 882       59    1 794
    ----------------------------------------------
    Total:               136 252      522   85 996

command line: [2]
    ----------------------------------------------
    Total:

dl7M_tlf.a: [3]
    abort.o                   10
    abs.o                      8
    atoi.o                     8
    div.o                     14
    dlmalloc.o             4 844               492
    errno.o                   12                 4
    exit.o                     8
    isxxx.o                   40
    localeconv.o             108       65       80
    low_level_init.o           4
    printf.o                  36
    putchar.o                 12
    setlocale.o               36               116
    sprintf.o                 52
    strstr.o                  48
    tolower.o                 20
    xencoding_sb.o            92
    xfiles.o                           51      144
    xgetmemchunk.o            40                 4
    xlocale_c.o               54
    xmbcurmax.o               10
    xmbtowc.o                 32
    xmtx.o                     8
    xmtx2.o                    4
    xprintffull.o          4 214
    xprout.o                  22
    xsprout.o                 10
    xstoflt.o                440
    xstopfx.o                308
    xstoul.o                 372
    xstoxflt.o               524
    xsyslock.o               180                56
    xtls.o                     2
    xwctomb.o                 26
    ----------------------------------------------
    Total:                11 598      116      896

m7M_tl.a: [4]
    DblAdd.o                 230
    DblCmpEq.o                32
    DblCmpGe.o                46
    DblCmpLe.o                46
    DblDiv.o                 582
    DblMul.o                 418
    DblSub.o                 382
    DblToFlt.o               144
    DblToI32.o                86
    FltAdd.o                 130
    FltCmpEq.o                28
    FltCmpGe.o                36
    FltCmpLe.o                36
    FltDiv.o                 252
    FltMul.o                 216
    FltSub.o                 226
    FltToDbl.o                78
    FltToS32.o                68
    FltToU32.o                36
    I32ToDbl.o                46
    I32ToFlt.o                48
    atan.o                   140
    atof.o                     8
    xatan.o                  504
    xdnorm.o                  68
    xdscale.o                280
    xdtento.o                480
    xdtest.o                  56
    xstod.o                  324
    ----------------------------------------------
    Total:                 5 026

rt7M_tl.a: [5]
    ABImemclr4.o               6
    ABImemcpy.o              112
    ABImemset.o              102
    ABImemset48.o             56
    I64DivMod.o              302
    I64DivZer.o                2
    cexit.o                   14
    cmain.o                   22
    cstart_clearlocks.o
    cstartup_M.o              12
    data_init3.o              44
    memchr.o                  88
    memcmp.o                  98
    packbits_init3.o         168
    strchr.o                  22
    strcpy.o                  68
    strlen.o                  54
    zero_init3.o              34
    ----------------------------------------------
    Total:                 1 204

shb_l.a: [6]
    exit.o                    20
    ----------------------------------------------
    Total:                    20

    Gaps                      52
    Linker created                     44   24 576
--------------------------------------------------
    Grand Total:         154 152      682  111 468


*******************************************************************************
*** ENTRY LIST
***

Entry                      Address    Size  Type      Object
-----                      -------    ----  ----      ------
?main                   0x0803587d          Code  Gb  cmain.o [5]
ACC_Drive_Value         0x200151c0     0xc  Data  Gb  main.o [1]
ADCConvertedValue       0x20015160     0xc  Data  Gb  Adc_Process.o [1]
ADC_Buffer              0x20012888   0x3e8  Data  Gb  Adc_Process.o [1]
ADC_Cmd                 0x0802b4e1    0x1a  Code  Gb  stm32f2xx_adc.o [1]
ADC_CommonInit          0x0802b469    0x28  Code  Gb  stm32f2xx_adc.o [1]
ADC_Config              0x0801ef21   0x15e  Code  Gb  Adc_Process.o [1]
ADC_DMACmd              0x0802b4fb    0x1c  Code  Gb  stm32f2xx_adc.o [1]
ADC_DMARequestAfterLastTransferCmd
                        0x0802b521    0x1c  Code  Gb  stm32f2xx_adc.o [1]
ADC_DeInit              0x0802b451    0x18  Code  Gb  stm32f2xx_adc.o [1]
ADC_IRQHandler          0x08035959          Code  Wk  startup_stm32f2xx.o [1]
ADC_Init                0x0802b491    0x50  Code  Gb  stm32f2xx_adc.o [1]
ADC_RegularChannelConfig
                        0x0802b53d    0xc4  Code  Gb  stm32f2xx_adc.o [1]
ADC_SoftwareStartConv   0x0802b517     0xa  Code  Gb  stm32f2xx_adc.o [1]
APBAHBPrescTable        0x08016054    0x10  Data  Lc  stm32f2xx_rcc.o [1]
APP_Rx_Buffer           0x200136c4   0x200  Data  Gb  usbd_cdc_core.o [1]
APP_Rx_length           0x2001525c     0x4  Data  Gb  usbd_cdc_core.o [1]
APP_Rx_ptr_in           0x20015254     0x4  Data  Gb  usbd_cdc_core.o [1]
APP_Rx_ptr_out          0x20015258     0x4  Data  Gb  usbd_cdc_core.o [1]
Accident2_Buffer        0x200148a8    0xac  Data  Gb  main.o [1]
Accident2_SaveBuffer    0x20014954    0xac  Data  Gb  main.o [1]
AccidentPoint           0x200152fa     0x2  Data  Gb  main.o [1]
AccidentPoint2          0x200152fc     0x2  Data  Gb  main.o [1]
Accident_Buffer         0x2000231c  0x1f40  Data  Gb  main.o [1]
Accident_DataLoad       0x08020e59    0x2e  Code  Gb  Memory.o [1]
Accident_DataSave       0x08020e87    0x88  Code  Gb  Memory.o [1]
Accident_SaveBuffer     0x2000425c  0x1f40  Data  Gb  main.o [1]
Accident_Time           0x20015120    0x10  Data  Gb  main.o [1]
AsynchPrediv            0x20015208     0x4  Data  Gb  RTC.o [1]
BAKUP_WORD              0x20000284    0x14  Data  Gb  Display.o [1]
BOTStallErrorCount      0x20015274     0x4  Data  Lc  usbh_msc_bot.o [1]
BSP_Delay               0x08029cb1    0x22  Code  Lc  usb_bsp.o [1]
BSP_SetTime             0x08029ce1    0x7c  Code  Lc  usb_bsp.o [1]
BSP_delay               0x2001524c     0x4  Data  Gb  usb_bsp.o [1]
Battery_Check           0x08017059    0x1c  Code  Gb  main.o [1]
Buffer                  0x200132c4   0x200  Data  Gb  main.o [1]
BusFault_Handler        0x080354e1     0x2  Code  Gb  stm32f2xx_it.o [1]
CAN1_RX0_IRQHandler     0x08035961          Code  Wk  startup_stm32f2xx.o [1]
CAN1_RX1_IRQHandler     0x08035965          Code  Wk  startup_stm32f2xx.o [1]
CAN1_SCE_IRQHandler     0x08035969          Code  Wk  startup_stm32f2xx.o [1]
CAN1_TX_IRQHandler      0x0803595d          Code  Wk  startup_stm32f2xx.o [1]
CAN2_RX0_IRQHandler     0x08035a11          Code  Wk  startup_stm32f2xx.o [1]
CAN2_RX1_IRQHandler     0x08035a15          Code  Wk  startup_stm32f2xx.o [1]
CAN2_SCE_IRQHandler     0x08035a19          Code  Wk  startup_stm32f2xx.o [1]
CAN2_TX_IRQHandler      0x08035a0d          Code  Wk  startup_stm32f2xx.o [1]
CRYP_IRQHandler         0x08035a4d          Code  Wk  startup_stm32f2xx.o [1]
CSTACK$$Base            0x20015370           --   Gb  - Linker created -
CSTACK$$Limit           0x2001a370           --   Gb  - Linker created -
CalDeg                  0x0801f6a1    0xbc  Code  Gb  Tilt.o [1]
Catoi                   0x08023c81    0x2a  Code  Gb  GPSLIB.o [1]
CheckTimeInterval_100us
                        0x08016843    0x2c  Code  Gb  main.o [1]
CheckTimeOver           0x080167b7    0x48  Code  Gb  main.o [1]
CheckTimeOver1Sec       0x080167ff    0x44  Code  Gb  main.o [1]
Clear_Serial1           0x0801e9c7    0x12  Code  Gb  Serial.o [1]
CmdBuff                 0x200151e8     0x8  Data  Gb  usbd_cdc_core.o [1]
ConvRawData             0x0802400f    0x5c  Code  Gb  GPSLIB.o [1]
Conver_EMS_Data         0x080214ed    0x90  Code  Gb  Memory.o [1]
Convert                 0x08010dd9    0x36  Code  Gb  GraphicLcd.o [1]
ConvertInteger          0x08021c95    0x1c  Code  Gb  Wifi.o [1]
ConvertString           0x08021c85    0x10  Code  Gb  Wifi.o [1]
ConvertString2          0x08021cb1     0x8  Code  Gb  Wifi.o [1]
Convert_DTG_Data        0x080212ef   0x1fe  Code  Gb  Memory.o [1]
Cursor_View             0x20015338     0x1  Data  Gb  GraphicLcd.o [1]
Cursor_X                0x20015336     0x1  Data  Gb  GraphicLcd.o [1]
Cursor_Y                0x20015337     0x1  Data  Gb  GraphicLcd.o [1]
DAC_Ch1_Config          0x0801fe49    0x8e  Code  Gb  DAC_Control.o [1]
DAC_Ch2_Config          0x0801fed7    0x8e  Code  Gb  DAC_Control.o [1]
DAC_Cmd                 0x0801ffd7    0x2c  Code  Gb  stm32f2xx_dac.o [1]
DAC_Config              0x0801fe05    0x44  Code  Gb  DAC_Control.o [1]
DAC_DMACmd              0x08020003    0x30  Code  Gb  stm32f2xx_dac.o [1]
DAC_DeInit              0x0801ff8d    0x18  Code  Gb  stm32f2xx_dac.o [1]
DAC_GPIO_Config         0x0801fdd5    0x30  Code  Gb  DAC_Control.o [1]
DAC_Init                0x0801ffa5    0x32  Code  Gb  stm32f2xx_dac.o [1]
DAC_InitStructure       0x200150e0    0x10  Data  Gb  DAC_Control.o [1]
DCD_EP_Close            0x0802a60d    0x44  Code  Gb  usb_dcd.o [1]
DCD_EP_ClrStall         0x0802a71b    0x46  Code  Gb  usb_dcd.o [1]
DCD_EP_Open             0x0802a5af    0x5e  Code  Gb  usb_dcd.o [1]
DCD_EP_PrepareRx        0x0802a651    0x46  Code  Gb  usb_dcd.o [1]
DCD_EP_SetAddress       0x0802a761    0x14  Code  Gb  usb_dcd.o [1]
DCD_EP_Stall            0x0802a6d5    0x46  Code  Gb  usb_dcd.o [1]
DCD_EP_Tx               0x0802a697    0x3e  Code  Gb  usb_dcd.o [1]
DCD_HandleEnumDone_ISR  0x08034d19    0x4a  Code  Lc  usb_dcd_int.o [1]
DCD_HandleInEP_ISR      0x0803491b   0x10c  Code  Lc  usb_dcd_int.o [1]
DCD_HandleOutEP_ISR     0x08034a27    0xe2  Code  Lc  usb_dcd_int.o [1]
DCD_HandleResume_ISR    0x0803486b    0x48  Code  Lc  usb_dcd_int.o [1]
DCD_HandleRxStatusQueueLevel_ISR
                        0x08034b25    0x9e  Code  Lc  usb_dcd_int.o [1]
DCD_HandleSof_ISR       0x08034b09    0x1c  Code  Lc  usb_dcd_int.o [1]
DCD_HandleUSBSuspend_ISR
                        0x080348b3    0x68  Code  Lc  usb_dcd_int.o [1]
DCD_HandleUsbReset_ISR  0x08034c4b    0xc6  Code  Lc  usb_dcd_int.o [1]
DCD_Init                0x0802a519    0x96  Code  Gb  usb_dcd.o [1]
DCD_ReadDevInEP         0x08034d63    0x20  Code  Lc  usb_dcd_int.o [1]
DCD_WriteEmptyTxFifo    0x08034bc3    0x88  Code  Lc  usb_dcd_int.o [1]
DCMI_IRQHandler         0x08035a49          Code  Wk  startup_stm32f2xx.o [1]
DISP_WORD               0x2000021c    0x28  Data  Gb  Display.o [1]
DMA1_Stream0_IRQHandler
                        0x0803593d          Code  Wk  startup_stm32f2xx.o [1]
DMA1_Stream1_IRQHandler
                        0x08035941          Code  Wk  startup_stm32f2xx.o [1]
DMA1_Stream2_IRQHandler
                        0x08035945          Code  Wk  startup_stm32f2xx.o [1]
DMA1_Stream3_IRQHandler
                        0x08035949          Code  Wk  startup_stm32f2xx.o [1]
DMA1_Stream4_IRQHandler
                        0x0803594d          Code  Wk  startup_stm32f2xx.o [1]
DMA1_Stream5_IRQHandler
                        0x08035951          Code  Wk  startup_stm32f2xx.o [1]
DMA1_Stream6_IRQHandler
                        0x08035955          Code  Wk  startup_stm32f2xx.o [1]
DMA1_Stream7_IRQHandler
                        0x080359cd          Code  Wk  startup_stm32f2xx.o [1]
DMA2_Stream0_IRQHandler
                        0x0801f07f    0x3e  Code  Gb  Adc_Process.o [1]
DMA2_Stream1_IRQHandler
                        0x080359f5          Code  Wk  startup_stm32f2xx.o [1]
DMA2_Stream2_IRQHandler
                        0x080359f9          Code  Wk  startup_stm32f2xx.o [1]
DMA2_Stream3_IRQHandler
                        0x080359fd          Code  Wk  startup_stm32f2xx.o [1]
DMA2_Stream4_IRQHandler
                        0x08035a01          Code  Wk  startup_stm32f2xx.o [1]
DMA2_Stream5_IRQHandler
                        0x08035a21          Code  Wk  startup_stm32f2xx.o [1]
DMA2_Stream6_IRQHandler
                        0x08035a25          Code  Wk  startup_stm32f2xx.o [1]
DMA2_Stream7_IRQHandler
                        0x08035a29          Code  Wk  startup_stm32f2xx.o [1]
DMA_ClearITPendingBit   0x0802b3c1    0x20  Code  Gb  stm32f2xx_dma.o [1]
DMA_Cmd                 0x0802b3a1    0x1a  Code  Gb  stm32f2xx_dma.o [1]
DMA_DeInit              0x0802b215   0x136  Code  Gb  stm32f2xx_dma.o [1]
DMA_GetCurrDataCounter  0x0802b3bb     0x6  Code  Gb  stm32f2xx_dma.o [1]
DMA_Init                0x0802b34b    0x56  Code  Gb  stm32f2xx_dma.o [1]
DTG_EMS_DataLoad        0x08021027    0x2c  Code  Gb  Memory.o [1]
DTG_EMS_DataSave        0x08020f67    0xc0  Code  Gb  Memory.o [1]
DTG_LOOP                0x20009ad8  0x1950  Data  Gb  Wifi.o [1]
DTG_NAND_Binary         0x2000b428  0x18f8  Data  Gb  Memory.o [1]
DataLoad                0x080201a5    0x10  Code  Gb  Eeprom.o [1]
DataSetting             0x080201b5    0x68  Code  Gb  Eeprom.o [1]
DaysToMonth             0x200001e8    0x34  Data  Gb  RTC.o [1]
DebugMon_Handler        0x080354e7     0x2  Code  Gb  stm32f2xx_it.o [1]
Delay                   0x08017b4f    0x1e  Code  Gb  main.o [1]
Device                  0x20015341     0x1  Data  Gb  Log.o [1]
Display                 0x08026599  0x16fc  Code  Gb  Display.o [1]
DisplayInfo             0x200151d8     0x8  Data  Gb  Display.o [1]
Display_Buff            0x20014b60    0x64  Data  Gb  Display.o [1]
Drive_Acceident_Check   0x0802184b   0x176  Code  Gb  Drive_Process.o [1]
Drive_Process           0x080219c1   0x194  Code  Gb  Drive_Process.o [1]
Driver_End              0x08021799    0xb2  Code  Gb  Drive_Process.o [1]
Driver_Start            0x08021741    0x58  Code  Gb  Drive_Process.o [1]
ECO_Driving             0x200151cc     0xc  Data  Gb  main.o [1]
ECO_Driving_Check       0x080197f5   0x3b0  Code  Gb  Ems_System.o [1]
EEPROM_ADDRESS          0x200152f2     0x2  Data  Gb  i2c_ee.o [1]
EETimeout               0x20000308     0x4  Data  Gb  i2c_ee.o [1]
EE_DISABLE              0x0801b299    0x10  Code  Lc  i2c_ee.o [1]
EE_ENABLE               0x0801b2a9    0x10  Code  Lc  i2c_ee.o [1]
EE_LowLevel_Init        0x0801b2b9    0xaa  Code  Gb  i2c_ee.o [1]
EE_TIMEOUT_UserCallback
                        0x0801b859    0x20  Code  Gb  i2c_ee.o [1]
EMSOff_Check            0x20015326     0x1  Data  Gb  Ems_System.o [1]
EMSOn_Check             0x20015325     0x1  Data  Gb  Ems_System.o [1]
EMS_Config              0x0801968f    0x64  Code  Gb  Ems_System.o [1]
EMS_Drive_Value         0x20014fb0    0x28  Data  Gb  main.o [1]
EMS_Driving_Check       0x080196f3   0x102  Code  Gb  Ems_System.o [1]
EMS_OFF_WORD            0x200000a0    0x48  Data  Gb  Display.o [1]
EMS_ON_WORD             0x200001b4    0x34  Data  Gb  Display.o [1]
EMS_Reley_Off           0x20015327     0x1  Data  Gb  Ems_System.o [1]
EMS_Replay_Flag         0x20015328     0x1  Data  Gb  Ems_System.o [1]
EMS_Setting             0x08021eb9   0x382  Code  Gb  Wifi.o [1]
EMS_View_Mode           0x08025b15    0x50  Code  Gb  Display.o [1]
EMS_WORD                0x200002e4     0xc  Data  Gb  Display.o [1]
EMS_Watching            0x0801aa71    0xf8  Code  Gb  Ems_System.o [1]
ETH_IRQHandler          0x08035a05          Code  Wk  startup_stm32f2xx.o [1]
ETH_WKUP_IRQHandler     0x08035a09          Code  Wk  startup_stm32f2xx.o [1]
EXTI0_IRQHandler        0x08035929          Code  Wk  startup_stm32f2xx.o [1]
EXTI15_10_IRQHandler    0x08035591    0xfc  Code  Gb  stm32f2xx_it.o [1]
EXTI1_IRQHandler        0x08035587     0xa  Code  Gb  stm32f2xx_it.o [1]
EXTI2_IRQHandler        0x08035931          Code  Wk  startup_stm32f2xx.o [1]
EXTI3_IRQHandler        0x08035935          Code  Wk  startup_stm32f2xx.o [1]
EXTI4_IRQHandler        0x08035939          Code  Wk  startup_stm32f2xx.o [1]
EXTI9_5_IRQHandler      0x08035505    0x82  Code  Gb  stm32f2xx_it.o [1]
EXTILine1_Config        0x08016495   0x132  Code  Gb  main.o [1]
EXTI_ClearITPendingBit  0x08017db3     0x6  Code  Gb  stm32f2xx_exti.o [1]
EXTI_GenerateSWInterrupt
                        0x08017d91     0xc  Code  Gb  stm32f2xx_exti.o [1]
EXTI_GetFlagStatus      0x08017d9d    0x16  Code  Gb  stm32f2xx_exti.o [1]
EXTI_Init               0x08017d09    0x88  Code  Gb  stm32f2xx_exti.o [1]
E_font                  0x08011274   0x800  Data  Gb  GraphicLcd.o [1]
Emergency               0x0801a981    0x90  Code  Gb  Ems_System.o [1]
EmsOffProgress          0x20015294     0x2  Data  Gb  Ems_System.o [1]
EmsOnProgress           0x20015292     0x2  Data  Gb  Ems_System.o [1]
EmsOutClear             0x08019ba5    0x38  Code  Gb  Ems_System.o [1]
Ems_Port_Check          0x08019d7f    0xa2  Code  Gb  Ems_System.o [1]
Ems_realtime_Check      0x08019bdd   0x1a2  Code  Gb  Ems_System.o [1]
EnginOffActionFlag      0x20015320     0x1  Data  Gb  Ems_System.o [1]
EnginOffActionStep      0x20015321     0x1  Data  Gb  Ems_System.o [1]
EnginOffLimit_Flag      0x20015323     0x1  Data  Gb  Ems_System.o [1]
EnginOffLimit_Time      0x20015290     0x2  Data  Gb  Ems_System.o [1]
EnginOff_Flag           0x20015322     0x1  Data  Gb  Ems_System.o [1]
EnginOnActionFlag       0x2001531e     0x1  Data  Gb  Ems_System.o [1]
EnginOnActionStep       0x2001531f     0x1  Data  Gb  Ems_System.o [1]
EnginOnLimit_Time       0x2001528e     0x2  Data  Gb  Ems_System.o [1]
EngineOff_Action        0x0801aecd   0x27e  Code  Gb  Ems_System.o [1]
EngineOff_EMSCheck      0x0801a201   0x686  Code  Gb  Ems_System.o [1]
EngineOn_Action         0x0801ab91   0x260  Code  Gb  Ems_System.o [1]
EngineOn_EMSCheck       0x08019e29   0x332  Code  Gb  Ems_System.o [1]
FLASH_ClearFlag         0x08033bfd     0x6  Code  Gb  stm32f2xx_flash.o [1]
FLASH_EraseSector       0x08033af9    0xb0  Code  Gb  stm32f2xx_flash.o [1]
FLASH_GetStatus         0x08033c03    0x3c  Code  Gb  stm32f2xx_flash.o [1]
FLASH_IRQHandler        0x08035921          Code  Wk  startup_stm32f2xx.o [1]
FLASH_If_Erase          0x0803394b    0x3a  Code  Gb  flash_if.o [1]
FLASH_If_Init           0x0803393d     0xe  Code  Gb  flash_if.o [1]
FLASH_If_Write          0x08033985    0x4c  Code  Gb  flash_if.o [1]
FLASH_ProgramWord       0x08033ba9    0x54  Code  Gb  stm32f2xx_flash.o [1]
FLASH_Unlock            0x08033ad9    0x20  Code  Gb  stm32f2xx_flash.o [1]
FLASH_WaitForLastOperation
                        0x08033c55    0x1e  Code  Gb  stm32f2xx_flash.o [1]
FSMC_IRQHandler         0x080359d1          Code  Wk  startup_stm32f2xx.o [1]
FSMC_NANDCmd            0x0802b101    0x46  Code  Gb  stm32f2xx_fsmc.o [1]
FSMC_NANDInit           0x0802b06d    0x94  Code  Gb  stm32f2xx_fsmc.o [1]
FSMC_NAND_AddressIncrement
                        0x0801be2d    0x3c  Code  Gb  fsmc_nand.o [1]
FSMC_NAND_EraseBlock    0x0801bd41    0x74  Code  Gb  fsmc_nand.o [1]
FSMC_NAND_GetStatus     0x0801bdbf    0x2c  Code  Gb  fsmc_nand.o [1]
FSMC_NAND_Init          0x0801b8d1   0x1a2  Code  Gb  fsmc_nand.o [1]
FSMC_NAND_ReadID        0x0801ba73    0x2a  Code  Gb  fsmc_nand.o [1]
FSMC_NAND_ReadSmallPage
                        0x0801bb97    0xd8  Code  Gb  fsmc_nand.o [1]
FSMC_NAND_ReadSpareArea
                        0x0801bc6f    0xd2  Code  Gb  fsmc_nand.o [1]
FSMC_NAND_ReadStatus    0x0801bdeb    0x28  Code  Gb  fsmc_nand.o [1]
FSMC_NAND_Reset         0x0801bdb5     0xa  Code  Gb  fsmc_nand.o [1]
FSMC_NAND_WriteSmallPage
                        0x0801ba9d    0xfa  Code  Gb  fsmc_nand.o [1]
FatFs                   0x20015230     0x4  Data  Lc  ff.o [1]
FindString              0x0801686f    0x2c  Code  Gb  main.o [1]
Flag                    0x2001509c    0x18  Data  Gb  main.o [1]
Flash_Size              0x20015220     0x4  Data  Gb  Voice.o [1]
Font5x7                 0x08015a70   0x1e0  Data  Gb  GraphicLcd.o [1]
Fsid                    0x200152f0     0x2  Data  Lc  ff.o [1]
GET_ENGINE_ON           0x080194d5    0x1a  Code  Lc  Ems_System.o [1]
GLCD_Buffer             0x200118e8   0x7d0  Data  Gb  GraphicLcd.o [1]
GLCD_Buffer_Cnt         0x200152be     0x2  Data  Gb  GraphicLcd.o [1]
GLCD_Data               0x200120b8   0x7d0  Data  Gb  GraphicLcd.o [1]
GLCD_OUT_Flag           0x20015339     0x1  Data  Gb  GraphicLcd.o [1]
GLCD_Refresh_Flag       0x20015316     0x1  Data  Gb  Display.o [1]
GLcd_Clear              0x08010257    0x40  Code  Gb  GraphicLcd.o [1]
GLcd_Config             0x080101a9    0x70  Code  Gb  GraphicLcd.o [1]
GLcd_DC_Input           0x0801116d    0xda  Code  Gb  GraphicLcd.o [1]
GLcd_HW_Reset           0x08010219    0x3e  Code  Gb  GraphicLcd.o [1]
GLcd_Init               0x08010403    0xcc  Code  Gb  GraphicLcd.o [1]
GLcd_PutChar            0x0801086d   0x3da  Code  Gb  GraphicLcd.o [1]
GLcd_PutChar2           0x080106af   0x1be  Code  Gb  GraphicLcd.o [1]
GLcd_PutString          0x08010c47    0x88  Code  Gb  GraphicLcd.o [1]
GLcd_PutString2         0x08010659    0x56  Code  Gb  GraphicLcd.o [1]
GLcd_RC_Input           0x0801105d    0xda  Code  Gb  GraphicLcd.o [1]
GLcd_Send_Cmd           0x08010389    0x2a  Code  Gb  GraphicLcd.o [1]
GLcd_Send_Cmd2          0x0801035b    0x2e  Code  Gb  GraphicLcd.o [1]
GLcd_Send_Data          0x080103d9    0x2a  Code  Gb  GraphicLcd.o [1]
GLcd_Send_Data2         0x080103b3    0x26  Code  Gb  GraphicLcd.o [1]
GLcd_SmallPutString     0x080104cf    0x5c  Code  Gb  GraphicLcd.o [1]
GLcd_SmallPutchar       0x0801052b   0x12e  Code  Gb  GraphicLcd.o [1]
GLcd_XY                 0x08011043    0x1a  Code  Gb  GraphicLcd.o [1]
GPIO_Configuration      0x08016347    0x36  Code  Gb  main.o [1]
GPIO_Configuration2     0x0801637d   0x118  Code  Gb  main.o [1]
GPIO_Init               0x08015c51    0xa6  Code  Gb  stm32f2xx_gpio.o [1]
GPIO_PinAFConfig        0x08015d15    0x52  Code  Gb  stm32f2xx_gpio.o [1]
GPIO_ReadInputDataBit   0x08015cf7    0x16  Code  Gb  stm32f2xx_gpio.o [1]
GPIO_ResetBits          0x08015d11     0x4  Code  Gb  stm32f2xx_gpio.o [1]
GPIO_SetBits            0x08015d0d     0x4  Code  Gb  stm32f2xx_gpio.o [1]
GPSInfo                 0x2001456c    0xf8  Data  Gb  GPSLIB.o [1]
GPSInfoTemp             0x20014474    0xf8  Data  Gb  GPSLIB.o [1]
GPSSinsitivity          0x200152ba     0x2  Data  Gb  GPSLIB.o [1]
GPS_Process             0x080240af   0x448  Code  Gb  GPSLIB.o [1]
GPS_RouteCheck          0x20014ecc    0x44  Data  Gb  main.o [1]
GetGpsInfo              0x08023cab   0x232  Code  Gb  GPSLIB.o [1]
GetHeader_Index         0x08020a89    0x2a  Code  Gb  Memory.o [1]
[...]
                        0x08033e91    0xf2  Code  Lc  usb_hcd_int.o [1]
USB_OTG_USBH_handle_rx_qlvl_ISR
                        0x08034635   0x162  Code  Lc  usb_hcd_int.o [1]
USB_OTG_USBH_handle_sof_ISR
                        0x08033d6f     0xe  Code  Lc  usb_hcd_int.o [1]
USB_OTG_WritePacket     0x0802d9a7    0x40  Code  Gb  usb_core.o [1]
USB_OTG_dev             0x2000f720   0x98c  Data  Gb  main.o [1]
USB_Rx_Buffer           0x200134c4   0x200  Data  Gb  usbd_cdc_core.o [1]
USB_Tx_State            0x20015367     0x1  Data  Gb  usbd_cdc_core.o [1]
USR_cb                  0x200000e8    0x48  Data  Gb  usbh_usr.o [1]
USR_cb2                 0x200002c0    0x14  Data  Gb  usbd_usr.o [1]
UsageFault_Handler      0x080354e3     0x2  Code  Gb  stm32f2xx_it.o [1]
VCP_Ctrl                0x08035801     0x4  Code  Lc  usbd_cdc_vcp.o [1]
VCP_DataRx              0x08035809    0x1c  Code  Lc  usbd_cdc_vcp.o [1]
VCP_DataTx              0x08035805     0x4  Code  Lc  usbd_cdc_vcp.o [1]
VCP_DeInit              0x080357fd     0x4  Code  Lc  usbd_cdc_vcp.o [1]
VCP_Init                0x080357f9     0x4  Code  Lc  usbd_cdc_vcp.o [1]
VCP_fops                0x20000298    0x14  Data  Gb  usbd_cdc_vcp.o [1]
VIEW_Header             0x2001506c    0x18  Data  Gb  Memory.o [1]
Voice_Config            0x08018449    0x5a  Code  Gb  Voice.o [1]
Voice_Error_Out         0x20015351     0x1  Data  Gb  Voice.o [1]
Voice_Init              0x080187a3    0x48  Code  Gb  Voice.o [1]
Voice_LowSet_Volume     0x080187eb    0x28  Code  Gb  Voice.o [1]
Voice_OutAdd            0x080188a3    0x1c  Code  Gb  Voice.o [1]
Voice_Play              0x0801877b    0x28  Code  Gb  Voice.o [1]
Voice_Process           0x080188bf    0x90  Code  Gb  Voice.o [1]
Voice_Set_Volume        0x08018813    0x90  Code  Gb  Voice.o [1]
Voice_Stack             0x20015218     0x4  Data  Gb  Voice.o [1]
Voice_Stack_Count       0x20015350     0x1  Data  Gb  Voice.o [1]
WIFI_RESET_OFF          0x08021c03     0xe  Code  Lc  Wifi.o [1]
WIFI_RESET_ON           0x08021bf5     0xe  Code  Lc  Wifi.o [1]
WIFI_TestMode           0x20015343     0x1  Data  Gb  PC_COM.o [1]
WWDG_ClearFlag          0x0803573d     0x8  Code  Gb  stm32f2xx_wwdg.o [1]
WWDG_IRQHandler         0x080354eb     0xe  Code  Gb  stm32f2xx_it.o [1]
WWDG_SetCounter         0x08035731     0xc  Code  Gb  stm32f2xx_wwdg.o [1]
Wait_x                  0x20015318     0x1  Data  Gb  Display.o [1]
Wait_y                  0x20015319     0x1  Data  Gb  Display.o [1]
Wifi_Config             0x08021c23    0x62  Code  Gb  Wifi.o [1]
Wifi_OK                 0x20015352     0x1  Data  Gb  Wifi.o [1]
Wifi_Process            0x080225bd   0x292  Code  Gb  Wifi.o [1]
Wifi_ProfileSetting     0x08022d09   0x1d0  Code  Gb  Wifi.o [1]
Wifi_Reset              0x08021c11    0x12  Code  Gb  Wifi.o [1]
Wifi_Result             0x20015354     0x1  Data  Gb  Wifi.o [1]
Wifi_Send               0x0802289d   0x12e  Code  Gb  Wifi.o [1]
Wifi_Send_Result        0x20015353     0x1  Data  Gb  Wifi.o [1]
Wifi_SettingString      0x20000000    0x50  Data  Gb  Wifi.o [1]
Wifi_TestProcess        0x08023705   0x1ec  Code  Gb  TestMode.o [1]
WriteMEMS               0x0801f83b    0x38  Code  Gb  Tilt.o [1]
Write_Header_EMS        0x08020d8b    0x46  Code  Gb  Memory.o [1]
Write_Header_Index      0x08020dd1    0x28  Code  Gb  Memory.o [1]
Write_Header_Information
                        0x08020e21    0x38  Code  Gb  Memory.o [1]
Write_Log               0x0802004f    0x54  Code  Gb  Log.o [1]
Write_Transmit_Header   0x08020df9    0x28  Code  Gb  Memory.o [1]
Write_Word              0x080261bd    0x14  Code  Gb  Display.o [1]
_EncodingSb_Mbtowc      0x0802ef25    0x30  Code  Gb  xencoding_sb.o [3]
_EncodingSb_Wctomb      0x0802ef09    0x1c  Code  Gb  xencoding_sb.o [3]
_GenldDefault           0x08029749   0x258  Code  Lc  xprintffull.o [3]
_IsdstStr               0x20014a88     0x4  Data  Gb  setlocale.o [3]
_LdtobDefault           0x08029331   0x3fe  Code  Lc  xprintffull.o [3]
_LitobDefault           0x08029213   0x11e  Code  Lc  xprintffull.o [3]
_LocaleC_isalpha        0x0802f87d    0x16  Code  Gb  xlocale_c.o [3]
_LocaleC_isspace        0x0802f893    0x14  Code  Gb  xlocale_c.o [3]
_LocaleC_tolower        0x0802f8a7     0xc  Code  Gb  xlocale_c.o [3]
_LocaleEncoding         0x0802eef7     0xe  Code  Gb  setlocale.o [3]
_LocaleForCat           0x0802eee5    0x12  Code  Gb  setlocale.o [3]
_LocaleReturnString     0x20014aa8    0x50  Data  Lc  setlocale.o [3]
_Locale_Profile         0x20014a8c    0x1c  Data  Gb  setlocale.o [3]
_Locale_lconv           0x20000050    0x50  Data  Gb  localeconv.o [3]
_Mbtowc                 0x0802c097    0x20  Code  Gb  xmbtowc.o [3]
_Printf                 0x08028981   0x5d0  Code  Gb  xprintffull.o [3]
_Prout                  0x080358af    0x16  Code  Gb  xprout.o [3]
_PutcharsDefault        0x080299a1    0x32  Code  Lc  xprintffull.o [3]
_PutstrDefault          0x08028f51   0x2c2  Code  Lc  xprintffull.o [3]
_SProut                 0x0801825b     0xa  Code  Gb  xsprout.o [3]
_Stoflt                 0x0802f2b5   0x1b8  Code  Gb  xstoflt.o [3]
_Stopfx                 0x0802f181   0x134  Code  Gb  xstopfx.o [3]
_Stoxflt                0x0802f651   0x1d8  Code  Gb  xstoxflt.o [3]
_TzoneStr               0x20014a84     0x4  Data  Gb  setlocale.o [3]
_Wctomb                 0x0802d421    0x1a  Code  Gb  xwctomb.o [3]
__aeabi_cdcmpeq         0x0802f8b5          Code  Gb  DblCmpEq.o [4]
__aeabi_cdcmple         0x0802d5b1          Code  Gb  DblCmpLe.o [4]
__aeabi_cdrcmple        0x0802d5e1          Code  Gb  DblCmpGe.o [4]
__aeabi_cfcmpeq         0x0802b9dd          Code  Gb  FltCmpEq.o [4]
__aeabi_cfcmple         0x08017fb9          Code  Gb  FltCmpLe.o [4]
__aeabi_cfrcmple        0x08017f95          Code  Gb  FltCmpGe.o [4]
__aeabi_d2f             0x0802b94d          Code  Gb  DblToFlt.o [4]
__aeabi_d2iz            0x08018265          Code  Gb  DblToI32.o [4]
__aeabi_d2uiz           0x08018291          Code  Gb  DblToI32.o [4]
__aeabi_dadd            0x0802f051          Code  Gb  DblAdd.o [4]
__aeabi_ddiv            0x08018015          Code  Gb  DblDiv.o [4]
__aeabi_dmul            0x0802b7a9          Code  Gb  DblMul.o [4]
__aeabi_dsub            0x0802d729          Code  Gb  DblSub.o [4]
__aeabi_errno_addr      0x0802f175     0x6  Code  Gb  errno.o [3]
__aeabi_f2d             0x0802b6cd          Code  Gb  FltToDbl.o [4]
__aeabi_f2iz            0x0802b611          Code  Gb  FltToS32.o [4]
__aeabi_f2uiz           0x080183a1          Code  Gb  FltToU32.o [4]
__aeabi_fadd            0x080183c5          Code  Gb  FltAdd.o [4]
__aeabi_fdiv            0x08017e99          Code  Gb  FltDiv.o [4]
__aeabi_fmul            0x080182c9          Code  Gb  FltMul.o [4]
__aeabi_fsub            0x08029a69          Code  Gb  FltSub.o [4]
__aeabi_i2d             0x08017fdd          Code  Gb  I32ToDbl.o [4]
__aeabi_i2f             0x08017e69          Code  Gb  I32ToFlt.o [4]
__aeabi_ldiv0           0x0802f04d          Code  Gb  I64DivZer.o [5]
__aeabi_ldivmod         0x0802d43d          Code  Gb  I64DivMod.o [5]
__aeabi_memclr4         0x08033935          Code  Gb  ABImemclr4.o [5]
__aeabi_memcpy          0x080299f9          Code  Gb  ABImemcpy.o [5]
__aeabi_memcpy4         0x08029a13          Code  Gb  ABImemcpy.o [5]
__aeabi_memcpy8         0x08029a13          Code  Gb  ABImemcpy.o [5]
__aeabi_memset          0x08028919          Code  Gb  ABImemset.o [5]
__aeabi_memset4         0x08033aa1          Code  Gb  ABImemset48.o [5]
__aeabi_memset8         0x08033aa1          Code  Gb  ABImemset48.o [5]
__aeabi_ui2d            0x08017ff1          Code  Gb  I32ToDbl.o [4]
__aeabi_ui2f            0x08017e7d          Code  Gb  I32ToFlt.o [4]
__aeabi_uldivmod        0x0802d451          Code  Gb  I64DivMod.o [5]
__cexit_clearlocks      0x080358a3          Code  Gb  cexit.o [5]
__cmain                 0x0803587d          Code  Gb  cmain.o [5]
__cstart_clearlocks     0x08035a55          Code  Gb  cstart_clearlocks.o [5]
__data_GetMemChunk      0x0802ef71    0x28  Code  Gb  xgetmemchunk.o [3]
__exit                  0x0802f85d    0x14  Code  Gb  exit.o [6]
__iar_Atan              0x0802eb79   0x15e  Code  Gb  xatan.o [4]
__iar_Dnorm             0x0802d56d    0x44  Code  Gb  xdnorm.o [4]
__iar_Dscale            0x0802d611   0x118  Code  Gb  xdscale.o [4]
__iar_Dtentox           0x0802f4c3   0x130  Code  Gb  xdtento.o [4]
__iar_Dtest             0x0802eb41    0x38  Code  Gb  xdtest.o [4]
__iar_Errno             0x20015284     0x4  Data  Gb  errno.o [3]
__iar_Locale_lconv_init
                        0x0802d8a9    0x3a  Code  Gb  localeconv.o [3]
__iar_Locksyslock       0x0802efdb    0x56  Code  Gb  xsyslock.o [3]
__iar_Mbcurmax          0x0802c129     0xa  Code  Gb  xmbcurmax.o [3]
__iar_Memchr            0x0802c0d1          Code  Gb  memchr.o [5]
__iar_Memset            0x08028919          Code  Gb  ABImemset.o [5]
__iar_Memset4_word      0x08033aa9          Code  Gb  ABImemset48.o [5]
__iar_Memset8_word      0x08033aa9          Code  Gb  ABImemset48.o [5]
__iar_Memset_word       0x08028921          Code  Gb  ABImemset.o [5]
__iar_Stdout            0x20000174    0x40  Data  Gb  xfiles.o [3]
__iar_Stod              0x0802eee1     0x4  Code  Gb  xstod.o [4]
__iar_Stodx             0x0802eda1   0x134  Code  Gb  xstod.o [4]
__iar_Stoul             0x0802eaed     0x4  Code  Gb  xstoul.o [3]
__iar_Stoulx            0x0802e9cd   0x120  Code  Gb  xstoul.o [3]
__iar_Strchr            0x0802c0b9          Code  Gb  strchr.o [5]
__iar_Strstr            0x0802ed71    0x30  Code  Gb  strstr.o [3]
__iar_Unlocksyslock     0x0802f031    0x16  Code  Gb  xsyslock.o [3]
__iar_clearlocks        0x0802ef99    0x42  Code  Gb  xsyslock.o [3]
__iar_d2uiz             0x0801829b          Code  Gb  DblToI32.o [4]
__iar_dadd              0x0802f063          Code  Gb  DblAdd.o [4]
__iar_data_init3        0x08035825    0x2c  Code  Gb  data_init3.o [5]
__iar_dlfree            0x0802cf9b   0x47e  Code  Gb  dlmalloc.o [3]
__iar_dlib_perthread_access
                        0x0802f137     0x2  Code  Gb  xtls.o [3]
__iar_dlmalloc          0x0802cd4b   0x250  Code  Gb  dlmalloc.o [3]
__iar_dsub              0x0802d73b          Code  Gb  DblSub.o [4]
__iar_dsubStart         0x0802d74d          Code  Gb  DblSub.o [4]
__iar_fadd              0x080183d3          Code  Gb  FltAdd.o [4]
__iar_file_Mtxdst       0x0802f873     0x2  Code  Gb  xmtx2.o [3]
__iar_file_Mtxinit      0x0802f871     0x2  Code  Gb  xmtx2.o [3]
__iar_fsub              0x08029a77          Code  Gb  FltSub.o [4]
__iar_fsubStart         0x08029a85          Code  Gb  FltSub.o [4]
__iar_packbits_init3    0x08035751    0xa8  Code  Gb  packbits_init3.o [5]
__iar_program_start     0x080358e1          Code  Gb  cstartup_M.o [5]
__iar_system_Mtxdst     0x0802f877     0x2  Code  Gb  xmtx.o [3]
__iar_system_Mtxinit    0x0802f875     0x2  Code  Gb  xmtx.o [3]
__iar_system_Mtxlock    0x0802f879     0x2  Code  Gb  xmtx.o [3]
__iar_system_Mtxunlock  0x0802f87b     0x2  Code  Gb  xmtx.o [3]
__iar_ui2d              0x08017ff3          Code  Gb  I32ToDbl.o [4]
__iar_ui2f              0x08017e7f          Code  Gb  I32ToFlt.o [4]
__iar_zero_init3        0x08015d67    0x22  Code  Gb  zero_init3.o [5]
__low_level_init        0x08035893     0x4  Code  Gb  low_level_init.o [3]
__vector_table          0x08010000          Data  Gb  startup_stm32f2xx.o [1]
_call_main              0x08035889          Code  Gb  cmain.o [5]
_exit                   0x080358a1          Code  Gb  cexit.o [5]
_gm_                    0x200140a0   0x1d4  Data  Lc  dlmalloc.o [3]
_main                   0x0803588f          Code  Gb  cmain.o [5]
a                       0x0802ed30    0x40  Data  Lc  xatan.o [4]
abort                   0x0802ef65     0xa  Code  Gb  abort.o [3]
abs                     0x0802b9f9     0x8  Code  Gb  abs.o [3]
add_segment             0x0802c4ab   0x1f2  Code  Lc  dlmalloc.o [3]
atan                    0x0802b71d    0x8c  Code  Gb  atan.o [4]
atof                    0x0802c059     0x8  Code  Gb  atof.o [4]
atoi                    0x0802b20d     0x8  Code  Gb  atoi.o [3]
bul_cho1                0x08011acc    0x18  Data  Gb  GraphicLcd.o [1]
bul_cho2                0x08011ae4    0x18  Data  Gb  GraphicLcd.o [1]
bul_jong                0x08011afc    0x18  Data  Gb  GraphicLcd.o [1]
cdcCmd                  0x2000030c     0x4  Data  Lc  usbd_cdc_core.o [1]
cdcLen                  0x20015260     0x4  Data  Lc  usbd_cdc_core.o [1]
check_fs                0x080306ad    0x78  Code  Lc  ff.o [1]
chk_chr                 0x0802f919    0x14  Code  Lc  ff.o [1]
chk_mounted             0x08030725   0x2cc  Code  Gb  ff.o [1]
clust2sect              0x0802fdaf    0x18  Code  Gb  ff.o [1]
cmp_lfn                 0x0802ffab    0x96  Code  Lc  ff.o [1]
create_chain            0x0802fd01    0xae  Code  Lc  ff.o [1]
create_name             0x080303f1   0x228  Code  Lc  ff.o [1]
digits                  0x0802eaf0    0x28  Data  Lc  xstoul.o [3]
dir_find                0x08030151    0xe6  Code  Lc  ff.o [1]
dir_next                0x0802fe77   0x134  Code  Lc  ff.o [1]
dir_register            0x08030237   0x1ba  Code  Lc  ff.o [1]
dir_seek                0x0802fdc7    0xb0  Code  Lc  ff.o [1]
disk_initialize         0x08031575    0x1e  Code  Gb  usbh_msc_fatfs.o [1]
disk_ioctl              0x0803165f    0x50  Code  Gb  usbh_msc_fatfs.o [1]
disk_read               0x080315a3    0x58  Code  Gb  usbh_msc_fatfs.o [1]
disk_status             0x08031593    0x10  Code  Gb  usbh_msc_fatfs.o [1]
disk_write              0x080315fb    0x64  Code  Gb  usbh_msc_fatfs.o [1]
div                     0x0802d915     0xe  Code  Gb  div.o [3]
dmul                    0x0802f471    0x52  Code  Lc  xdtento.o [4]
exit                    0x08035897     0x8  Code  Gb  exit.o [3]
f_close                 0x080310f5    0x18  Code  Gb  ff.o [1]
f_lseek                 0x0803110d   0x1cc  Code  Gb  ff.o [1]
f_mkdir                 0x08031385   0x1ea  Code  Gb  ff.o [1]
f_mount                 0x08030a1b    0x32  Code  Gb  ff.o [1]
f_open                  0x08030a4d   0x1ac  Code  Gb  ff.o [1]
f_read                  0x08030c15   0x1f8  Code  Gb  ff.o [1]
f_sync                  0x0803103d    0xb8  Code  Gb  ff.o [1]
f_write                 0x08030e0d   0x230  Code  Gb  ff.o [1]
fatfs                   0x20012c70   0x230  Data  Gb  usbh_usr.o [1]
ff_convert              0x080316c1    0x56  Code  Gb  ccsbcs.o [1]
ff_wtoupper             0x08031717    0x3a  Code  Gb  ccsbcs.o [1]
file                    0x20012ea0   0x224  Data  Gb  usbh_usr.o [1]
file_mtx                0x20014f14    0x20  Data  Lc  xsyslock.o [3]
fit_lfn                 0x08030041    0x74  Code  Lc  ff.o [1]
follow_path             0x08030619    0x94  Code  Lc  ff.o [1]
fputc                   0x08017b2f    0x20  Code  Gb  main.o [1]
gen_numname             0x080300b5    0x7e  Code  Gb  ff.o [1]
get_fat                 0x0802fa77    0xfa  Code  Gb  ff.o [1]
get_fattime             0x08031c11     0x4  Code  Gb  fattime.o [1]
init_mparams            0x0802c135    0x34  Code  Lc  dlmalloc.o [3]
init_top                0x0802c169    0x3c  Code  Lc  dlmalloc.o [3]
isInsideArea            0x08023c39    0x48  Code  Gb  GPSLIB.o [1]
isalpha                 0x0802f139    0x14  Code  Gb  isxxx.o [3]
isspace                 0x0802f14d    0x14  Code  Gb  isxxx.o [3]
localeconv              0x0802d8e3    0x16  Code  Gb  localeconv.o [3]
m_sec                   0x200152f8     0x2  Data  Gb  main.o [1]
main                    0x08017791   0x39e  Code  Gb  main.o [1]
mem_cmp                 0x0802f8f9    0x20  Code  Lc  ff.o [1]
mem_cpy                 0x0802f8d5    0x14  Code  Lc  ff.o [1]
mem_set                 0x0802f8e9    0x10  Code  Lc  ff.o [1]
memchr                  0x0802c0d1          Code  Gb  memchr.o [5]
memcmp                  0x0802b165          Code  Gb  memcmp.o [5]
memcpy                  0x080182bb     0xe  Code  Gb  usbh_usr.o [1]
memset                  0x08017c45    0x14  Code  Gb  usbh_usr.o [1]
move_window             0x0802f92d    0x74  Code  Lc  ff.o [1]
mparams                 0x200150b4    0x18  Data  Lc  dlmalloc.o [3]
mtx                     0x20014f34    0x14  Data  Lc  xsyslock.o [3]
ndigs                   0x0802eb18    0x28  Data  Lc  xstoul.o [3]
obuf                    0x20014de4    0x50  Data  Lc  xfiles.o [3]
pows                    0x0802f608    0x48  Data  Lc  xdtento.o [4]
prepend_alloc           0x0802c1a5   0x306  Code  Lc  dlmalloc.o [3]
printf                  0x08017c59    0x24  Code  Gb  printf.o [3]
put_fat                 0x0802fb71   0x126  Code  Gb  ff.o [1]
putchar                 0x080358c5     0xc  Code  Gb  putchar.o [3]
puts_data               0x0801ee35    0x36  Code  Gb  Serial.o [1]
puts_string             0x0801ee6b    0x30  Code  Gb  Serial.o [1]
remove_chain            0x0802fc97    0x6a  Code  Lc  ff.o [1]
sFLASH_EraseSector      0x0801f2c7    0x44  Code  Gb  spi_flash.o [1]
sFLASH_Init             0x0801f261    0x66  Code  Gb  spi_flash.o [1]
sFLASH_LowLevel_Init    0x0801f5f5    0x9e  Code  Gb  spi_flash.o [1]
sFLASH_ReadBuffer       0x0801f4bb    0x52  Code  Gb  spi_flash.o [1]
sFLASH_ReadID           0x0801f50d    0x4a  Code  Gb  spi_flash.o [1]
sFLASH_SendByte         0x0801f557    0x32  Code  Gb  spi_flash.o [1]
sFLASH_WaitForWriteEnd  0x0801f5c7    0x2e  Code  Gb  spi_flash.o [1]
sFLASH_WriteBuffer      0x0801f367   0x154  Code  Gb  spi_flash.o [1]
sFLASH_WriteEnable      0x0801f589    0x3e  Code  Gb  spi_flash.o [1]
sFLASH_WritePage        0x0801f30b    0x5c  Code  Gb  spi_flash.o [1]
sprintf                 0x0802309d    0x34  Code  Gb  sprintf.o [3]
strchr                  0x0802c0b9          Code  Gb  strchr.o [5]
strcpy                  0x0802b1c9          Code  Gb  strcpy.o [5]
strlen                  0x0802c061          Code  Gb  strlen.o [5]
strstr                  0x0802c051     0x8  Code  Gb  Wifi.o [1]
sum_sfn                 0x08030133    0x1e  Code  Lc  ff.o [1]
sync                    0x0802f9a1    0xd6  Code  Lc  ff.o [1]
sys_alloc               0x0802c69d   0x140  Code  Lc  dlmalloc.o [3]
syslock_o               0x20014f10     0x4  Data  Lc  xsyslock.o [3]
table_cho               0x08011a74    0x18  Data  Gb  GraphicLcd.o [1]
table_jong              0x08011aac    0x20  Data  Gb  GraphicLcd.o [1]
table_joong             0x08011a8c    0x20  Data  Gb  GraphicLcd.o [1]
tmalloc_large           0x0802c7ed   0x374  Code  Lc  dlmalloc.o [3]
tmalloc_small           0x0802cb61   0x1e4  Code  Lc  dlmalloc.o [3]
tolower                 0x0802f161    0x14  Code  Gb  tolower.o [3]
usbd_cdc_AltSet         0x20015250     0x4  Data  Lc  usbd_cdc_core.o [1]
usbd_cdc_CfgDesc        0x20000130    0x44  Data  Gb  usbd_cdc_core.o [1]
usbd_cdc_DataIn         0x080352b3    0x8a  Code  Lc  usbd_cdc_core.o [1]
usbd_cdc_DataOut        0x0803533d    0x30  Code  Lc  usbd_cdc_core.o [1]
usbd_cdc_DeInit         0x0803519f    0x26  Code  Lc  usbd_cdc_core.o [1]
usbd_cdc_EP0_RxReady    0x0803528f    0x24  Code  Lc  usbd_cdc_core.o [1]
usbd_cdc_Init           0x08035141    0x5e  Code  Lc  usbd_cdc_core.o [1]
usbd_cdc_SOF            0x0803536d    0x1e  Code  Lc  usbd_cdc_core.o [1]
usbd_cdc_Setup          0x080351c5    0xca  Code  Lc  usbd_cdc_core.o [1]
validate                0x080309f1    0x2a  Code  Lc  ff.o [1]


[1] = F:\Work\S&G2000\Firmware\DTG_EMS_SYSTEM\Project\EWARM\STM3220F_EVAL\Obj
[2] = command line
[3] = dl7M_tlf.a
[4] = m7M_tl.a
[5] = rt7M_tl.a
[6] = shb_l.a

  154 152 bytes of readonly  code memory
      682 bytes of readonly  data memory
  111 468 bytes of readwrite data memory

Errors: none
Warnings: none
