###############################################################################
#                                                                             #
# IAR ELF Linker V6.10.1.52143/W32 for ARM              20/Dec/2011  16:28:25 #
# Copyright 2007-2010 IAR Systems AB.                                         #
#                                                                             #
#    Output file  =  E:\Work\Firmware\DTG\WIFI_RELAY_TEST\Project\EWARM\STM32 #
#                    20F_EVAL\Exe\Project.out                                 #
#    Map file     =  E:\Work\Firmware\DTG\WIFI_RELAY_TEST\Project\EWARM\STM32 #
#                    20F_EVAL\List\Project.map                                #
#    Command line =  E:\Work\Firmware\DTG\WIFI_RELAY_TEST\Project\EWARM\STM32 #
#                    20F_EVAL\Obj\Adc_Process.o E:\Work\Firmware\DTG\WIFI_REL #
#                    AY_TEST\Project\EWARM\STM3220F_EVAL\Obj\DAC_Control.o    #
#                    E:\Work\Firmware\DTG\WIFI_RELAY_TEST\Project\EWARM\STM32 #
#                    20F_EVAL\Obj\Display.o E:\Work\Firmware\DTG\WIFI_RELAY_T #
#                    EST\Project\EWARM\STM3220F_EVAL\Obj\Drive_Process.o      #
#                    E:\Work\Firmware\DTG\WIFI_RELAY_TEST\Project\EWARM\STM32 #
#                    20F_EVAL\Obj\Eeprom.o E:\Work\Firmware\DTG\WIFI_RELAY_TE #
#                    ST\Project\EWARM\STM3220F_EVAL\Obj\Ems_System.o          #
#                    E:\Work\Firmware\DTG\WIFI_RELAY_TEST\Project\EWARM\STM32 #
#                    20F_EVAL\Obj\GPSLIB.o E:\Work\Firmware\DTG\WIFI_RELAY_TE #
#                    ST\Project\EWARM\STM3220F_EVAL\Obj\GraphicLcd.o          #
#                    E:\Work\Firmware\DTG\WIFI_RELAY_TEST\Project\EWARM\STM32 #
#                    20F_EVAL\Obj\Key_Process.o E:\Work\Firmware\DTG\WIFI_REL #
#                    AY_TEST\Project\EWARM\STM3220F_EVAL\Obj\Log.o            #
#                    E:\Work\Firmware\DTG\WIFI_RELAY_TEST\Project\EWARM\STM32 #
#                    20F_EVAL\Obj\Memory.o E:\Work\Firmware\DTG\WIFI_RELAY_TE #
#                    ST\Project\EWARM\STM3220F_EVAL\Obj\PC_COM.o              #
#                    E:\Work\Firmware\DTG\WIFI_RELAY_TEST\Project\EWARM\STM32 #
#                    20F_EVAL\Obj\RTC.o E:\Work\Firmware\DTG\WIFI_RELAY_TEST\ #
#                    Project\EWARM\STM3220F_EVAL\Obj\Serial.o                 #
#                    E:\Work\Firmware\DTG\WIFI_RELAY_TEST\Project\EWARM\STM32 #
#                    20F_EVAL\Obj\Tilt.o E:\Work\Firmware\DTG\WIFI_RELAY_TEST #
#                    \Project\EWARM\STM3220F_EVAL\Obj\Voice.o                 #
#                    E:\Work\Firmware\DTG\WIFI_RELAY_TEST\Project\EWARM\STM32 #
#                    20F_EVAL\Obj\Wifi.o E:\Work\Firmware\DTG\WIFI_RELAY_TEST #
#                    \Project\EWARM\STM3220F_EVAL\Obj\ccsbcs.o                #
#                    E:\Work\Firmware\DTG\WIFI_RELAY_TEST\Project\EWARM\STM32 #
#                    20F_EVAL\Obj\fattime.o E:\Work\Firmware\DTG\WIFI_RELAY_T #
#                    EST\Project\EWARM\STM3220F_EVAL\Obj\ff.o                 #
#                    E:\Work\Firmware\DTG\WIFI_RELAY_TEST\Project\EWARM\STM32 #
#                    20F_EVAL\Obj\flash_if.o E:\Work\Firmware\DTG\WIFI_RELAY_ #
#                    TEST\Project\EWARM\STM3220F_EVAL\Obj\fsmc_nand.o         #
#                    E:\Work\Firmware\DTG\WIFI_RELAY_TEST\Project\EWARM\STM32 #
#                    20F_EVAL\Obj\i2c_ee.o E:\Work\Firmware\DTG\WIFI_RELAY_TE #
#                    ST\Project\EWARM\STM3220F_EVAL\Obj\main.o                #
#                    E:\Work\Firmware\DTG\WIFI_RELAY_TEST\Project\EWARM\STM32 #
#                    20F_EVAL\Obj\misc.o E:\Work\Firmware\DTG\WIFI_RELAY_TEST #
#                    \Project\EWARM\STM3220F_EVAL\Obj\nand_if.o               #
#                    E:\Work\Firmware\DTG\WIFI_RELAY_TEST\Project\EWARM\STM32 #
#                    20F_EVAL\Obj\spi_flash.o E:\Work\Firmware\DTG\WIFI_RELAY #
#                    _TEST\Project\EWARM\STM3220F_EVAL\Obj\startup_stm32f2xx. #
#                    o E:\Work\Firmware\DTG\WIFI_RELAY_TEST\Project\EWARM\STM #
#                    3220F_EVAL\Obj\stm32f2xx_adc.o                           #
#                    E:\Work\Firmware\DTG\WIFI_RELAY_TEST\Project\EWARM\STM32 #
#                    20F_EVAL\Obj\stm32f2xx_can.o                             #
#                    E:\Work\Firmware\DTG\WIFI_RELAY_TEST\Project\EWARM\STM32 #
#                    20F_EVAL\Obj\stm32f2xx_crc.o                             #
#                    E:\Work\Firmware\DTG\WIFI_RELAY_TEST\Project\EWARM\STM32 #
#                    20F_EVAL\Obj\stm32f2xx_cryp.o                            #
#                    E:\Work\Firmware\DTG\WIFI_RELAY_TEST\Project\EWARM\STM32 #
#                    20F_EVAL\Obj\stm32f2xx_dac.o                             #
#                    E:\Work\Firmware\DTG\WIFI_RELAY_TEST\Project\EWARM\STM32 #
#                    20F_EVAL\Obj\stm32f2xx_dbgmcu.o                          #
#                    E:\Work\Firmware\DTG\WIFI_RELAY_TEST\Project\EWARM\STM32 #
#                    20F_EVAL\Obj\stm32f2xx_dcmi.o                            #
#                    E:\Work\Firmware\DTG\WIFI_RELAY_TEST\Project\EWARM\STM32 #
#                    20F_EVAL\Obj\stm32f2xx_dma.o                             #
#                    E:\Work\Firmware\DTG\WIFI_RELAY_TEST\Project\EWARM\STM32 #
#                    20F_EVAL\Obj\stm32f2xx_exti.o                            #
#                    E:\Work\Firmware\DTG\WIFI_RELAY_TEST\Project\EWARM\STM32 #
#                    20F_EVAL\Obj\stm32f2xx_flash.o                           #
#                    E:\Work\Firmware\DTG\WIFI_RELAY_TEST\Project\EWARM\STM32 #
#                    20F_EVAL\Obj\stm32f2xx_fsmc.o                            #
#                    E:\Work\Firmware\DTG\WIFI_RELAY_TEST\Project\EWARM\STM32 #
#                    20F_EVAL\Obj\stm32f2xx_gpio.o                            #
#                    E:\Work\Firmware\DTG\WIFI_RELAY_TEST\Project\EWARM\STM32 #
#                    20F_EVAL\Obj\stm32f2xx_hash.o                            #
#                    E:\Work\Firmware\DTG\WIFI_RELAY_TEST\Project\EWARM\STM32 #
#                    20F_EVAL\Obj\stm32f2xx_i2c.o                             #
#                    E:\Work\Firmware\DTG\WIFI_RELAY_TEST\Project\EWARM\STM32 #
#                    20F_EVAL\Obj\stm32f2xx_it.o                              #
#                    E:\Work\Firmware\DTG\WIFI_RELAY_TEST\Project\EWARM\STM32 #
#                    20F_EVAL\Obj\stm32f2xx_iwdg.o                            #
#                    E:\Work\Firmware\DTG\WIFI_RELAY_TEST\Project\EWARM\STM32 #
#                    20F_EVAL\Obj\stm32f2xx_pwr.o                             #
#                    E:\Work\Firmware\DTG\WIFI_RELAY_TEST\Project\EWARM\STM32 #
#                    20F_EVAL\Obj\stm32f2xx_rcc.o                             #
#                    E:\Work\Firmware\DTG\WIFI_RELAY_TEST\Project\EWARM\STM32 #
#                    20F_EVAL\Obj\stm32f2xx_rng.o                             #
#                    E:\Work\Firmware\DTG\WIFI_RELAY_TEST\Project\EWARM\STM32 #
#                    20F_EVAL\Obj\stm32f2xx_rtc.o                             #
#                    E:\Work\Firmware\DTG\WIFI_RELAY_TEST\Project\EWARM\STM32 #
#                    20F_EVAL\Obj\stm32f2xx_sdio.o                            #
#                    E:\Work\Firmware\DTG\WIFI_RELAY_TEST\Project\EWARM\STM32 #
#                    20F_EVAL\Obj\stm32f2xx_spi.o                             #
#                    E:\Work\Firmware\DTG\WIFI_RELAY_TEST\Project\EWARM\STM32 #
#                    20F_EVAL\Obj\stm32f2xx_syscfg.o                          #
#                    E:\Work\Firmware\DTG\WIFI_RELAY_TEST\Project\EWARM\STM32 #
#                    20F_EVAL\Obj\stm32f2xx_tim.o                             #
#                    E:\Work\Firmware\DTG\WIFI_RELAY_TEST\Project\EWARM\STM32 #
#                    20F_EVAL\Obj\stm32f2xx_usart.o                           #
#                    E:\Work\Firmware\DTG\WIFI_RELAY_TEST\Project\EWARM\STM32 #
#                    20F_EVAL\Obj\stm32f2xx_wwdg.o                            #
#                    E:\Work\Firmware\DTG\WIFI_RELAY_TEST\Project\EWARM\STM32 #
#                    20F_EVAL\Obj\system_stm32f2xx.o                          #
#                    E:\Work\Firmware\DTG\WIFI_RELAY_TEST\Project\EWARM\STM32 #
#                    20F_EVAL\Obj\usb_bsp.o E:\Work\Firmware\DTG\WIFI_RELAY_T #
#                    EST\Project\EWARM\STM3220F_EVAL\Obj\usb_core.o           #
#                    E:\Work\Firmware\DTG\WIFI_RELAY_TEST\Project\EWARM\STM32 #
#                    20F_EVAL\Obj\usb_hcd.o E:\Work\Firmware\DTG\WIFI_RELAY_T #
#                    EST\Project\EWARM\STM3220F_EVAL\Obj\usb_hcd_int.o        #
#                    E:\Work\Firmware\DTG\WIFI_RELAY_TEST\Project\EWARM\STM32 #
#                    20F_EVAL\Obj\usbh_core.o E:\Work\Firmware\DTG\WIFI_RELAY #
#                    _TEST\Project\EWARM\STM3220F_EVAL\Obj\usbh_hcs.o         #
#                    E:\Work\Firmware\DTG\WIFI_RELAY_TEST\Project\EWARM\STM32 #
#                    20F_EVAL\Obj\usbh_ioreq.o E:\Work\Firmware\DTG\WIFI_RELA #
#                    Y_TEST\Project\EWARM\STM3220F_EVAL\Obj\usbh_msc_bot.o    #
#                    E:\Work\Firmware\DTG\WIFI_RELAY_TEST\Project\EWARM\STM32 #
#                    20F_EVAL\Obj\usbh_msc_core.o                             #
#                    E:\Work\Firmware\DTG\WIFI_RELAY_TEST\Project\EWARM\STM32 #
#                    20F_EVAL\Obj\usbh_msc_fatfs.o                            #
#                    E:\Work\Firmware\DTG\WIFI_RELAY_TEST\Project\EWARM\STM32 #
#                    20F_EVAL\Obj\usbh_msc_scsi.o                             #
#                    E:\Work\Firmware\DTG\WIFI_RELAY_TEST\Project\EWARM\STM32 #
#                    20F_EVAL\Obj\usbh_stdreq.o E:\Work\Firmware\DTG\WIFI_REL #
#                    AY_TEST\Project\EWARM\STM3220F_EVAL\Obj\usbh_usr.o       #
#                    --redirect _Scanf=_ScanfSmall -o                         #
#                    E:\Work\Firmware\DTG\WIFI_RELAY_TEST\Project\EWARM\STM32 #
#                    20F_EVAL\Exe\Project.out --map                           #
#                    E:\Work\Firmware\DTG\WIFI_RELAY_TEST\Project\EWARM\STM32 #
#                    20F_EVAL\List\Project.map --log                          #
#                    libraries,initialization,modules,redirects,sections,     #
#                    veneers,unused_fragments --log_file                      #
#                    E:\Work\Firmware\DTG\WIFI_RELAY_TEST\Project\EWARM\STM32 #
#                    20F_EVAL\List\Project.log --config                       #
#                    E:\Work\Firmware\DTG\WIFI_RELAY_TEST\Project\EWARM\stm32 #
#                    f2xx_flash.icf --semihosting --entry __iar_program_start #
#                                                                             #
#                                                                             #
###############################################################################

*******************************************************************************
*** RUNTIME MODEL ATTRIBUTES
***

CppFlavor       = *
__SystemLibrary = DLib


*******************************************************************************
*** PLACEMENT SUMMARY
***

"A1":  place at 0x08010000 { ro section .intvec };
"P1":  place in [from 0x08010000 to 0x080fffff] { ro };
"P2":  place in [from 0x20000000 to 0x20020000] { rw, block CSTACK, block HEAP };

  Section             Kind        Address     Size  Object
  -------             ----        -------     ----  ------
"A1":                                        0x184
  .intvec             ro code  0x08010000    0x184  startup_stm32f2xx.o [1]
                             - 0x08010184    0x184

"P1":                                      0x1f7d8
  .text               ro code  0x08010184   0x5ab8  GraphicLcd.o [1]
  .text               ro code  0x08015c3c    0x116  stm32f2xx_gpio.o [1]
  .text               ro code  0x08015d52     0x22  zero_init3.o [5]
  .text               ro code  0x08015d74    0x2cc  stm32f2xx_rcc.o [1]
  .text               ro code  0x08016040    0x1fc  stm32f2xx_tim.o [1]
  .text               ro code  0x0801623c   0x1210  main.o [1]
  .text               ro code  0x0801744c     0x14  usbh_usr.o [1]
  .text               ro code  0x08017460     0x54  stm32f2xx_syscfg.o [1]
  .text               ro code  0x080174b4     0xc8  stm32f2xx_exti.o [1]
  .text               ro code  0x0801757c     0x98  misc.o [1]
  .text               ro code  0x08017614     0x30  I32ToFlt.o [4]
  .text               ro code  0x08017644     0xfc  FltDiv.o [4]
  .text               ro code  0x08017740     0x24  FltCmpGe.o [4]
  .text               ro code  0x08017764     0x24  FltCmpLe.o [4]
  .text               ro code  0x08017788     0x2e  I32ToDbl.o [4]
  .text               ro code  0x080177b6      0xa  xsprout.o [3]
  .text               ro code  0x080177c0    0x246  DblDiv.o [4]
  .text               ro code  0x08017a08     0x56  DblToI32.o [4]
  .text               ro code  0x08017a5e      0xe  usbh_usr.o [1]
  .text               ro code  0x08017a6c     0xd8  FltMul.o [4]
  .text               ro code  0x08017b44     0x24  FltToU32.o [4]
  .text               ro code  0x08017b68     0x82  FltAdd.o [4]
  .text               ro code  0x08017bec    0x4e8  Voice.o [1]
  .text               ro code  0x080180d4    0x124  system_stm32f2xx.o [1]
  .text               ro code  0x080181f8   0x1dec  Ems_System.o [1]
  .text               ro code  0x08019fe4    0x624  i2c_ee.o [1]
  .text               ro code  0x0801a608    0x598  fsmc_nand.o [1]
  .text               ro code  0x0801aba0    0x400  Key_Process.o [1]
  .text               ro code  0x0801afa0    0x598  Serial.o [1]
  .text               ro code  0x0801b538    0x340  Adc_Process.o [1]
  .text               ro code  0x0801b878    0x440  spi_flash.o [1]
  .text               ro code  0x0801bcb8    0x724  Tilt.o [1]
  .text               ro code  0x0801c3dc    0x1b8  DAC_Control.o [1]
  .text               ro code  0x0801c594     0xac  stm32f2xx_dac.o [1]
  .text               ro code  0x0801c640    0x738  usbh_core.o [1]
  .text               ro code  0x0801cd78     0x24  printf.o [3]
  .text               ro code  0x0801cd9c     0xa0  Log.o [1]
  .text               ro code  0x0801ce3c    0x4e4  Eeprom.o [1]
  .text               ro code  0x0801d320    0x488  RTC.o [1]
  .text               ro code  0x0801d7a8    0xc50  Memory.o [1]
  .text               ro code  0x0801e3f8    0x4cc  Drive_Process.o [1]
  .text               ro code  0x0801e8c4    0xfe8  Wifi.o [1]
  .text               ro code  0x0801f8ac     0x10  stm32f2xx_iwdg.o [1]
  .text               ro code  0x0801f8bc    0x9ec  GPSLIB.o [1]
  .text               ro code  0x080202a8   0x1314  PC_COM.o [1]
  .text               ro code  0x080215bc   0x28e4  Display.o [1]
  .text               ro code  0x08023ea0    0x1e4  stm32f2xx_usart.o [1]
  .text               ro code  0x08024084     0x66  ABImemset.o [5]
  .text               ro code  0x080240ec     0x70  ABImemcpy.o [5]
  .text               ro code  0x0802415c     0xe2  FltSub.o [4]
  .text               ro code  0x08024240     0x34  sprintf.o [3]
  .text               ro code  0x08024274    0x22a  stm32f2xx_i2c.o [1]
  .text               ro code  0x080244a0     0xf8  stm32f2xx_fsmc.o [1]
  .text               ro code  0x08024598    0x23c  stm32f2xx_dma.o [1]
  .text               ro code  0x080247d4    0x1c0  stm32f2xx_adc.o [1]
  .text               ro code  0x08024994     0x44  FltToS32.o [4]
  .text               ro code  0x080249d8     0x78  stm32f2xx_spi.o [1]
  .text               ro code  0x08024a50     0x4e  FltToDbl.o [4]
  .text               ro code  0x08024aa0     0x8c  atan.o [4]
  .text               ro code  0x08024b2c    0x1a2  DblMul.o [4]
  .text               ro code  0x08024cd0     0x90  DblToFlt.o [4]
  .text               ro code  0x08024d60     0x1c  FltCmpEq.o [4]
  .text               ro code  0x08024d7c      0x8  abs.o [3]
  .text               ro code  0x08024d84    0x210  usb_bsp.o [1]
  .text               ro code  0x08024f94     0xc8  usb_hcd.o [1]
  .text               ro code  0x0802505c    0x18a  usbh_hcs.o [1]
  .text               ro code  0x080251e6    0x360  usbh_stdreq.o [1]
  .text               ro code  0x08025546    0x20a  usbh_ioreq.o [1]
  .text               ro code  0x08025750   0x1076  xprintffull.o [3]
  .text               ro code  0x080267c8     0x44  strcpy.o [5]
  .text               ro code  0x0802680c    0x21c  nand_if.o [1]
  .text               ro code  0x08026a28      0xc  stm32f2xx_pwr.o [1]
  .text               ro code  0x08026a34    0x428  stm32f2xx_rtc.o [1]
  .text               ro code  0x08026e5c      0x8  Wifi.o [1]
  .text               ro code  0x08026e64      0x8  atoi.o [3]
  .text               ro code  0x08026e6c     0x62  memcmp.o [5]
  .text               ro code  0x08026ece      0x8  atof.o [4]
  .text               ro code  0x08026ed6     0x38  xdtest.o [4]
  .text               ro code  0x08026f10     0x2e  DblCmpLe.o [4]
  .text               ro code  0x08026f40     0x2e  DblCmpGe.o [4]
  .text               ro code  0x08026f70    0x1f8  xatan.o [4]
  .text               ro code  0x08027168    0x9d0  usb_core.o [1]
  .text               ro code  0x08027b38     0x20  xmbtowc.o [3]
  .text               ro code  0x08027b58     0x16  strchr.o [5]
  .text               ro code  0x08027b70     0x58  memchr.o [5]
  .text               ro code  0x08027bc8     0x36  strlen.o [5]
  .text               ro code  0x08027bfe      0xa  xmbcurmax.o [3]
  .text               ro code  0x08027c08   0x12ec  dlmalloc.o [3]
  .text               ro code  0x08028ef4     0x1a  xwctomb.o [3]
  .text               ro code  0x08028f10    0x12e  I64DivMod.o [5]
  .text               ro code  0x08029040     0x44  xdnorm.o [4]
  .text               ro code  0x08029084    0x118  xdscale.o [4]
  .text               ro code  0x0802919c    0x17e  DblSub.o [4]
  .text               ro code  0x0802931c     0x6c  localeconv.o [3]
  .text               ro code  0x08029388      0xe  div.o [3]
  .text               ro code  0x08029396     0x30  strstr.o [3]
  .text               ro code  0x080293c8    0x174  xstoul.o [3]
  .text               ro code  0x0802953c    0x144  xstod.o [4]
  .text               ro code  0x08029680     0xe6  DblAdd.o [4]
  .text               ro code  0x08029768     0x24  setlocale.o [3]
  .text               ro code  0x0802978c     0x5c  xencoding_sb.o [3]
  .text               ro code  0x080297e8      0xa  abort.o [3]
  .text               ro code  0x080297f4     0x28  xgetmemchunk.o [3]
  .text               ro code  0x0802981c     0xb4  xsyslock.o [3]
  .text               ro code  0x080298d0      0x2  I64DivZer.o [5]
  .text               ro code  0x080298d2      0x2  xtls.o [3]
  .text               ro code  0x080298d4     0x28  isxxx.o [3]
  .text               ro code  0x080298fc     0x14  tolower.o [3]
  .text               ro code  0x08029910      0xc  errno.o [3]
  .text               ro code  0x0802991c    0x134  xstopfx.o [3]
  .text               ro code  0x08029a50    0x1b8  xstoflt.o [3]
  .text               ro code  0x08029c08    0x1e0  xdtento.o [4]
  .text               ro code  0x08029de8    0x20c  xstoxflt.o [3]
  .text               ro code  0x08029ff4     0x14  exit.o [6]
  .text               ro code  0x0802a008      0x4  xmtx2.o [3]
  .text               ro code  0x0802a00c      0x8  xmtx.o [3]
  .text               ro code  0x0802a014     0x16  xlocale_c.o [3]
  .text               ro code  0x0802a02a     0x14  xlocale_c.o [3]
  .text               ro code  0x0802a03e      0xc  xlocale_c.o [3]
  .text               ro code  0x0802a04c     0x20  DblCmpEq.o [4]
  .text               ro code  0x0802a06c   0x1ca0  ff.o [1]
  .text               ro code  0x0802bd0c    0x14c  usbh_msc_fatfs.o [1]
  .text               ro code  0x0802be58    0x550  ccsbcs.o [1]
  .text               ro code  0x0802c3a8      0x4  fattime.o [1]
  .text               ro code  0x0802c3ac    0x5c4  usbh_msc_scsi.o [1]
  .text               ro code  0x0802c970    0x46c  usbh_msc_bot.o [1]
  .text               ro code  0x0802cddc   0x1288  usbh_usr.o [1]
  .text               ro code  0x0802e064    0x164  flash_if.o [1]
  .text               ro code  0x0802e1c8    0x19a  stm32f2xx_flash.o [1]
  .text               ro code  0x0802e362    0xb46  usb_hcd_int.o [1]
  .text               ro code  0x0802eea8    0x3bc  usbh_msc_core.o [1]
  .text               ro code  0x0802f264    0x250  stm32f2xx_it.o [1]
  .text               ro code  0x0802f4b4     0x20  stm32f2xx_wwdg.o [1]
  .text               ro code  0x0802f4d4     0xa8  packbits_init3.o [5]
  .text               ro code  0x0802f57c     0x2c  data_init3.o [5]
  .iar.init_table     const    0x0802f5a8     0x2c  - Linker created -
  .text               ro code  0x0802f5d4     0x16  cmain.o [5]
  .text               ro code  0x0802f5ea      0x4  low_level_init.o [3]
  .text               ro code  0x0802f5ee      0x8  exit.o [3]
  .text               ro code  0x0802f5f8      0xe  cexit.o [5]
  .text               ro code  0x0802f606     0x16  xprout.o [3]
  .text               ro code  0x0802f61c      0xc  putchar.o [3]
  .text               ro code  0x0802f628     0x10  startup_stm32f2xx.o [1]
  .text               ro code  0x0802f638      0xc  cstartup_M.o [5]
  .text               ro code  0x0802f644      0x4  startup_stm32f2xx.o [1]
  .text               ro code  0x0802f648      0x4  startup_stm32f2xx.o [1]
  .text               ro code  0x0802f64c      0x4  startup_stm32f2xx.o [1]
  .text               ro code  0x0802f650      0x4  startup_stm32f2xx.o [1]
  .text               ro code  0x0802f654      0x4  startup_stm32f2xx.o [1]
  .text               ro code  0x0802f658      0x4  startup_stm32f2xx.o [1]
  .text               ro code  0x0802f65c      0x4  startup_stm32f2xx.o [1]
  .text               ro code  0x0802f660      0x4  startup_stm32f2xx.o [1]
  .text               ro code  0x0802f664      0x4  startup_stm32f2xx.o [1]
  .text               ro code  0x0802f668      0x4  startup_stm32f2xx.o [1]
  .text               ro code  0x0802f66c      0x4  startup_stm32f2xx.o [1]
  .text               ro code  0x0802f670      0x4  startup_stm32f2xx.o [1]
  .text               ro code  0x0802f674      0x4  startup_stm32f2xx.o [1]
  .text               ro code  0x0802f678      0x4  startup_stm32f2xx.o [1]
  .text               ro code  0x0802f67c      0x4  startup_stm32f2xx.o [1]
  .text               ro code  0x0802f680      0x4  startup_stm32f2xx.o [1]
  .text               ro code  0x0802f684      0x4  startup_stm32f2xx.o [1]
  .text               ro code  0x0802f688      0x4  startup_stm32f2xx.o [1]
  .text               ro code  0x0802f68c      0x4  startup_stm32f2xx.o [1]
  .text               ro code  0x0802f690      0x4  startup_stm32f2xx.o [1]
  .text               ro code  0x0802f694      0x4  startup_stm32f2xx.o [1]
  .text               ro code  0x0802f698      0x4  startup_stm32f2xx.o [1]
  .text               ro code  0x0802f69c      0x4  startup_stm32f2xx.o [1]
  .text               ro code  0x0802f6a0      0x4  startup_stm32f2xx.o [1]
  .text               ro code  0x0802f6a4      0x4  startup_stm32f2xx.o [1]
  .text               ro code  0x0802f6a8      0x4  startup_stm32f2xx.o [1]
  .text               ro code  0x0802f6ac      0x4  startup_stm32f2xx.o [1]
  .text               ro code  0x0802f6b0      0x4  startup_stm32f2xx.o [1]
  .text               ro code  0x0802f6b4      0x4  startup_stm32f2xx.o [1]
  .text               ro code  0x0802f6b8      0x4  startup_stm32f2xx.o [1]
  .text               ro code  0x0802f6bc      0x4  startup_stm32f2xx.o [1]
  .text               ro code  0x0802f6c0      0x4  startup_stm32f2xx.o [1]
  .text               ro code  0x0802f6c4      0x4  startup_stm32f2xx.o [1]
  .text               ro code  0x0802f6c8      0x4  startup_stm32f2xx.o [1]
  .text               ro code  0x0802f6cc      0x4  startup_stm32f2xx.o [1]
  .text               ro code  0x0802f6d0      0x4  startup_stm32f2xx.o [1]
  .text               ro code  0x0802f6d4      0x4  startup_stm32f2xx.o [1]
  .text               ro code  0x0802f6d8      0x4  startup_stm32f2xx.o [1]
  .text               ro code  0x0802f6dc      0x4  startup_stm32f2xx.o [1]
  .text               ro code  0x0802f6e0      0x4  startup_stm32f2xx.o [1]
  .text               ro code  0x0802f6e4      0x4  startup_stm32f2xx.o [1]
  .text               ro code  0x0802f6e8      0x4  startup_stm32f2xx.o [1]
  .text               ro code  0x0802f6ec      0x4  startup_stm32f2xx.o [1]
  .text               ro code  0x0802f6f0      0x4  startup_stm32f2xx.o [1]
  .text               ro code  0x0802f6f4      0x4  startup_stm32f2xx.o [1]
  .text               ro code  0x0802f6f8      0x4  startup_stm32f2xx.o [1]
  .text               ro code  0x0802f6fc      0x4  startup_stm32f2xx.o [1]
  .text               ro code  0x0802f700      0x4  startup_stm32f2xx.o [1]
  .text               ro code  0x0802f704      0x4  startup_stm32f2xx.o [1]
  .text               ro code  0x0802f708      0x4  startup_stm32f2xx.o [1]
  .text               ro code  0x0802f70c      0x4  startup_stm32f2xx.o [1]
  .text               ro code  0x0802f710      0x4  startup_stm32f2xx.o [1]
  .text               ro code  0x0802f714      0x4  startup_stm32f2xx.o [1]
  .text               ro code  0x0802f718      0x4  startup_stm32f2xx.o [1]
  .text               ro code  0x0802f71c      0x4  startup_stm32f2xx.o [1]
  .text               ro code  0x0802f720      0x4  startup_stm32f2xx.o [1]
  .text               ro code  0x0802f724      0x4  startup_stm32f2xx.o [1]
  .text               ro code  0x0802f728      0x4  startup_stm32f2xx.o [1]
  .text               ro code  0x0802f72c      0x4  startup_stm32f2xx.o [1]
  .text               ro code  0x0802f730      0x4  startup_stm32f2xx.o [1]
  .text               ro code  0x0802f734      0x4  startup_stm32f2xx.o [1]
  .text               ro code  0x0802f738      0x4  startup_stm32f2xx.o [1]
  .text               ro code  0x0802f73c      0x4  startup_stm32f2xx.o [1]
  .text               ro code  0x0802f740      0x4  startup_stm32f2xx.o [1]
  .text               ro code  0x0802f744      0x4  startup_stm32f2xx.o [1]
  .text               ro code  0x0802f748      0x4  startup_stm32f2xx.o [1]
  .text               ro code  0x0802f74c      0x4  startup_stm32f2xx.o [1]
  .text               ro code  0x0802f750      0x4  startup_stm32f2xx.o [1]
  .text               ro code  0x0802f754      0x4  startup_stm32f2xx.o [1]
  .text               ro code  0x0802f758      0x4  startup_stm32f2xx.o [1]
  .text               ro code  0x0802f75c      0x4  startup_stm32f2xx.o [1]
  .text               ro code  0x0802f760      0x4  startup_stm32f2xx.o [1]
  .text               ro code  0x0802f764      0x4  startup_stm32f2xx.o [1]
  .text               ro code  0x0802f768      0x4  startup_stm32f2xx.o [1]
  .text               ro code  0x0802f76c      0x4  startup_stm32f2xx.o [1]
  .text               ro code  0x0802f770      0x4  startup_stm32f2xx.o [1]
  .text               ro code  0x0802f774      0x4  startup_stm32f2xx.o [1]
  .text               ro code  0x0802f778      0x4  startup_stm32f2xx.o [1]
  .text               ro code  0x0802f77c      0x4  startup_stm32f2xx.o [1]
  .text               ro code  0x0802f780      0x4  startup_stm32f2xx.o [1]
  .text               ro code  0x0802f784      0x4  startup_stm32f2xx.o [1]
  .text               ro code  0x0802f788      0x4  startup_stm32f2xx.o [1]
  .text               ro code  0x0802f78c      0x4  startup_stm32f2xx.o [1]
  .text               ro code  0x0802f790      0x4  startup_stm32f2xx.o [1]
  .text               ro code  0x0802f794      0x4  startup_stm32f2xx.o [1]
  .text               ro code  0x0802f798      0x4  startup_stm32f2xx.o [1]
  .text               ro code  0x0802f79c      0x4  startup_stm32f2xx.o [1]
  .text               ro code  0x0802f7a0      0x4  startup_stm32f2xx.o [1]
  .text               ro code  0x0802f7a4      0x4  startup_stm32f2xx.o [1]
  .text               ro code  0x0802f7a8      0x4  startup_stm32f2xx.o [1]
  .text               ro code  0x0802f7ac      0x0  cstart_clearlocks.o [5]
  Initializer bytes   ro data  0x0802f7ac    0x1af  <for P2 s0>
                             - 0x0802f95b  0x1f7d7

"P2", part 1 of 3:                           0x248
  P2 s0                        0x20000000    0x247  <Init block>
    .data             inited   0x20000000     0x50  Wifi.o [1]
    __DLIB_PERTHREAD  inited   0x20000050     0x50  localeconv.o [3]
    .data             inited   0x200000a0     0x48  Display.o [1]
    .data             inited   0x200000e8     0x48  usbh_usr.o [1]
    .data             inited   0x20000130     0x40  xfiles.o [3]
    .data             inited   0x20000170     0x34  Display.o [1]
    .data             inited   0x200001a4     0x34  RTC.o [1]
    .data             inited   0x200001d8     0x28  Display.o [1]
    .data             inited   0x20000200     0x14  Display.o [1]
    .data             inited   0x20000214     0x10  usbh_msc_core.o [1]
    .data             inited   0x20000224      0xc  Display.o [1]
    .data             inited   0x20000230      0xc  usbh_core.o [1]
    .data             inited   0x2000023c      0x4  Wifi.o [1]
    .data             inited   0x20000240      0x4  i2c_ee.o [1]
    .data             inited   0x20000244      0x1  usbh_msc_fatfs.o [1]
    .data             inited   0x20000245      0x1  usbh_msc_scsi.o [1]
    .data             inited   0x20000246      0x1  usbh_usr.o [1]
                             - 0x20000247    0x247

"P2", part 2 of 3:                         0x13ba0
  .bss                zero     0x20000248   0x2004  fsmc_nand.o [1]
  .bss                zero     0x2000224c   0x1f40  main.o [1]
  .bss                zero     0x2000418c   0x1f40  main.o [1]
  .bss                zero     0x200060cc   0x1de4  Wifi.o [1]
  .bss                zero     0x20007eb0   0x1b58  Wifi.o [1]
  .bss                zero     0x20009a08   0x1950  Wifi.o [1]
  .bss                zero     0x2000b358   0x18f8  Memory.o [1]
  .bss                zero     0x2000cc50   0x103c  nand_if.o [1]
  .bss                zero     0x2000dc8c   0x1038  nand_if.o [1]
  .bss                zero     0x2000ecc4    0x814  Serial.o [1]
  .bss                zero     0x2000f4d8    0x814  Serial.o [1]
  .bss                zero     0x2000fcec    0x814  Serial.o [1]
  .bss                zero     0x20010500    0x7d0  GraphicLcd.o [1]
  .bss                zero     0x20010cd0    0x7d0  GraphicLcd.o [1]
  .bss                zero     0x200114a0    0x4b0  main.o [1]
  .bss                zero     0x20011950    0x3e8  Adc_Process.o [1]
  .bss                zero     0x20011d38    0x230  usbh_usr.o [1]
  .bss                zero     0x20011f68    0x224  usbh_usr.o [1]
  .bss                zero     0x2001218c    0x200  ff.o [1]
  .bss                zero     0x2001238c    0x200  main.o [1]
  .bss                zero     0x2001258c    0x200  usbh_msc_scsi.o [1]
  .bss                zero     0x2001278c    0x1f4  PC_COM.o [1]
  .bss                zero     0x20012980    0x1f4  Wifi.o [1]
  .bss                zero     0x20012b74    0x1d4  dlmalloc.o [3]
  .bss                zero     0x20012d48    0x100  usbh_usr.o [1]
  .bss                zero     0x20012e48    0x100  usbh_usr.o [1]
  .bss                zero     0x20012f48     0xf8  GPSLIB.o [1]
  .bss                zero     0x20013040     0xf8  GPSLIB.o [1]
  .bss                zero     0x20013138     0xc8  Tilt.o [1]
  .bss                zero     0x20013200     0xc8  Tilt.o [1]
  .bss                zero     0x200132c8     0xb4  main.o [1]
  .bss                zero     0x2001337c     0xac  main.o [1]
  .bss                zero     0x20013428     0xac  main.o [1]
  .bss                zero     0x200134d4     0x84  main.o [1]
  __DLIB_PERTHREAD    zero     0x20013558     0x74  setlocale.o [3]
  .bss                zero     0x200135cc     0x68  Wifi.o [1]
  .bss                zero     0x20013634     0x68  main.o [1]
  .bss                zero     0x2001369c     0x64  Display.o [1]
  .bss                zero     0x20013700     0x64  usbh_usr.o [1]
  .bss                zero     0x20013764     0x60  main.o [1]
  .bss                zero     0x200137c4     0x58  Wifi.o [1]
  .bss                zero     0x2001381c     0x54  Wifi.o [1]
  .bss                zero     0x20013870     0x50  stm32f2xx_it.o [1]
  .bss                zero     0x200138c0     0x50  stm32f2xx_it.o [1]
  .bss                zero     0x20013910     0x50  xfiles.o [3]
  .bss                zero     0x20013960     0x4c  main.o [1]
  .bss                zero     0x200139ac     0x4c  usbh_msc_core.o [1]
  .bss                zero     0x200139f8     0x44  main.o [1]
  .bss                zero     0x20013a3c     0x38  xsyslock.o [3]
  .bss                zero     0x20013a74     0x34  Display.o [1]
  .bss                zero     0x20013aa8     0x28  stm32f2xx_it.o [1]
  .bss                zero     0x20013ad0     0x24  RTC.o [1]
  .bss                zero     0x20013af4     0x24  main.o [1]
  .bss                zero     0x20013b18     0x20  usbh_msc_bot.o [1]
  .bss                zero     0x20013b38     0x18  Memory.o [1]
  .bss                zero     0x20013b50     0x18  Tilt.o [1]
  .bss                zero     0x20013b68     0x18  dlmalloc.o [3]
  .bss                zero     0x20013b80     0x14  Key_Process.o [1]
  .bss                zero     0x20013b94     0x14  main.o [1]
  .bss                zero     0x20013ba8     0x10  DAC_Control.o [1]
  .bss                zero     0x20013bb8     0x10  Memory.o [1]
  .bss                zero     0x20013bc8     0x10  Memory.o [1]
  .bss                zero     0x20013bd8     0x10  main.o [1]
  .bss                zero     0x20013be8     0x10  main.o [1]
  .bss                zero     0x20013bf8     0x10  main.o [1]
  .bss                zero     0x20013c08     0x10  usbh_msc_bot.o [1]
  .bss                zero     0x20013c18     0x10  usbh_msc_bot.o [1]
  .bss                zero     0x20013c28     0x10  usbh_msc_scsi.o [1]
  .bss                zero     0x20013c38      0xc  Adc_Process.o [1]
  .bss                zero     0x20013c44      0xc  Ems_System.o [1]
  .bss                zero     0x20013c50      0xc  Ems_System.o [1]
  .bss                zero     0x20013c5c      0xc  Ems_System.o [1]
  .bss                zero     0x20013c68      0xc  Memory.o [1]
  .bss                zero     0x20013c74      0xc  Memory.o [1]
  .bss                zero     0x20013c80      0xc  RTC.o [1]
  .bss                zero     0x20013c8c      0xc  Wifi.o [1]
  .bss                zero     0x20013c98      0xc  main.o [1]
  .bss                zero     0x20013ca4      0x8  Display.o [1]
  .bss                zero     0x20013cac      0x4  DAC_Control.o [1]
  .bss                zero     0x20013cb0      0x4  DAC_Control.o [1]
  .bss                zero     0x20013cb4      0x4  Log.o [1]
  .bss                zero     0x20013cb8      0x4  RTC.o [1]
  .bss                zero     0x20013cbc      0x4  RTC.o [1]
  .bss                zero     0x20013cc0      0x4  RTC.o [1]
  .bss                zero     0x20013cc4      0x4  RTC.o [1]
  .bss                zero     0x20013cc8      0x4  RTC.o [1]
  .bss                zero     0x20013ccc      0x4  Serial.o [1]
  .bss                zero     0x20013cd0      0x4  Voice.o [1]
  .bss                zero     0x20013cd4      0x4  Voice.o [1]
  .bss                zero     0x20013cd8      0x4  Voice.o [1]
  .bss                zero     0x20013cdc      0x4  Voice.o [1]
  .bss                zero     0x20013ce0      0x4  Voice.o [1]
  .bss                zero     0x20013ce4      0x4  Wifi.o [1]
  .bss                zero     0x20013ce8      0x4  ff.o [1]
  .bss                zero     0x20013cec      0x4  fsmc_nand.o [1]
  .bss                zero     0x20013cf0      0x4  main.o [1]
  .bss                zero     0x20013cf4      0x4  stm32f2xx_it.o [1]
  .bss                zero     0x20013cf8      0x4  stm32f2xx_it.o [1]
  .bss                zero     0x20013cfc      0x4  stm32f2xx_it.o [1]
  .bss                zero     0x20013d00      0x4  stm32f2xx_it.o [1]
  .bss                zero     0x20013d04      0x4  usb_bsp.o [1]
  .bss                zero     0x20013d08      0x4  usbh_msc_bot.o [1]
  .bss                zero     0x20013d0c      0x4  usbh_msc_bot.o [1]
  .bss                zero     0x20013d10      0x4  usbh_msc_bot.o [1]
  .bss                zero     0x20013d14      0x4  xgetmemchunk.o [3]
  __DLIB_PERTHREAD    zero     0x20013d18      0x4  errno.o [3]
  .bss                zero     0x20013d1c      0x2  Adc_Process.o [1]
  .bss                zero     0x20013d1e      0x2  Display.o [1]
  .bss                zero     0x20013d20      0x2  Drive_Process.o [1]
  .bss                zero     0x20013d22      0x2  Ems_System.o [1]
  .bss                zero     0x20013d24      0x2  Ems_System.o [1]
  .bss                zero     0x20013d26      0x2  Ems_System.o [1]
  .bss                zero     0x20013d28      0x2  Ems_System.o [1]
  .bss                zero     0x20013d2a      0x2  Ems_System.o [1]
  .bss                zero     0x20013d2c      0x2  Ems_System.o [1]
  .bss                zero     0x20013d2e      0x2  Ems_System.o [1]
  .bss                zero     0x20013d30      0x2  Ems_System.o [1]
  .bss                zero     0x20013d32      0x2  Ems_System.o [1]
  .bss                zero     0x20013d34      0x2  Ems_System.o [1]
  .bss                zero     0x20013d36      0x2  Ems_System.o [1]
  .bss                zero     0x20013d38      0x2  Ems_System.o [1]
  .bss                zero     0x20013d3a      0x2  Ems_System.o [1]
  .bss                zero     0x20013d3c      0x2  Ems_System.o [1]
  .bss                zero     0x20013d3e      0x2  Ems_System.o [1]
  .bss                zero     0x20013d40      0x2  Ems_System.o [1]
  .bss                zero     0x20013d42      0x2  Ems_System.o [1]
  .bss                zero     0x20013d44      0x2  Ems_System.o [1]
  .bss                zero     0x20013d46      0x2  Ems_System.o [1]
  .bss                zero     0x20013d48      0x2  Ems_System.o [1]
  .bss                zero     0x20013d4a      0x2  Ems_System.o [1]
  .bss                zero     0x20013d4c      0x2  Ems_System.o [1]
  .bss                zero     0x20013d4e      0x2  GPSLIB.o [1]
  .bss                zero     0x20013d50      0x2  GPSLIB.o [1]
  .bss                zero     0x20013d52      0x2  GraphicLcd.o [1]
  .bss                zero     0x20013d54      0x2  GraphicLcd.o [1]
  .bss                zero     0x20013d56      0x2  Key_Process.o [1]
  .bss                zero     0x20013d58      0x2  Key_Process.o [1]
  .bss                zero     0x20013d5a      0x2  Key_Process.o [1]
  .bss                zero     0x20013d5c      0x2  PC_COM.o [1]
  .bss                zero     0x20013d5e      0x2  PC_COM.o [1]
  .bss                zero     0x20013d60      0x2  PC_COM.o [1]
  .bss                zero     0x20013d62      0x2  RTC.o [1]
  .bss                zero     0x20013d64      0x2  Tilt.o [1]
  .bss                zero     0x20013d66      0x2  Tilt.o [1]
  .bss                zero     0x20013d68      0x2  Voice.o [1]
  .bss                zero     0x20013d6a      0x2  Wifi.o [1]
  .bss                zero     0x20013d6c      0x2  Wifi.o [1]
  .bss                zero     0x20013d6e      0x2  Wifi.o [1]
  .bss                zero     0x20013d70      0x2  Wifi.o [1]
  .bss                zero     0x20013d72      0x2  Wifi.o [1]
  .bss                zero     0x20013d74      0x2  Wifi.o [1]
  .bss                zero     0x20013d76      0x2  Wifi.o [1]
  .bss                zero     0x20013d78      0x2  ff.o [1]
  .bss                zero     0x20013d7a      0x2  i2c_ee.o [1]
  .bss                zero     0x20013d7c      0x2  main.o [1]
  .bss                zero     0x20013d7e      0x2  main.o [1]
  .bss                zero     0x20013d80      0x2  main.o [1]
  .bss                zero     0x20013d82      0x2  main.o [1]
  .bss                zero     0x20013d84      0x2  main.o [1]
  .bss                zero     0x20013d86      0x2  main.o [1]
  .bss                zero     0x20013d88      0x2  main.o [1]
  .bss                zero     0x20013d8a      0x2  main.o [1]
  .bss                zero     0x20013d8c      0x2  main.o [1]
  .bss                zero     0x20013d8e      0x2  main.o [1]
  .bss                zero     0x20013d90      0x2  main.o [1]
  .bss                zero     0x20013d92      0x2  main.o [1]
  .bss                zero     0x20013d94      0x2  stm32f2xx_it.o [1]
  .bss                zero     0x20013d96      0x2  stm32f2xx_it.o [1]
  .bss                zero     0x20013d98      0x2  stm32f2xx_it.o [1]
  .bss                zero     0x20013d9a      0x2  usbh_core.o [1]
  .bss                zero     0x20013d9c      0x1  Adc_Process.o [1]
  .bss                zero     0x20013d9d      0x1  Display.o [1]
  .bss                zero     0x20013d9e      0x1  Display.o [1]
  .bss                zero     0x20013d9f      0x1  Display.o [1]
  .bss                zero     0x20013da0      0x1  Display.o [1]
  .bss                zero     0x20013da1      0x1  Display.o [1]
  .bss                zero     0x20013da2      0x1  Display.o [1]
  .bss                zero     0x20013da3      0x1  Drive_Process.o [1]
  .bss                zero     0x20013da4      0x1  Drive_Process.o [1]
  .bss                zero     0x20013da5      0x1  Drive_Process.o [1]
  .bss                zero     0x20013da6      0x1  Ems_System.o [1]
  .bss                zero     0x20013da7      0x1  Ems_System.o [1]
  .bss                zero     0x20013da8      0x1  Ems_System.o [1]
  .bss                zero     0x20013da9      0x1  Ems_System.o [1]
  .bss                zero     0x20013daa      0x1  Ems_System.o [1]
  .bss                zero     0x20013dab      0x1  Ems_System.o [1]
  .bss                zero     0x20013dac      0x1  Ems_System.o [1]
  .bss                zero     0x20013dad      0x1  Ems_System.o [1]
  .bss                zero     0x20013dae      0x1  Ems_System.o [1]
  .bss                zero     0x20013daf      0x1  Ems_System.o [1]
  .bss                zero     0x20013db0      0x1  Ems_System.o [1]
  .bss                zero     0x20013db1      0x1  Ems_System.o [1]
  .bss                zero     0x20013db2      0x1  Ems_System.o [1]
  .bss                zero     0x20013db3      0x1  Ems_System.o [1]
  .bss                zero     0x20013db4      0x1  Ems_System.o [1]
  .bss                zero     0x20013db5      0x1  Ems_System.o [1]
  .bss                zero     0x20013db6      0x1  Ems_System.o [1]
  .bss                zero     0x20013db7      0x1  Ems_System.o [1]
  .bss                zero     0x20013db8      0x1  Ems_System.o [1]
  .bss                zero     0x20013db9      0x1  Ems_System.o [1]
  .bss                zero     0x20013dba      0x1  GPSLIB.o [1]
  .bss                zero     0x20013dbb      0x1  GPSLIB.o [1]
  .bss                zero     0x20013dbc      0x1  GraphicLcd.o [1]
  .bss                zero     0x20013dbd      0x1  GraphicLcd.o [1]
  .bss                zero     0x20013dbe      0x1  GraphicLcd.o [1]
  .bss                zero     0x20013dbf      0x1  GraphicLcd.o [1]
  .bss                zero     0x20013dc0      0x1  Key_Process.o [1]
  .bss                zero     0x20013dc1      0x1  Key_Process.o [1]
  .bss                zero     0x20013dc2      0x1  Key_Process.o [1]
  .bss                zero     0x20013dc3      0x1  Key_Process.o [1]
  .bss                zero     0x20013dc4      0x1  Key_Process.o [1]
  .bss                zero     0x20013dc5      0x1  Key_Process.o [1]
  .bss                zero     0x20013dc6      0x1  Log.o [1]
  .bss                zero     0x20013dc7      0x1  Memory.o [1]
  .bss                zero     0x20013dc8      0x1  PC_COM.o [1]
  .bss                zero     0x20013dc9      0x1  PC_COM.o [1]
  .bss                zero     0x20013dca      0x1  PC_COM.o [1]
  .bss                zero     0x20013dcb      0x1  PC_COM.o [1]
  .bss                zero     0x20013dcc      0x1  RTC.o [1]
  .bss                zero     0x20013dcd      0x1  Serial.o [1]
  .bss                zero     0x20013dce      0x1  Serial.o [1]
  .bss                zero     0x20013dcf      0x1  Serial.o [1]
  .bss                zero     0x20013dd0      0x1  Voice.o [1]
  .bss                zero     0x20013dd1      0x1  Wifi.o [1]
  .bss                zero     0x20013dd2      0x1  Wifi.o [1]
  .bss                zero     0x20013dd3      0x1  Wifi.o [1]
  .bss                zero     0x20013dd4      0x1  Wifi.o [1]
  .bss                zero     0x20013dd5      0x1  Wifi.o [1]
  .bss                zero     0x20013dd6      0x1  Wifi.o [1]
  .bss                zero     0x20013dd7      0x1  Wifi.o [1]
  .bss                zero     0x20013dd8      0x1  Wifi.o [1]
  .bss                zero     0x20013dd9      0x1  Wifi.o [1]
  .bss                zero     0x20013dda      0x1  Wifi.o [1]
  .bss                zero     0x20013ddb      0x1  Wifi.o [1]
  .bss                zero     0x20013ddc      0x1  main.o [1]
  .bss                zero     0x20013ddd      0x1  main.o [1]
  .bss                zero     0x20013dde      0x1  main.o [1]
  .bss                zero     0x20013ddf      0x1  stm32f2xx_it.o [1]
  .bss                zero     0x20013de0      0x1  stm32f2xx_it.o [1]
  .bss                zero     0x20013de1      0x1  stm32f2xx_it.o [1]
  .bss                zero     0x20013de2      0x1  stm32f2xx_it.o [1]
  .bss                zero     0x20013de3      0x1  stm32f2xx_it.o [1]
  .bss                zero     0x20013de4      0x1  usbh_msc_bot.o [1]
  .bss                zero     0x20013de5      0x1  usbh_msc_core.o [1]
  .bss                zero     0x20013de6      0x1  usbh_msc_core.o [1]
  .bss                zero     0x20013de7      0x1  usbh_usr.o [1]
                             - 0x20013de8  0x13ba0

"P2", part 3 of 3:                          0x2000
  CSTACK                       0x20013de8   0x1000  <Block>
    CSTACK            uninit   0x20013de8   0x1000  <Block tail>
  HEAP                         0x20014de8   0x1000  <Block>
    HEAP              uninit   0x20014de8   0x1000  <Block tail>
                             - 0x20015de8   0x2000


*******************************************************************************
*** INIT TABLE
***

          Address     Size
          -------     ----
Zero (__iar_zero_init3)
    1 destination range, total size 0x13ba0:
          0x20000248  0x13ba0

Copy/packbits (__iar_packbits_init3)
    1 source range, total size 0x1af (73% of destination):
          0x0802f7ac    0x1af
    1 destination range, total size 0x247:
          0x20000000    0x247


*******************************************************************************
*** MODULE SUMMARY
***

    Module               ro code  ro data  rw data
    ------               -------  -------  -------
E:\Work\Firmware\DTG\WIFI_RELAY_TEST\Project\EWARM\STM3220F_EVAL\Obj: [1]
    Adc_Process.o            832             1 015
    DAC_Control.o            440                24
    Display.o             10 468      144      364
    Drive_Process.o        1 228                 5
    Eeprom.o               1 252
    Ems_System.o           7 660               100
    GPSLIB.o               2 540               502
    GraphicLcd.o          23 224             4 008
    Key_Process.o          1 024                32
    Log.o                    160                 5
    Memory.o               3 152             6 473
    PC_COM.o               4 884               510
    RTC.o                  1 160       38      123
    Serial.o               1 432             6 211
    Tilt.o                 1 828               428
    Voice.o                1 256                23
    Wifi.o                 4 080       62   22 033
    ccsbcs.o               1 360
    fattime.o                  4
    ff.o                   7 328               518
    flash_if.o               356
    fsmc_nand.o            1 432             8 200
    i2c_ee.o               1 572        3        6
    main.o                 4 624            18 859
    misc.o                   152
    nand_if.o                540             8 308
    spi_flash.o            1 088
    startup_stm32f2xx.o      764
    stm32f2xx_adc.o          448
    stm32f2xx_dac.o          172
    stm32f2xx_dma.o          572
    stm32f2xx_exti.o         200
    stm32f2xx_flash.o        410
    stm32f2xx_fsmc.o         248
    stm32f2xx_gpio.o         278
    stm32f2xx_i2c.o          554
    stm32f2xx_it.o           592               227
    stm32f2xx_iwdg.o          16
    stm32f2xx_pwr.o           12
    stm32f2xx_rcc.o          716
    stm32f2xx_rtc.o        1 064
    stm32f2xx_spi.o          120
    stm32f2xx_syscfg.o        84
    stm32f2xx_tim.o          508
    stm32f2xx_usart.o        484
    stm32f2xx_wwdg.o          32
    system_stm32f2xx.o       292
    usb_bsp.o                528                 4
    usb_core.o             2 512
    usb_hcd.o                200
    usb_hcd_int.o          2 886
    usbh_core.o            1 848        9       14
    usbh_hcs.o               394
    usbh_ioreq.o             522
    usbh_msc_bot.o         1 132                77
    usbh_msc_core.o          956       12       94
    usbh_msc_fatfs.o         332        1        1
    usbh_msc_scsi.o        1 476        1      529
    usbh_stdreq.o            864
    usbh_usr.o             4 778       54    1 794
    ----------------------------------------------
    Total:               111 070      324   80 487

command line: [2]
    ----------------------------------------------
    Total:

dl7M_tlf.a: [3]
    abort.o                   10
    abs.o                      8
    atoi.o                     8
    div.o                     14
    dlmalloc.o             4 844               492
    errno.o                   12                 4
    exit.o                     8
    isxxx.o                   40
    localeconv.o             108       59       80
    low_level_init.o           4
    printf.o                  36
    putchar.o                 12
    setlocale.o               36               116
    sprintf.o                 52
    strstr.o                  48
    tolower.o                 20
    xencoding_sb.o            92
    xfiles.o                           48      144
    xgetmemchunk.o            40                 4
    xlocale_c.o               54
    xmbcurmax.o               10
    xmbtowc.o                 32
    xmtx.o                     8
    xmtx2.o                    4
    xprintffull.o          4 214
    xprout.o                  22
    xsprout.o                 10
    xstoflt.o                440
    xstopfx.o                308
    xstoul.o                 372
    xstoxflt.o               524
    xsyslock.o               180                56
    xtls.o                     2
    xwctomb.o                 26
    ----------------------------------------------
    Total:                11 598      107      896

m7M_tl.a: [4]
    DblAdd.o                 230
    DblCmpEq.o                32
    DblCmpGe.o                46
    DblCmpLe.o                46
    DblDiv.o                 582
    DblMul.o                 418
    DblSub.o                 382
    DblToFlt.o               144
    DblToI32.o                86
    FltAdd.o                 130
    FltCmpEq.o                28
    FltCmpGe.o                36
    FltCmpLe.o                36
    FltDiv.o                 252
    FltMul.o                 216
    FltSub.o                 226
    FltToDbl.o                78
    FltToS32.o                68
    FltToU32.o                36
    I32ToDbl.o                46
    I32ToFlt.o                48
    atan.o                   140
    atof.o                     8
    xatan.o                  504
    xdnorm.o                  68
    xdscale.o                280
    xdtento.o                480
    xdtest.o                  56
    xstod.o                  324
    ----------------------------------------------
    Total:                 5 026

rt7M_tl.a: [5]
    ABImemcpy.o              112
    ABImemset.o              102
    I64DivMod.o              302
    I64DivZer.o                2
    cexit.o                   14
    cmain.o                   22
    cstart_clearlocks.o
    cstartup_M.o              12
    data_init3.o              44
    memchr.o                  88
    memcmp.o                  98
    packbits_init3.o         168
    strchr.o                  22
    strcpy.o                  68
    strlen.o                  54
    zero_init3.o              34
    ----------------------------------------------
    Total:                 1 142

shb_l.a: [6]
    exit.o                    20
    ----------------------------------------------
    Total:                    20

    Gaps                      40
    Linker created                     44    8 192
--------------------------------------------------
    Grand Total:         128 896      475   89 575


*******************************************************************************
*** ENTRY LIST
***

Entry                      Address    Size  Type      Object
-----                      -------    ----  ----      ------
?main                   0x0802f5d5          Code  Gb  cmain.o [5]
ADCConvertedValue       0x20013c38     0xc  Data  Gb  Adc_Process.o [1]
ADC_Buffer              0x20011950   0x3e8  Data  Gb  Adc_Process.o [1]
ADC_Cmd                 0x08024865    0x1a  Code  Gb  stm32f2xx_adc.o [1]
ADC_CommonInit          0x080247ed    0x28  Code  Gb  stm32f2xx_adc.o [1]
ADC_Config              0x0801b539   0x15e  Code  Gb  Adc_Process.o [1]
ADC_DMACmd              0x0802487f    0x1c  Code  Gb  stm32f2xx_adc.o [1]
ADC_DMARequestAfterLastTransferCmd
                        0x080248a5    0x1c  Code  Gb  stm32f2xx_adc.o [1]
ADC_DeInit              0x080247d5    0x18  Code  Gb  stm32f2xx_adc.o [1]
ADC_IRQHandler          0x0802f6b1          Code  Wk  startup_stm32f2xx.o [1]
ADC_Init                0x08024815    0x50  Code  Gb  stm32f2xx_adc.o [1]
ADC_RegularChannelConfig
                        0x080248c1    0xc4  Code  Gb  stm32f2xx_adc.o [1]
ADC_SoftwareStartConv   0x0802489b     0xa  Code  Gb  stm32f2xx_adc.o [1]
APBAHBPrescTable        0x08016030    0x10  Data  Lc  stm32f2xx_rcc.o [1]
Accident2_Buffer        0x2001337c    0xac  Data  Gb  main.o [1]
Accident2_SaveBuffer    0x20013428    0xac  Data  Gb  main.o [1]
AccidentPoint           0x20013d82     0x2  Data  Gb  main.o [1]
AccidentPoint2          0x20013d84     0x2  Data  Gb  main.o [1]
Accident_Buffer         0x2000224c  0x1f40  Data  Gb  main.o [1]
Accident_DataSave       0x0801dbfb    0x78  Code  Gb  Memory.o [1]
Accident_SaveBuffer     0x2000418c  0x1f40  Data  Gb  main.o [1]
Accident_Time           0x20013bf8    0x10  Data  Gb  main.o [1]
AsynchPrediv            0x20013cc0     0x4  Data  Gb  RTC.o [1]
BAKUP_WORD              0x20000200    0x14  Data  Gb  Display.o [1]
BOTStallErrorCount      0x20013d08     0x4  Data  Lc  usbh_msc_bot.o [1]
BSP_Delay               0x08024ee9    0x22  Code  Lc  usb_bsp.o [1]
BSP_SetTime             0x08024f19    0x7c  Code  Lc  usb_bsp.o [1]
BSP_delay               0x20013d04     0x4  Data  Gb  usb_bsp.o [1]
Battery_Check           0x08016f21    0x1c  Code  Gb  main.o [1]
Buffer                  0x2001238c   0x200  Data  Gb  main.o [1]
BusFault_Handler        0x0802f279     0x2  Code  Gb  stm32f2xx_it.o [1]
CAN1_RX0_IRQHandler     0x0802f6b9          Code  Wk  startup_stm32f2xx.o [1]
CAN1_RX1_IRQHandler     0x0802f6bd          Code  Wk  startup_stm32f2xx.o [1]
CAN1_SCE_IRQHandler     0x0802f6c1          Code  Wk  startup_stm32f2xx.o [1]
CAN1_TX_IRQHandler      0x0802f6b5          Code  Wk  startup_stm32f2xx.o [1]
CAN2_RX0_IRQHandler     0x0802f769          Code  Wk  startup_stm32f2xx.o [1]
CAN2_RX1_IRQHandler     0x0802f76d          Code  Wk  startup_stm32f2xx.o [1]
CAN2_SCE_IRQHandler     0x0802f771          Code  Wk  startup_stm32f2xx.o [1]
CAN2_TX_IRQHandler      0x0802f765          Code  Wk  startup_stm32f2xx.o [1]
CRYP_IRQHandler         0x0802f7a5          Code  Wk  startup_stm32f2xx.o [1]
CSTACK$$Base            0x20013de8           --   Gb  - Linker created -
CSTACK$$Limit           0x20014de8           --   Gb  - Linker created -
CalDeg                  0x0801bcb9    0xbc  Code  Gb  Tilt.o [1]
Catoi                   0x0801f905    0x2a  Code  Gb  GPSLIB.o [1]
CheckTimeInterval_100us
                        0x08016805    0x2c  Code  Gb  main.o [1]
CheckTimeOver           0x08016779    0x48  Code  Gb  main.o [1]
CheckTimeOver1Sec       0x080167c1    0x44  Code  Gb  main.o [1]
Clear_Serial1           0x0801afdf    0x12  Code  Gb  Serial.o [1]
ConvRawData             0x0801fc93    0x5c  Code  Gb  GPSLIB.o [1]
Conver_EMS_Data         0x0801e215    0x80  Code  Gb  Memory.o [1]
Convert                 0x08010dc5    0x36  Code  Gb  GraphicLcd.o [1]
ConvertInteger          0x0801e97d    0x1c  Code  Gb  Wifi.o [1]
ConvertString           0x0801e96d    0x10  Code  Gb  Wifi.o [1]
ConvertString2          0x0801e999     0x8  Code  Gb  Wifi.o [1]
Convert_DTG_Data        0x0801e015   0x200  Code  Gb  Memory.o [1]
Cursor_View             0x20013dbe     0x1  Data  Gb  GraphicLcd.o [1]
Cursor_X                0x20013dbc     0x1  Data  Gb  GraphicLcd.o [1]
Cursor_Y                0x20013dbd     0x1  Data  Gb  GraphicLcd.o [1]
DAC_Ch1_Config          0x0801c451    0x8e  Code  Gb  DAC_Control.o [1]
DAC_Ch2_Config          0x0801c4df    0x8e  Code  Gb  DAC_Control.o [1]
DAC_Cmd                 0x0801c5df    0x2c  Code  Gb  stm32f2xx_dac.o [1]
DAC_Config              0x0801c40d    0x44  Code  Gb  DAC_Control.o [1]
DAC_DMACmd              0x0801c60b    0x30  Code  Gb  stm32f2xx_dac.o [1]
DAC_DeInit              0x0801c595    0x18  Code  Gb  stm32f2xx_dac.o [1]
DAC_GPIO_Config         0x0801c3dd    0x30  Code  Gb  DAC_Control.o [1]
DAC_Init                0x0801c5ad    0x32  Code  Gb  stm32f2xx_dac.o [1]
DAC_InitStructure       0x20013ba8    0x10  Data  Gb  DAC_Control.o [1]
DCMI_IRQHandler         0x0802f7a1          Code  Wk  startup_stm32f2xx.o [1]
DISP_WORD               0x200001d8    0x28  Data  Gb  Display.o [1]
DMA1_Stream0_IRQHandler
                        0x0802f695          Code  Wk  startup_stm32f2xx.o [1]
DMA1_Stream1_IRQHandler
                        0x0802f699          Code  Wk  startup_stm32f2xx.o [1]
DMA1_Stream2_IRQHandler
                        0x0802f69d          Code  Wk  startup_stm32f2xx.o [1]
DMA1_Stream3_IRQHandler
                        0x0802f6a1          Code  Wk  startup_stm32f2xx.o [1]
DMA1_Stream4_IRQHandler
                        0x0802f6a5          Code  Wk  startup_stm32f2xx.o [1]
DMA1_Stream5_IRQHandler
                        0x0802f6a9          Code  Wk  startup_stm32f2xx.o [1]
DMA1_Stream6_IRQHandler
                        0x0802f6ad          Code  Wk  startup_stm32f2xx.o [1]
DMA1_Stream7_IRQHandler
                        0x0802f725          Code  Wk  startup_stm32f2xx.o [1]
DMA2_Stream0_IRQHandler
                        0x0801b697    0x3e  Code  Gb  Adc_Process.o [1]
DMA2_Stream1_IRQHandler
                        0x0802f74d          Code  Wk  startup_stm32f2xx.o [1]
DMA2_Stream2_IRQHandler
                        0x0802f751          Code  Wk  startup_stm32f2xx.o [1]
DMA2_Stream3_IRQHandler
                        0x0802f755          Code  Wk  startup_stm32f2xx.o [1]
DMA2_Stream4_IRQHandler
                        0x0802f759          Code  Wk  startup_stm32f2xx.o [1]
DMA2_Stream5_IRQHandler
                        0x0802f779          Code  Wk  startup_stm32f2xx.o [1]
DMA2_Stream6_IRQHandler
                        0x0802f77d          Code  Wk  startup_stm32f2xx.o [1]
DMA2_Stream7_IRQHandler
                        0x0802f781          Code  Wk  startup_stm32f2xx.o [1]
DMA_ClearITPendingBit   0x08024745    0x20  Code  Gb  stm32f2xx_dma.o [1]
DMA_Cmd                 0x08024725    0x1a  Code  Gb  stm32f2xx_dma.o [1]
DMA_DeInit              0x08024599   0x136  Code  Gb  stm32f2xx_dma.o [1]
DMA_GetCurrDataCounter  0x0802473f     0x6  Code  Gb  stm32f2xx_dma.o [1]
DMA_Init                0x080246cf    0x56  Code  Gb  stm32f2xx_dma.o [1]
DTG_EMS_DataLoad        0x0801dd5d    0x2c  Code  Gb  Memory.o [1]
DTG_EMS_DataSave        0x0801dcc9    0x94  Code  Gb  Memory.o [1]
DTG_LOOP                0x20009a08  0x1950  Data  Gb  Wifi.o [1]
DTG_NAND_Binary         0x2000b358  0x18f8  Data  Gb  Memory.o [1]
DataLoad                0x0801cf09    0x10  Code  Gb  Eeprom.o [1]
DataSetting             0x0801cf19    0x5e  Code  Gb  Eeprom.o [1]
DaysToMonth             0x200001a4    0x34  Data  Gb  RTC.o [1]
DebugMon_Handler        0x0802f27f     0x2  Code  Gb  stm32f2xx_it.o [1]
Delay                   0x08017315    0x1e  Code  Gb  main.o [1]
Device                  0x20013dc6     0x1  Data  Gb  Log.o [1]
Display                 0x08021f81  0x14a4  Code  Gb  Display.o [1]
DisplayInfo             0x20013ca4     0x8  Data  Gb  Display.o [1]
Display_Buff            0x2001369c    0x64  Data  Gb  Display.o [1]
Drive_Acceident_Check   0x0801e55d   0x144  Code  Gb  Drive_Process.o [1]
Drive_Process           0x0801e6a1   0x19e  Code  Gb  Drive_Process.o [1]
Driver_End              0x0801e4ab    0xb2  Code  Gb  Drive_Process.o [1]
Driver_Start            0x0801e451    0x5a  Code  Gb  Drive_Process.o [1]
ECO_Driving             0x20013c98     0xc  Data  Gb  main.o [1]
ECO_Driving_Check       0x0801858f   0x32e  Code  Gb  Ems_System.o [1]
EEPROM_ADDRESS          0x20013d7a     0x2  Data  Gb  i2c_ee.o [1]
EETimeout               0x20000240     0x4  Data  Gb  i2c_ee.o [1]
EE_DISABLE              0x08019fe5    0x10  Code  Lc  i2c_ee.o [1]
EE_ENABLE               0x08019ff5    0x10  Code  Lc  i2c_ee.o [1]
EE_LowLevel_Init        0x0801a005    0xaa  Code  Gb  i2c_ee.o [1]
EE_TIMEOUT_UserCallback
                        0x0801a591    0x20  Code  Gb  i2c_ee.o [1]
EMSOff_Check            0x20013dae     0x1  Data  Gb  Ems_System.o [1]
EMSOn_Check             0x20013dad     0x1  Data  Gb  Ems_System.o [1]
EMS_Config              0x08018433    0x64  Code  Gb  Ems_System.o [1]
EMS_Drive_Value         0x20013af4    0x24  Data  Gb  main.o [1]
EMS_Driving_Check       0x08018497    0xf8  Code  Gb  Ems_System.o [1]
EMS_OFF_WORD            0x200000a0    0x48  Data  Gb  Display.o [1]
EMS_ON_WORD             0x20000170    0x34  Data  Gb  Display.o [1]
EMS_Reley_Off           0x20013daf     0x1  Data  Gb  Ems_System.o [1]
EMS_Replay_Flag         0x20013db0     0x1  Data  Gb  Ems_System.o [1]
EMS_Setting             0x0801eba1   0x316  Code  Gb  Wifi.o [1]
EMS_View_Mode           0x080215f5    0x50  Code  Gb  Display.o [1]
EMS_WORD                0x20000224     0xc  Data  Gb  Display.o [1]
EMS_Watching            0x08019725   0x146  Code  Gb  Ems_System.o [1]
ETH_IRQHandler          0x0802f75d          Code  Wk  startup_stm32f2xx.o [1]
ETH_WKUP_IRQHandler     0x0802f761          Code  Wk  startup_stm32f2xx.o [1]
EXTI0_IRQHandler        0x0802f681          Code  Wk  startup_stm32f2xx.o [1]
EXTI15_10_IRQHandler    0x0802f31f    0xfc  Code  Gb  stm32f2xx_it.o [1]
EXTI1_IRQHandler        0x0802f315     0xa  Code  Gb  stm32f2xx_it.o [1]
EXTI2_IRQHandler        0x0802f689          Code  Wk  startup_stm32f2xx.o [1]
EXTI3_IRQHandler        0x0802f68d          Code  Wk  startup_stm32f2xx.o [1]
EXTI4_IRQHandler        0x0802f691          Code  Wk  startup_stm32f2xx.o [1]
EXTI9_5_IRQHandler      0x0802f29d    0x78  Code  Gb  stm32f2xx_it.o [1]
EXTILine1_Config        0x0801641f   0x132  Code  Gb  main.o [1]
EXTI_ClearITPendingBit  0x0801755f     0x6  Code  Gb  stm32f2xx_exti.o [1]
EXTI_GenerateSWInterrupt
                        0x0801753d     0xc  Code  Gb  stm32f2xx_exti.o [1]
EXTI_GetFlagStatus      0x08017549    0x16  Code  Gb  stm32f2xx_exti.o [1]
EXTI_Init               0x080174b5    0x88  Code  Gb  stm32f2xx_exti.o [1]
E_font                  0x08011260   0x800  Data  Gb  GraphicLcd.o [1]
Emergency               0x08019681    0x5c  Code  Gb  Ems_System.o [1]
EmsOffProgress          0x20013d28     0x2  Data  Gb  Ems_System.o [1]
EmsOnProgress           0x20013d26     0x2  Data  Gb  Ems_System.o [1]
EmsOutClear             0x080188bd    0x38  Code  Gb  Ems_System.o [1]
Ems_Port_Check          0x08018a97    0xa2  Code  Gb  Ems_System.o [1]
Ems_realtime_Check      0x080188f5   0x1a2  Code  Gb  Ems_System.o [1]
EnginOffActionFlag      0x20013da8     0x1  Data  Gb  Ems_System.o [1]
EnginOffActionStep      0x20013da9     0x1  Data  Gb  Ems_System.o [1]
EnginOffLimit_Flag      0x20013dab     0x1  Data  Gb  Ems_System.o [1]
EnginOffLimit_Time      0x20013d24     0x2  Data  Gb  Ems_System.o [1]
EnginOff_Flag           0x20013daa     0x1  Data  Gb  Ems_System.o [1]
EnginOnActionFlag       0x20013da6     0x1  Data  Gb  Ems_System.o [1]
EnginOnActionStep       0x20013da7     0x1  Data  Gb  Ems_System.o [1]
EnginOnLimit_Time       0x20013d22     0x2  Data  Gb  Ems_System.o [1]
EngineOff_Action        0x08019c19   0x27e  Code  Gb  Ems_System.o [1]
EngineOff_EMSCheck      0x08018f0d   0x682  Code  Gb  Ems_System.o [1]
EngineOn_Action         0x080198b5   0x264  Code  Gb  Ems_System.o [1]
EngineOn_EMSCheck       0x08018b41   0x332  Code  Gb  Ems_System.o [1]
FLASH_ClearFlag         0x0802e2ed     0x6  Code  Gb  stm32f2xx_flash.o [1]
FLASH_EraseSector       0x0802e1e9    0xb0  Code  Gb  stm32f2xx_flash.o [1]
FLASH_GetStatus         0x0802e2f3    0x3c  Code  Gb  stm32f2xx_flash.o [1]
FLASH_IRQHandler        0x0802f679          Code  Wk  startup_stm32f2xx.o [1]
FLASH_If_Erase          0x0802e073    0x3a  Code  Gb  flash_if.o [1]
FLASH_If_Init           0x0802e065     0xe  Code  Gb  flash_if.o [1]
FLASH_If_Write          0x0802e0ad    0x4c  Code  Gb  flash_if.o [1]
FLASH_ProgramWord       0x0802e299    0x54  Code  Gb  stm32f2xx_flash.o [1]
FLASH_Unlock            0x0802e1c9    0x20  Code  Gb  stm32f2xx_flash.o [1]
FLASH_WaitForLastOperation
                        0x0802e345    0x1e  Code  Gb  stm32f2xx_flash.o [1]
FSMC_IRQHandler         0x0802f729          Code  Wk  startup_stm32f2xx.o [1]
FSMC_NANDCmd            0x08024535    0x46  Code  Gb  stm32f2xx_fsmc.o [1]
FSMC_NANDInit           0x080244a1    0x94  Code  Gb  stm32f2xx_fsmc.o [1]
FSMC_NAND_AddressIncrement
                        0x0801ab65    0x3c  Code  Gb  fsmc_nand.o [1]
FSMC_NAND_EraseBlock    0x0801aa79    0x74  Code  Gb  fsmc_nand.o [1]
FSMC_NAND_GetStatus     0x0801aaf7    0x2c  Code  Gb  fsmc_nand.o [1]
FSMC_NAND_Init          0x0801a609   0x1a2  Code  Gb  fsmc_nand.o [1]
FSMC_NAND_ReadID        0x0801a7ab    0x2a  Code  Gb  fsmc_nand.o [1]
FSMC_NAND_ReadSmallPage
                        0x0801a8cf    0xd8  Code  Gb  fsmc_nand.o [1]
FSMC_NAND_ReadSpareArea
                        0x0801a9a7    0xd2  Code  Gb  fsmc_nand.o [1]
FSMC_NAND_ReadStatus    0x0801ab23    0x28  Code  Gb  fsmc_nand.o [1]
FSMC_NAND_Reset         0x0801aaed     0xa  Code  Gb  fsmc_nand.o [1]
FSMC_NAND_WriteSmallPage
                        0x0801a7d5    0xfa  Code  Gb  fsmc_nand.o [1]
FatFs                   0x20013ce8     0x4  Data  Lc  ff.o [1]
FindString              0x08016831    0x2c  Code  Gb  main.o [1]
Flag                    0x20013b94    0x14  Data  Gb  main.o [1]
Flash_Size              0x20013cd8     0x4  Data  Gb  Voice.o [1]
Font5x7                 0x08015a5c   0x1e0  Data  Gb  GraphicLcd.o [1]
Fsid                    0x20013d78     0x2  Data  Lc  ff.o [1]
GET_ENGINE_ON           0x08018279    0x1a  Code  Lc  Ems_System.o [1]
GLCD_Buffer             0x20010500   0x7d0  Data  Gb  GraphicLcd.o [1]
GLCD_Buffer_Cnt         0x20013d52     0x2  Data  Gb  GraphicLcd.o [1]
GLCD_Data               0x20010cd0   0x7d0  Data  Gb  GraphicLcd.o [1]
GLCD_OUT_Flag           0x20013dbf     0x1  Data  Gb  GraphicLcd.o [1]
GLCD_Refresh_Flag       0x20013d9e     0x1  Data  Gb  Display.o [1]
GLcd_Clear              0x08010243    0x40  Code  Gb  GraphicLcd.o [1]
GLcd_Config             0x08010195    0x70  Code  Gb  GraphicLcd.o [1]
GLcd_DC_Input           0x08011159    0xda  Code  Gb  GraphicLcd.o [1]
GLcd_HW_Reset           0x08010205    0x3e  Code  Gb  GraphicLcd.o [1]
GLcd_Init               0x080103ef    0xcc  Code  Gb  GraphicLcd.o [1]
GLcd_PutChar            0x08010859   0x3da  Code  Gb  GraphicLcd.o [1]
GLcd_PutChar2           0x0801069b   0x1be  Code  Gb  GraphicLcd.o [1]
GLcd_PutString          0x08010c33    0x88  Code  Gb  GraphicLcd.o [1]
GLcd_PutString2         0x08010645    0x56  Code  Gb  GraphicLcd.o [1]
GLcd_RC_Input           0x08011049    0xda  Code  Gb  GraphicLcd.o [1]
GLcd_Send_Cmd           0x08010375    0x2a  Code  Gb  GraphicLcd.o [1]
GLcd_Send_Cmd2          0x08010347    0x2e  Code  Gb  GraphicLcd.o [1]
GLcd_Send_Data          0x080103c5    0x2a  Code  Gb  GraphicLcd.o [1]
GLcd_Send_Data2         0x0801039f    0x26  Code  Gb  GraphicLcd.o [1]
GLcd_SmallPutString     0x080104bb    0x5c  Code  Gb  GraphicLcd.o [1]
GLcd_SmallPutchar       0x08010517   0x12e  Code  Gb  GraphicLcd.o [1]
GLcd_XY                 0x0801102f    0x1a  Code  Gb  GraphicLcd.o [1]
GPIO_Configuration      0x080162d1    0x36  Code  Gb  main.o [1]
GPIO_Configuration2     0x08016307   0x118  Code  Gb  main.o [1]
GPIO_Init               0x08015c3d    0xa6  Code  Gb  stm32f2xx_gpio.o [1]
GPIO_PinAFConfig        0x08015d01    0x52  Code  Gb  stm32f2xx_gpio.o [1]
GPIO_ReadInputDataBit   0x08015ce3    0x16  Code  Gb  stm32f2xx_gpio.o [1]
GPIO_ResetBits          0x08015cfd     0x4  Code  Gb  stm32f2xx_gpio.o [1]
GPIO_SetBits            0x08015cf9     0x4  Code  Gb  stm32f2xx_gpio.o [1]
GPSInfo                 0x20013040    0xf8  Data  Gb  GPSLIB.o [1]
GPSInfoTemp             0x20012f48    0xf8  Data  Gb  GPSLIB.o [1]
GPSSinsitivity          0x20013d4e     0x2  Data  Gb  GPSLIB.o [1]
GPS_Process             0x0801fcef   0x448  Code  Gb  GPSLIB.o [1]
GPS_RouteCheck          0x200139f8    0x44  Data  Gb  main.o [1]
GetGpsInfo              0x0801f92f   0x232  Code  Gb  GPSLIB.o [1]
GetHeader_Index         0x0801d7a9    0x2a  Code  Gb  Memory.o [1]
GetKey                  0x0801ad71   0x100  Code  Gb  Key_Process.o [1]
GetSector               0x0802e0f9    0xa2  Code  Lc  flash_if.o [1]
Get_ADC_Data            0x0801b6d5   0x160  Code  Gb  Adc_Process.o [1]
Get_NAND_PageAddress    0x0802680d    0x50  Code  Gb  nand_if.o [1]
Glcd_GetKorFont         0x08010cbb   0x10a  Code  Gb  GraphicLcd.o [1]
GraphicOUT_Process      0x08010283    0xc4  Code  Gb  GraphicLcd.o [1]
Gui_PutKorChar          0x08010e2d   0x202  Code  Gb  GraphicLcd.o [1]
HASH_RNG_IRQHandler     0x0802f7a9          Code  Wk  startup_stm32f2xx.o [1]
HCD_GetCurrentFrame     0x0802501f     0x8  Code  Gb  usb_hcd.o [1]
HCD_GetCurrentSpeed     0x08025003     0xc  Code  Gb  usb_hcd.o [1]
HCD_GetURB_State        0x08025027     0xa  Code  Gb  usb_hcd.o [1]
HCD_GetXferCnt          0x08025031     0xc  Code  Gb  usb_hcd.o [1]
HCD_Init                0x08024f95    0x6e  Code  Gb  usb_hcd.o [1]
HCD_IsDeviceConnected   0x08025019     0x6  Code  Gb  usb_hcd.o [1]
HCD_ResetPort           0x0802500f     0xa  Code  Gb  usb_hcd.o [1]
HCD_SubmitRequest       0x0802503d    0x20  Code  Gb  usb_hcd.o [1]
HEAP$$Base              0x20014de8           --   Gb  - Linker created -
HEAP$$Limit             0x20015de8           --   Gb  - Linker created -
HardFault_Handler       0x0802f267    0x10  Code  Gb  stm32f2xx_it.o [1]
I2C1_ER_IRQHandler      0x0802f6e9          Code  Wk  startup_stm32f2xx.o [1]
I2C1_EV_IRQHandler      0x0802f6e5          Code  Wk  startup_stm32f2xx.o [1]
I2C2_ER_IRQHandler      0x0802f6f1          Code  Wk  startup_stm32f2xx.o [1]
I2C2_EV_IRQHandler      0x0802f6ed          Code  Wk  startup_stm32f2xx.o [1]
I2C3_ER_IRQHandler      0x0802f78d          Code  Wk  startup_stm32f2xx.o [1]
I2C3_EV_IRQHandler      0x0802f789          Code  Wk  startup_stm32f2xx.o [1]
I2C_AcknowledgeConfig   0x080243c5    0x1c  Code  Gb  stm32f2xx_i2c.o [1]
I2C_CheckEvent          0x0802441b    0x34  Code  Gb  stm32f2xx_i2c.o [1]
I2C_ClearFlag           0x08024491     0xe  Code  Gb  stm32f2xx_i2c.o [1]
I2C_Cmd                 0x0802436d    0x1c  Code  Gb  stm32f2xx_i2c.o [1]
I2C_EE_BufferRead       0x0801a399   0x1b0  Code  Gb  i2c_ee.o [1]
I2C_EE_BufferWrite      0x0801a105   0x15c  Code  Gb  i2c_ee.o [1]
I2C_EE_Init             0x0801a0af    0x56  Code  Gb  i2c_ee.o [1]
I2C_EE_PageWrite        0x0801a261   0x138  Code  Gb  i2c_ee.o [1]
I2C_EE_WaitEepromStandbyState
                        0x0801a549    0x48  Code  Gb  i2c_ee.o [1]
I2C_Ems_Accure          0x20013bb8    0x10  Data  Gb  Memory.o [1]
I2C_GenerateSTART       0x08024389    0x1e  Code  Gb  stm32f2xx_i2c.o [1]
I2C_GenerateSTOP        0x080243a7    0x1e  Code  Gb  stm32f2xx_i2c.o [1]
I2C_GetFlagStatus       0x0802444f    0x42  Code  Gb  stm32f2xx_i2c.o [1]
I2C_Init                0x08024275    0xea  Code  Gb  stm32f2xx_i2c.o [1]
I2C_ReadRegister        0x08024403    0x18  Code  Gb  stm32f2xx_i2c.o [1]
I2C_ReceiveData         0x080243e7     0x6  Code  Gb  stm32f2xx_i2c.o [1]
I2C_Send7bitAddress     0x080243ed    0x16  Code  Gb  stm32f2xx_i2c.o [1]
I2C_SendData            0x080243e1     0x6  Code  Gb  stm32f2xx_i2c.o [1]
IDAddrPos               0x20013ce0     0x4  Data  Gb  Voice.o [1]
INPUT_DATA              0x20013c5c     0xc  Data  Gb  Ems_System.o [1]
INPUT_REVERSE_DATA      0x20013d2a     0x2  Data  Gb  Ems_System.o [1]
IOReverse_Count         0x20013d9d     0x1  Data  Gb  Display.o [1]
IWDG_ReloadCounter      0x0801f8ad     0xa  Code  Gb  stm32f2xx_iwdg.o [1]
Info                    0x20013634    0x68  Data  Gb  main.o [1]
Infomation_Process      0x08016b9d   0x384  Code  Gb  main.o [1]
Initialize              0x08016f4d    0x6c  Code  Gb  main.o [1]
InputIO_Reverse_View    0x0802182d   0x358  Code  Gb  Display.o [1]
InputIO_View            0x08021645   0x1e4  Code  Gb  Display.o [1]
Input_Index_1           0x20013dc1     0x1  Data  Gb  Key_Process.o [1]
Input_Mode              0x20013dc0     0x1  Data  Gb  Key_Process.o [1]
Input_View              0x08021b85   0x118  Code  Gb  Display.o [1]
Input_Word              0x20013b80    0x14  Data  Gb  Key_Process.o [1]
IsAP_Connect            0x080202a9    0x18  Code  Lc  PC_COM.o [1]
IsKey_DOWN              0x0801ac05    0x18  Code  Lc  Key_Process.o [1]
IsKey_ECO               0x0801abbd    0x18  Code  Lc  Key_Process.o [1]
IsKey_ESC               0x0801ac35    0x18  Code  Lc  Key_Process.o [1]
IsKey_MODE              0x0801abd5    0x18  Code  Lc  Key_Process.o [1]
IsKey_OK                0x0801ac1d    0x18  Code  Lc  Key_Process.o [1]
IsKey_UP                0x0801abed    0x18  Code  Lc  Key_Process.o [1]
IsTCP_Connect           0x080202c1    0x18  Code  Lc  PC_COM.o [1]
IsTCP_Connect           0x0801e8c5    0x18  Code  Lc  Wifi.o [1]
Is_BREAK                0x0801834b    0x1a  Code  Lc  Ems_System.o [1]
Is_FDOOR                0x080183cb    0x1a  Code  Lc  Ems_System.o [1]
Is_GEAR                 0x08018365    0x18  Code  Lc  Ems_System.o [1]
Is_KEYON                0x080183ff    0x1a  Code  Lc  Ems_System.o [1]
Is_LLIGHT               0x08018397    0x1a  Code  Lc  Ems_System.o [1]
Is_PARKING_BREAK        0x0801837d    0x1a  Code  Lc  Ems_System.o [1]
Is_RDISTANCE            0x08018419    0x1a  Code  Lc  Ems_System.o [1]
Is_RDOOR                0x080183e5    0x1a  Code  Lc  Ems_System.o [1]
Is_RLIGHT               0x080183b1    0x1a  Code  Lc  Ems_System.o [1]
KMapSend                0x200135cc    0x68  Data  Gb  Wifi.o [1]
KMapSend_Div            0x20013c8c     0xc  Data  Gb  Wifi.o [1]
KMap_Transmit_Count     0x20013ccc     0x4  Data  Gb  Serial.o [1]
KSTable                 0x08014800  0x125c  Data  Gb  GraphicLcd.o [1]
K_font                  0x08011b00  0x2d00  Data  Gb  GraphicLcd.o [1]
KeyProcess              0x0801ae71    0xc6  Code  Gb  Key_Process.o [1]
Key_Config              0x0801ad31    0x40  Code  Gb  Key_Process.o [1]
Kmap_init               0x0801e9a1   0x1ee  Code  Gb  Wifi.o [1]
LCD_WaitString          0x20013a74    0x34  Data  Gb  Display.o [1]
LED1_OFF                0x0801e3f9    0x1c  Code  Lc  Drive_Process.o [1]
LED1_OFF                0x08016299    0x1c  Code  Lc  main.o [1]
LED1_RED                0x0801e415    0x1c  Code  Lc  Drive_Process.o [1]
LED2_GREEN              0x080215d9    0x1c  Code  Lc  Display.o [1]
LED2_GREEN              0x0802ce0f    0x1c  Code  Lc  usbh_usr.o [1]
LED2_OFF                0x080215bd    0x1c  Code  Lc  Display.o [1]
LED2_OFF                0x080162b5    0x1c  Code  Lc  main.o [1]
LED2_OFF                0x0802cdf3    0x1c  Code  Lc  usbh_usr.o [1]
LIS331DLH_Read          0x0801c06d    0x4a  Code  Gb  Tilt.o [1]
LOGWRITE                0x20013cb4     0x4  Data  Gb  Log.o [1]
LPGBuffer               0x20013aa8    0x28  Data  Gb  stm32f2xx_it.o [1]
LPGFalling_Time         0x20013d96     0x2  Data  Gb  stm32f2xx_it.o [1]
LPGPWM_Check            0x08016b2f    0x60  Code  Gb  main.o [1]
LPGRising_Time          0x20013d94     0x2  Data  Gb  stm32f2xx_it.o [1]
LPG_Count               0x20013de0     0x1  Data  Gb  stm32f2xx_it.o [1]
LPG_Loop                0x20013ddf     0x1  Data  Gb  stm32f2xx_it.o [1]
LUT                     0x2000dc8c  0x1038  Data  Gb  nand_if.o [1]
Lcd_Backlight_OFF       0x0801e441    0x10  Code  Lc  Drive_Process.o [1]
Lcd_Backlight_OFF       0x08010185    0x10  Code  Lc  GraphicLcd.o [1]
Lcd_Backlight_ON        0x0801e431    0x10  Code  Lc  Drive_Process.o [1]
LfnBuf                  0x2001218c   0x200  Data  Lc  ff.o [1]
LfnOfs                  0x0802b39c    0x10  Data  Lc  ff.o [1]
Log_Config              0x0801cd9d    0x16  Code  Gb  Log.o [1]
LookUpTable             0x2000cc50  0x103c  Data  Gb  nand_if.o [1]
MEMS_Config             0x0801bd75    0x2e  Code  Gb  Tilt.o [1]
MEMS_Init               0x0801bda3    0x72  Code  Gb  Tilt.o [1]
MSCErrorCount           0x20013de5     0x1  Data  Gb  usbh_msc_core.o [1]
MSC_Machine             0x200139ac    0x4c  Data  Gb  usbh_msc_core.o [1]
MSG_DEV_ATTACHED        0x0802de70    0x18  Data  Gb  usbh_usr.o [1]
MSG_DEV_DISCONNECTED    0x0802ded0    0x18  Data  Gb  usbh_usr.o [1]
[...]
USB_OTG_EnableHostInt   0x0802767b    0x4c  Code  Gb  usb_core.o [1]
USB_OTG_FlushRxFifo     0x080274b9    0x3e  Code  Gb  usb_core.o [1]
USB_OTG_FlushTxFifo     0x08027473    0x46  Code  Gb  usb_core.o [1]
USB_OTG_GetMode         0x08027537     0xa  Code  Gb  usb_core.o [1]
USB_OTG_HC_DoPing       0x08027af5    0x44  Code  Gb  usb_core.o [1]
USB_OTG_HC_Halt         0x08027a89    0x6c  Code  Gb  usb_core.o [1]
USB_OTG_HC_Init         0x08027727   0x190  Code  Gb  usb_core.o [1]
USB_OTG_HC_StartXfer    0x080278b7   0x1d2  Code  Gb  usb_core.o [1]
USB_OTG_InitFSLSPClkSel
                        0x080276c7    0x10  Code  Gb  usb_core.o [1]
USB_OTG_IsEvenFrame     0x08027619    0x10  Code  Gb  usb_core.o [1]
USB_OTG_IsHostMode      0x08027541    0x14  Code  Gb  usb_core.o [1]
USB_OTG_ReadCoreItr     0x08027555    0x12  Code  Gb  usb_core.o [1]
USB_OTG_ReadHPRT0       0x080276d7    0x18  Code  Gb  usb_core.o [1]
USB_OTG_ReadHostAllChannels_intr
                        0x080276ef     0x6  Code  Gb  usb_core.o [1]
USB_OTG_ReadPacket      0x0802722b    0x2a  Code  Gb  usb_core.o [1]
USB_OTG_ResetPort       0x080276f5    0x32  Code  Gb  usb_core.o [1]
USB_OTG_SelectCore      0x08027255    0xd8  Code  Gb  usb_core.o [1]
USB_OTG_SetCurrentMode  0x08027501    0x36  Code  Gb  usb_core.o [1]
USB_OTG_USBH_handle_Disconnect_ISR
                        0x0802e46d    0x22  Code  Lc  usb_hcd_int.o [1]
USB_OTG_USBH_handle_IncompletePeriodicXfer_ISR
                        0x0802ee87    0x22  Code  Lc  usb_hcd_int.o [1]
USB_OTG_USBH_handle_hc_ISR
                        0x0802e409    0x56  Code  Lc  usb_hcd_int.o [1]
USB_OTG_USBH_handle_hc_n_In_ISR
                        0x0802e9f1   0x334  Code  Lc  usb_hcd_int.o [1]
USB_OTG_USBH_handle_hc_n_Out_ISR
                        0x0802e761   0x290  Code  Lc  usb_hcd_int.o [1]
USB_OTG_USBH_handle_nptxfempty_ISR
                        0x0802e48f    0xf2  Code  Lc  usb_hcd_int.o [1]
USB_OTG_USBH_handle_port_ISR
                        0x0802e673    0xee  Code  Lc  usb_hcd_int.o [1]
USB_OTG_USBH_handle_ptxfempty_ISR
                        0x0802e581    0xf2  Code  Lc  usb_hcd_int.o [1]
USB_OTG_USBH_handle_rx_qlvl_ISR
                        0x0802ed25   0x162  Code  Lc  usb_hcd_int.o [1]
USB_OTG_USBH_handle_sof_ISR
                        0x0802e45f     0xe  Code  Lc  usb_hcd_int.o [1]
USB_OTG_WritePacket     0x080271eb    0x40  Code  Gb  usb_core.o [1]
USR_cb                  0x200000e8    0x48  Data  Gb  usbh_usr.o [1]
UsageFault_Handler      0x0802f27b     0x2  Code  Gb  stm32f2xx_it.o [1]
VIEW_Header             0x20013b38    0x18  Data  Gb  Memory.o [1]
Voice_Config            0x08017bed    0x5a  Code  Gb  Voice.o [1]
Voice_Init              0x08017f41    0x48  Code  Gb  Voice.o [1]
Voice_LowSet_Volume     0x08017f89    0x28  Code  Gb  Voice.o [1]
Voice_OutAdd            0x08018041    0x1c  Code  Gb  Voice.o [1]
Voice_Play              0x08017f19    0x28  Code  Gb  Voice.o [1]
Voice_Process           0x0801805d    0x52  Code  Gb  Voice.o [1]
Voice_Set_Volume        0x08017fb1    0x90  Code  Gb  Voice.o [1]
Voice_Stack             0x20013cd0     0x4  Data  Gb  Voice.o [1]
Voice_Stack_Count       0x20013dd0     0x1  Data  Gb  Voice.o [1]
WIFI_RESET_OFF          0x0801e8eb     0xe  Code  Lc  Wifi.o [1]
WIFI_RESET_ON           0x0801e8dd     0xe  Code  Lc  Wifi.o [1]
WIFI_TestMode           0x20013dc8     0x1  Data  Gb  PC_COM.o [1]
WWDG_ClearFlag          0x0802f4c1     0x8  Code  Gb  stm32f2xx_wwdg.o [1]
WWDG_IRQHandler         0x0802f283     0xe  Code  Gb  stm32f2xx_it.o [1]
WWDG_SetCounter         0x0802f4b5     0xc  Code  Gb  stm32f2xx_wwdg.o [1]
Wait_x                  0x20013da0     0x1  Data  Gb  Display.o [1]
Wait_y                  0x20013da1     0x1  Data  Gb  Display.o [1]
Wifi_Config             0x0801e90b    0x62  Code  Gb  Wifi.o [1]
Wifi_OK                 0x20013dd1     0x1  Data  Gb  Wifi.o [1]
Wifi_Process            0x0801ef11   0x226  Code  Gb  Wifi.o [1]
Wifi_ProfileSetting     0x0801f531   0x1d0  Code  Gb  Wifi.o [1]
Wifi_Reset              0x0801e8f9    0x12  Code  Gb  Wifi.o [1]
Wifi_Result             0x20013dd3     0x1  Data  Gb  Wifi.o [1]
Wifi_Send               0x0801f161   0x11e  Code  Gb  Wifi.o [1]
Wifi_Send_Result        0x20013dd2     0x1  Data  Gb  Wifi.o [1]
Wifi_SettingString      0x20000000    0x50  Data  Gb  Wifi.o [1]
WriteMEMS               0x0801be53    0x38  Code  Gb  Tilt.o [1]
Write_Header_EMS        0x0801daed    0x86  Code  Gb  Memory.o [1]
Write_Header_Index      0x0801db73    0x28  Code  Gb  Memory.o [1]
Write_Header_Information
                        0x0801dbc3    0x38  Code  Gb  Memory.o [1]
Write_Log               0x0801cdb3    0x54  Code  Gb  Log.o [1]
Write_Transmit_Header   0x0801db9b    0x28  Code  Gb  Memory.o [1]
_EncodingSb_Mbtowc      0x080297a9    0x30  Code  Gb  xencoding_sb.o [3]
_EncodingSb_Wctomb      0x0802978d    0x1c  Code  Gb  xencoding_sb.o [3]
_GenldDefault           0x08026519   0x258  Code  Lc  xprintffull.o [3]
_IsdstStr               0x2001355c     0x4  Data  Gb  setlocale.o [3]
_LdtobDefault           0x08026101   0x3fe  Code  Lc  xprintffull.o [3]
_LitobDefault           0x08025fe3   0x11e  Code  Lc  xprintffull.o [3]
_LocaleC_isalpha        0x0802a015    0x16  Code  Gb  xlocale_c.o [3]
_LocaleC_isspace        0x0802a02b    0x14  Code  Gb  xlocale_c.o [3]
_LocaleC_tolower        0x0802a03f     0xc  Code  Gb  xlocale_c.o [3]
_LocaleEncoding         0x0802977b     0xe  Code  Gb  setlocale.o [3]
_LocaleForCat           0x08029769    0x12  Code  Gb  setlocale.o [3]
_LocaleReturnString     0x2001357c    0x50  Data  Lc  setlocale.o [3]
_Locale_Profile         0x20013560    0x1c  Data  Gb  setlocale.o [3]
_Locale_lconv           0x20000050    0x50  Data  Gb  localeconv.o [3]
_Mbtowc                 0x08027b39    0x20  Code  Gb  xmbtowc.o [3]
_Printf                 0x08025751   0x5d0  Code  Gb  xprintffull.o [3]
_Prout                  0x0802f607    0x16  Code  Gb  xprout.o [3]
_PutcharsDefault        0x08026771    0x32  Code  Lc  xprintffull.o [3]
_PutstrDefault          0x08025d21   0x2c2  Code  Lc  xprintffull.o [3]
_SProut                 0x080177b7     0xa  Code  Gb  xsprout.o [3]
_Stoflt                 0x08029a51   0x1b8  Code  Gb  xstoflt.o [3]
_Stopfx                 0x0802991d   0x134  Code  Gb  xstopfx.o [3]
_Stoxflt                0x08029de9   0x1d8  Code  Gb  xstoxflt.o [3]
_TzoneStr               0x20013558     0x4  Data  Gb  setlocale.o [3]
_Wctomb                 0x08028ef5    0x1a  Code  Gb  xwctomb.o [3]
__aeabi_cdcmpeq         0x0802a04d          Code  Gb  DblCmpEq.o [4]
__aeabi_cdcmple         0x08026f11          Code  Gb  DblCmpLe.o [4]
__aeabi_cdrcmple        0x08026f41          Code  Gb  DblCmpGe.o [4]
__aeabi_cfcmpeq         0x08024d61          Code  Gb  FltCmpEq.o [4]
__aeabi_cfcmple         0x08017765          Code  Gb  FltCmpLe.o [4]
__aeabi_cfrcmple        0x08017741          Code  Gb  FltCmpGe.o [4]
__aeabi_d2f             0x08024cd1          Code  Gb  DblToFlt.o [4]
__aeabi_d2iz            0x08017a09          Code  Gb  DblToI32.o [4]
__aeabi_d2uiz           0x08017a35          Code  Gb  DblToI32.o [4]
__aeabi_dadd            0x08029681          Code  Gb  DblAdd.o [4]
__aeabi_ddiv            0x080177c1          Code  Gb  DblDiv.o [4]
__aeabi_dmul            0x08024b2d          Code  Gb  DblMul.o [4]
__aeabi_dsub            0x0802919d          Code  Gb  DblSub.o [4]
__aeabi_errno_addr      0x08029911     0x6  Code  Gb  errno.o [3]
__aeabi_f2d             0x08024a51          Code  Gb  FltToDbl.o [4]
__aeabi_f2iz            0x08024995          Code  Gb  FltToS32.o [4]
__aeabi_f2uiz           0x08017b45          Code  Gb  FltToU32.o [4]
__aeabi_fadd            0x08017b69          Code  Gb  FltAdd.o [4]
__aeabi_fdiv            0x08017645          Code  Gb  FltDiv.o [4]
__aeabi_fmul            0x08017a6d          Code  Gb  FltMul.o [4]
__aeabi_fsub            0x0802415d          Code  Gb  FltSub.o [4]
__aeabi_i2d             0x08017789          Code  Gb  I32ToDbl.o [4]
__aeabi_i2f             0x08017615          Code  Gb  I32ToFlt.o [4]
__aeabi_ldiv0           0x080298d1          Code  Gb  I64DivZer.o [5]
__aeabi_ldivmod         0x08028f11          Code  Gb  I64DivMod.o [5]
__aeabi_memcpy          0x080240ed          Code  Gb  ABImemcpy.o [5]
__aeabi_memcpy4         0x08024107          Code  Gb  ABImemcpy.o [5]
__aeabi_memcpy8         0x08024107          Code  Gb  ABImemcpy.o [5]
__aeabi_memset          0x08024085          Code  Gb  ABImemset.o [5]
__aeabi_ui2d            0x0801779d          Code  Gb  I32ToDbl.o [4]
__aeabi_ui2f            0x08017629          Code  Gb  I32ToFlt.o [4]
__aeabi_uldivmod        0x08028f25          Code  Gb  I64DivMod.o [5]
__cexit_clearlocks      0x0802f5fb          Code  Gb  cexit.o [5]
__cmain                 0x0802f5d5          Code  Gb  cmain.o [5]
__cstart_clearlocks     0x0802f7ad          Code  Gb  cstart_clearlocks.o [5]
__data_GetMemChunk      0x080297f5    0x28  Code  Gb  xgetmemchunk.o [3]
__exit                  0x08029ff5    0x14  Code  Gb  exit.o [6]
__iar_Atan              0x08026f71   0x15e  Code  Gb  xatan.o [4]
__iar_Dnorm             0x08029041    0x44  Code  Gb  xdnorm.o [4]
__iar_Dscale            0x08029085   0x118  Code  Gb  xdscale.o [4]
__iar_Dtentox           0x08029c5b   0x130  Code  Gb  xdtento.o [4]
__iar_Dtest             0x08026ed7    0x38  Code  Gb  xdtest.o [4]
__iar_Errno             0x20013d18     0x4  Data  Gb  errno.o [3]
__iar_Locale_lconv_init
                        0x0802931d    0x3a  Code  Gb  localeconv.o [3]
__iar_Locksyslock       0x0802985f    0x56  Code  Gb  xsyslock.o [3]
__iar_Mbcurmax          0x08027bff     0xa  Code  Gb  xmbcurmax.o [3]
__iar_Memchr            0x08027b71          Code  Gb  memchr.o [5]
__iar_Memset            0x08024085          Code  Gb  ABImemset.o [5]
__iar_Memset_word       0x0802408d          Code  Gb  ABImemset.o [5]
__iar_Stdout            0x20000130    0x40  Data  Gb  xfiles.o [3]
__iar_Stod              0x0802967d     0x4  Code  Gb  xstod.o [4]
__iar_Stodx             0x0802953d   0x134  Code  Gb  xstod.o [4]
__iar_Stoul             0x080294e9     0x4  Code  Gb  xstoul.o [3]
__iar_Stoulx            0x080293c9   0x120  Code  Gb  xstoul.o [3]
__iar_Strchr            0x08027b59          Code  Gb  strchr.o [5]
__iar_Strstr            0x08029397    0x30  Code  Gb  strstr.o [3]
__iar_Unlocksyslock     0x080298b5    0x16  Code  Gb  xsyslock.o [3]
__iar_clearlocks        0x0802981d    0x42  Code  Gb  xsyslock.o [3]
__iar_d2uiz             0x08017a3f          Code  Gb  DblToI32.o [4]
__iar_dadd              0x08029693          Code  Gb  DblAdd.o [4]
__iar_data_init3        0x0802f57d    0x2c  Code  Gb  data_init3.o [5]
__iar_dlfree            0x08028a6f   0x47e  Code  Gb  dlmalloc.o [3]
__iar_dlib_perthread_access
                        0x080298d3     0x2  Code  Gb  xtls.o [3]
__iar_dlmalloc          0x0802881f   0x250  Code  Gb  dlmalloc.o [3]
__iar_dsub              0x080291af          Code  Gb  DblSub.o [4]
__iar_dsubStart         0x080291c1          Code  Gb  DblSub.o [4]
__iar_fadd              0x08017b77          Code  Gb  FltAdd.o [4]
__iar_file_Mtxdst       0x0802a00b     0x2  Code  Gb  xmtx2.o [3]
__iar_file_Mtxinit      0x0802a009     0x2  Code  Gb  xmtx2.o [3]
__iar_fsub              0x0802416b          Code  Gb  FltSub.o [4]
__iar_fsubStart         0x08024179          Code  Gb  FltSub.o [4]
__iar_packbits_init3    0x0802f4d5    0xa8  Code  Gb  packbits_init3.o [5]
__iar_program_start     0x0802f639          Code  Gb  cstartup_M.o [5]
__iar_system_Mtxdst     0x0802a00f     0x2  Code  Gb  xmtx.o [3]
__iar_system_Mtxinit    0x0802a00d     0x2  Code  Gb  xmtx.o [3]
__iar_system_Mtxlock    0x0802a011     0x2  Code  Gb  xmtx.o [3]
__iar_system_Mtxunlock  0x0802a013     0x2  Code  Gb  xmtx.o [3]
__iar_ui2d              0x0801779f          Code  Gb  I32ToDbl.o [4]
__iar_ui2f              0x0801762b          Code  Gb  I32ToFlt.o [4]
__iar_zero_init3        0x08015d53    0x22  Code  Gb  zero_init3.o [5]
__low_level_init        0x0802f5eb     0x4  Code  Gb  low_level_init.o [3]
__vector_table          0x08010000          Data  Gb  startup_stm32f2xx.o [1]
_call_main              0x0802f5e1          Code  Gb  cmain.o [5]
_exit                   0x0802f5f9          Code  Gb  cexit.o [5]
_gm_                    0x20012b74   0x1d4  Data  Lc  dlmalloc.o [3]
_main                   0x0802f5e7          Code  Gb  cmain.o [5]
a                       0x08027128    0x40  Data  Lc  xatan.o [4]
abort                   0x080297e9     0xa  Code  Gb  abort.o [3]
abs                     0x08024d7d     0x8  Code  Gb  abs.o [3]
add_segment             0x08027f7f   0x1f2  Code  Lc  dlmalloc.o [3]
atan                    0x08024aa1    0x8c  Code  Gb  atan.o [4]
atof                    0x08026ecf     0x8  Code  Gb  atof.o [4]
atoi                    0x08026e65     0x8  Code  Gb  atoi.o [3]
bul_cho1                0x08011ab8    0x18  Data  Gb  GraphicLcd.o [1]
bul_cho2                0x08011ad0    0x18  Data  Gb  GraphicLcd.o [1]
bul_jong                0x08011ae8    0x18  Data  Gb  GraphicLcd.o [1]
check_fs                0x0802ae45    0x78  Code  Lc  ff.o [1]
chk_chr                 0x0802a0b1    0x14  Code  Lc  ff.o [1]
chk_mounted             0x0802aebd   0x2cc  Code  Gb  ff.o [1]
clust2sect              0x0802a547    0x18  Code  Gb  ff.o [1]
cmp_lfn                 0x0802a743    0x96  Code  Lc  ff.o [1]
create_chain            0x0802a499    0xae  Code  Lc  ff.o [1]
create_name             0x0802ab89   0x228  Code  Lc  ff.o [1]
digits                  0x080294ec    0x28  Data  Lc  xstoul.o [3]
dir_find                0x0802a8e9    0xe6  Code  Lc  ff.o [1]
dir_next                0x0802a60f   0x134  Code  Lc  ff.o [1]
dir_register            0x0802a9cf   0x1ba  Code  Lc  ff.o [1]
dir_seek                0x0802a55f    0xb0  Code  Lc  ff.o [1]
disk_initialize         0x0802bd0d    0x1e  Code  Gb  usbh_msc_fatfs.o [1]
disk_ioctl              0x0802bdf7    0x50  Code  Gb  usbh_msc_fatfs.o [1]
disk_read               0x0802bd3b    0x58  Code  Gb  usbh_msc_fatfs.o [1]
disk_status             0x0802bd2b    0x10  Code  Gb  usbh_msc_fatfs.o [1]
disk_write              0x0802bd93    0x64  Code  Gb  usbh_msc_fatfs.o [1]
div                     0x08029389     0xe  Code  Gb  div.o [3]
dmul                    0x08029c09    0x52  Code  Lc  xdtento.o [4]
exit                    0x0802f5ef     0x8  Code  Gb  exit.o [3]
f_close                 0x0802b88d    0x18  Code  Gb  ff.o [1]
f_lseek                 0x0802b8a5   0x1cc  Code  Gb  ff.o [1]
f_mkdir                 0x0802bb1d   0x1ea  Code  Gb  ff.o [1]
f_mount                 0x0802b1b3    0x32  Code  Gb  ff.o [1]
f_open                  0x0802b1e5   0x1ac  Code  Gb  ff.o [1]
f_read                  0x0802b3ad   0x1f8  Code  Gb  ff.o [1]
f_sync                  0x0802b7d5    0xb8  Code  Gb  ff.o [1]
f_write                 0x0802b5a5   0x230  Code  Gb  ff.o [1]
fatfs                   0x20011d38   0x230  Data  Gb  usbh_usr.o [1]
ff_convert              0x0802be59    0x56  Code  Gb  ccsbcs.o [1]
ff_wtoupper             0x0802beaf    0x3a  Code  Gb  ccsbcs.o [1]
file                    0x20011f68   0x224  Data  Gb  usbh_usr.o [1]
file_mtx                0x20013a40    0x20  Data  Lc  xsyslock.o [3]
fit_lfn                 0x0802a7d9    0x74  Code  Lc  ff.o [1]
follow_path             0x0802adb1    0x94  Code  Lc  ff.o [1]
fputc                   0x080172ef    0x20  Code  Gb  main.o [1]
gen_numname             0x0802a84d    0x7e  Code  Gb  ff.o [1]
get_fat                 0x0802a20f    0xfa  Code  Gb  ff.o [1]
get_fattime             0x0802c3a9     0x4  Code  Gb  fattime.o [1]
init_mparams            0x08027c09    0x34  Code  Lc  dlmalloc.o [3]
init_top                0x08027c3d    0x3c  Code  Lc  dlmalloc.o [3]
isInsideArea            0x0801f8bd    0x48  Code  Gb  GPSLIB.o [1]
isalpha                 0x080298d5    0x14  Code  Gb  isxxx.o [3]
isspace                 0x080298e9    0x14  Code  Gb  isxxx.o [3]
localeconv              0x08029357    0x16  Code  Gb  localeconv.o [3]
m_sec                   0x20013d80     0x2  Data  Gb  main.o [1]
main                    0x08016fd5   0x31a  Code  Gb  main.o [1]
mem_cmp                 0x0802a091    0x20  Code  Lc  ff.o [1]
mem_cpy                 0x0802a06d    0x14  Code  Lc  ff.o [1]
mem_set                 0x0802a081    0x10  Code  Lc  ff.o [1]
memchr                  0x08027b71          Code  Gb  memchr.o [5]
memcmp                  0x08026e6d          Code  Gb  memcmp.o [5]
memcpy                  0x08017a5f     0xe  Code  Gb  usbh_usr.o [1]
memset                  0x0801744d    0x14  Code  Gb  usbh_usr.o [1]
move_window             0x0802a0c5    0x74  Code  Lc  ff.o [1]
mparams                 0x20013b68    0x18  Data  Lc  dlmalloc.o [3]
mtx                     0x20013a60    0x14  Data  Lc  xsyslock.o [3]
ndigs                   0x08029514    0x28  Data  Lc  xstoul.o [3]
obuf                    0x20013910    0x50  Data  Lc  xfiles.o [3]
pows                    0x08029da0    0x48  Data  Lc  xdtento.o [4]
prepend_alloc           0x08027c79   0x306  Code  Lc  dlmalloc.o [3]
printf                  0x0801cd79    0x24  Code  Gb  printf.o [3]
put_fat                 0x0802a309   0x126  Code  Gb  ff.o [1]
putchar                 0x0802f61d     0xc  Code  Gb  putchar.o [3]
puts_data               0x0801b44d    0x36  Code  Gb  Serial.o [1]
puts_string             0x0801b483    0x30  Code  Gb  Serial.o [1]
remove_chain            0x0802a42f    0x6a  Code  Lc  ff.o [1]
sFLASH_EraseSector      0x0801b8df    0x44  Code  Gb  spi_flash.o [1]
sFLASH_Init             0x0801b879    0x66  Code  Gb  spi_flash.o [1]
sFLASH_LowLevel_Init    0x0801bc0d    0x9e  Code  Gb  spi_flash.o [1]
sFLASH_ReadBuffer       0x0801bad3    0x52  Code  Gb  spi_flash.o [1]
sFLASH_ReadID           0x0801bb25    0x4a  Code  Gb  spi_flash.o [1]
sFLASH_SendByte         0x0801bb6f    0x32  Code  Gb  spi_flash.o [1]
sFLASH_WaitForWriteEnd  0x0801bbdf    0x2e  Code  Gb  spi_flash.o [1]
sFLASH_WriteBuffer      0x0801b97f   0x154  Code  Gb  spi_flash.o [1]
sFLASH_WriteEnable      0x0801bba1    0x3e  Code  Gb  spi_flash.o [1]
sFLASH_WritePage        0x0801b923    0x5c  Code  Gb  spi_flash.o [1]
sprintf                 0x08024241    0x34  Code  Gb  sprintf.o [3]
strchr                  0x08027b59          Code  Gb  strchr.o [5]
strcpy                  0x080267c9          Code  Gb  strcpy.o [5]
strlen                  0x08027bc9          Code  Gb  strlen.o [5]
strstr                  0x08026e5d     0x8  Code  Gb  Wifi.o [1]
sum_sfn                 0x0802a8cb    0x1e  Code  Lc  ff.o [1]
sync                    0x0802a139    0xd6  Code  Lc  ff.o [1]
sys_alloc               0x08028171   0x140  Code  Lc  dlmalloc.o [3]
syslock_o               0x20013a3c     0x4  Data  Lc  xsyslock.o [3]
table_cho               0x08011a60    0x18  Data  Gb  GraphicLcd.o [1]
table_jong              0x08011a98    0x20  Data  Gb  GraphicLcd.o [1]
table_joong             0x08011a78    0x20  Data  Gb  GraphicLcd.o [1]
tmalloc_large           0x080282c1   0x374  Code  Lc  dlmalloc.o [3]
tmalloc_small           0x08028635   0x1e4  Code  Lc  dlmalloc.o [3]
tolower                 0x080298fd    0x14  Code  Gb  tolower.o [3]
validate                0x0802b189    0x2a  Code  Lc  ff.o [1]


[1] = E:\Work\Firmware\DTG\WIFI_RELAY_TEST\Project\EWARM\STM3220F_EVAL\Obj
[2] = command line
[3] = dl7M_tlf.a
[4] = m7M_tl.a
[5] = rt7M_tl.a
[6] = shb_l.a

  128 896 bytes of readonly  code memory
      475 bytes of readonly  data memory
   89 575 bytes of readwrite data memory

Errors: none
Warnings: none
